[    3545ms] [INFO] Loading the script 'https://i5.walmartimages.cl/dfw/63fd9f59-1938/608cf2d1-e820-4320-827d-01c4391c8857/v2/es-CL/_next/static/chunks/global-nav_medallia-script.20572c9cb3d2aac6.js' violates the following Content Security Policy directive: "script-src 7299633.collect.igodigital.com ajax.cloudflare.com *.bazaarvoice.com bs.serving-sys.com cdn.evgnet.com/beacon/liderdomicilio/pruebas/scripts/evergage.min.js connect.facebook.net deploy.mopinion.com googleads.g.doubleclick.net *.lider.cl media.richrelevance.com recs.richrelevance.com s3.amazonaws.com/mapcity-assets/leaflet-0.7.3/leaflet.js secure-ds.serving-sys.com services.mapcity.com static.cloudflareinsights.com www.google-analytics.com www.google.com www.googletagmanager.com *.googleapis.com static.hotjar.com script.hotjar.com https://cdn.jsdelivr.net/npm/slick-carousel@1.8.1/slick/slick.min.js *.googleadservices.com *.gstatic.com cdn-widgets.chattigo.com media.flixfacts.com media.flixcar.com 'self' 'unsafe-inline' 'unsafe-eval'". Note that 'script-src-elem' was not explicitly set, so 'script-src' is used as a fallback. The policy is report-only, so the violation has been logged but no further action has been taken. @ https://i5.walmartimages.cl/dfw/63fd9f59-1938/608cf2d1-e820-4320-827d-01c4391c8857/v2/es-CL/_next/static/chunks/webpack-b8f69d670cf37dde.js:0
[    5293ms] [INFO] Creating a worker from 'blob:https://www.lider.cl/a1c92e79-9642-49aa-9f07-d11dade90282' violates the following Content Security Policy directive: "script-src 7299633.collect.igodigital.com ajax.cloudflare.com *.bazaarvoice.com bs.serving-sys.com cdn.evgnet.com/beacon/liderdomicilio/pruebas/scripts/evergage.min.js connect.facebook.net deploy.mopinion.com googleads.g.doubleclick.net *.lider.cl media.richrelevance.com recs.richrelevance.com s3.amazonaws.com/mapcity-assets/leaflet-0.7.3/leaflet.js secure-ds.serving-sys.com services.mapcity.com static.cloudflareinsights.com www.google-analytics.com www.google.com www.googletagmanager.com *.googleapis.com static.hotjar.com script.hotjar.com https://cdn.jsdelivr.net/npm/slick-carousel@1.8.1/slick/slick.min.js *.googleadservices.com *.gstatic.com cdn-widgets.chattigo.com media.flixfacts.com media.flixcar.com 'self' 'unsafe-inline' 'unsafe-eval'". Note that 'worker-src' was not explicitly set, so 'script-src' is used as a fallback. The policy is report-only, so the violation has been logged but no further action has been taken. @ https://www.lider.cl/px/PXwySh5eKD/captcha/captcha.js?a=c&m=0&u=8b551210-57a3-11f1-9983-6560a7d81a73&v=8bd9142e-57a3-11f1-b939-b460a61e99db&g=b:1
[    5300ms] [INFO] Creating a worker from 'blob:https://www.lider.cl/616b2900-99f8-448d-b0f9-3ee4af65f22f' violates the following Content Security Policy directive: "script-src 7299633.collect.igodigital.com ajax.cloudflare.com *.bazaarvoice.com bs.serving-sys.com cdn.evgnet.com/beacon/liderdomicilio/pruebas/scripts/evergage.min.js connect.facebook.net deploy.mopinion.com googleads.g.doubleclick.net *.lider.cl media.richrelevance.com recs.richrelevance.com s3.amazonaws.com/mapcity-assets/leaflet-0.7.3/leaflet.js secure-ds.serving-sys.com services.mapcity.com static.cloudflareinsights.com www.google-analytics.com www.google.com www.googletagmanager.com *.googleapis.com static.hotjar.com script.hotjar.com https://cdn.jsdelivr.net/npm/slick-carousel@1.8.1/slick/slick.min.js *.googleadservices.com *.gstatic.com cdn-widgets.chattigo.com media.flixfacts.com media.flixcar.com 'self' 'unsafe-inline' 'unsafe-eval'". Note that 'worker-src' was not explicitly set, so 'script-src' is used as a fallback. The policy is report-only, so the violation has been logged but no further action has been taken. @ https://www.lider.cl/px/PXwySh5eKD/captcha/captcha.js?a=c&m=0&u=8b551210-57a3-11f1-9983-6560a7d81a73&v=8bd9142e-57a3-11f1-b939-b460a61e99db&g=b:1
[    5301ms] [INFO] Creating a worker from 'blob:https://www.lider.cl/0f24ef59-74fb-4b85-9293-4c8f892c4d4c' violates the following Content Security Policy directive: "script-src 7299633.collect.igodigital.com ajax.cloudflare.com *.bazaarvoice.com bs.serving-sys.com cdn.evgnet.com/beacon/liderdomicilio/pruebas/scripts/evergage.min.js connect.facebook.net deploy.mopinion.com googleads.g.doubleclick.net *.lider.cl media.richrelevance.com recs.richrelevance.com s3.amazonaws.com/mapcity-assets/leaflet-0.7.3/leaflet.js secure-ds.serving-sys.com services.mapcity.com static.cloudflareinsights.com www.google-analytics.com www.google.com www.googletagmanager.com *.googleapis.com static.hotjar.com script.hotjar.com https://cdn.jsdelivr.net/npm/slick-carousel@1.8.1/slick/slick.min.js *.googleadservices.com *.gstatic.com cdn-widgets.chattigo.com media.flixfacts.com media.flixcar.com 'self' 'unsafe-inline' 'unsafe-eval'". Note that 'worker-src' was not explicitly set, so 'script-src' is used as a fallback. The policy is report-only, so the violation has been logged but no further action has been taken. @ https://www.lider.cl/px/PXwySh5eKD/captcha/captcha.js?a=c&m=0&u=8b551210-57a3-11f1-9983-6560a7d81a73&v=8bd9142e-57a3-11f1-b939-b460a61e99db&g=b:1
[    5302ms] [INFO] Creating a worker from 'blob:https://www.lider.cl/fa353d7e-a56f-427f-990f-36016c1876a3' violates the following Content Security Policy directive: "script-src 7299633.collect.igodigital.com ajax.cloudflare.com *.bazaarvoice.com bs.serving-sys.com cdn.evgnet.com/beacon/liderdomicilio/pruebas/scripts/evergage.min.js connect.facebook.net deploy.mopinion.com googleads.g.doubleclick.net *.lider.cl media.richrelevance.com recs.richrelevance.com s3.amazonaws.com/mapcity-assets/leaflet-0.7.3/leaflet.js secure-ds.serving-sys.com services.mapcity.com static.cloudflareinsights.com www.google-analytics.com www.google.com www.googletagmanager.com *.googleapis.com static.hotjar.com script.hotjar.com https://cdn.jsdelivr.net/npm/slick-carousel@1.8.1/slick/slick.min.js *.googleadservices.com *.gstatic.com cdn-widgets.chattigo.com media.flixfacts.com media.flixcar.com 'self' 'unsafe-inline' 'unsafe-eval'". Note that 'worker-src' was not explicitly set, so 'script-src' is used as a fallback. The policy is report-only, so the violation has been logged but no further action has been taken. @ https://www.lider.cl/px/PXwySh5eKD/captcha/captcha.js?a=c&m=0&u=8b551210-57a3-11f1-9983-6560a7d81a73&v=8bd9142e-57a3-11f1-b939-b460a61e99db&g=b:1
[    5304ms] [INFO] Creating a worker from 'blob:https://www.lider.cl/e699431f-1bfc-419b-a388-507eb80c30c0' violates the following Content Security Policy directive: "script-src 7299633.collect.igodigital.com ajax.cloudflare.com *.bazaarvoice.com bs.serving-sys.com cdn.evgnet.com/beacon/liderdomicilio/pruebas/scripts/evergage.min.js connect.facebook.net deploy.mopinion.com googleads.g.doubleclick.net *.lider.cl media.richrelevance.com recs.richrelevance.com s3.amazonaws.com/mapcity-assets/leaflet-0.7.3/leaflet.js secure-ds.serving-sys.com services.mapcity.com static.cloudflareinsights.com www.google-analytics.com www.google.com www.googletagmanager.com *.googleapis.com static.hotjar.com script.hotjar.com https://cdn.jsdelivr.net/npm/slick-carousel@1.8.1/slick/slick.min.js *.googleadservices.com *.gstatic.com cdn-widgets.chattigo.com media.flixfacts.com media.flixcar.com 'self' 'unsafe-inline' 'unsafe-eval'". Note that 'worker-src' was not explicitly set, so 'script-src' is used as a fallback. The policy is report-only, so the violation has been logged but no further action has been taken. @ https://www.lider.cl/px/PXwySh5eKD/captcha/captcha.js?a=c&m=0&u=8b551210-57a3-11f1-9983-6560a7d81a73&v=8bd9142e-57a3-11f1-b939-b460a61e99db&g=b:1
[    5380ms] [ERROR] Loading the stylesheet 'https://fonts.googleapis.com/css2?family=Roboto:ital,wght@0,100;0,300;0,400;0,500;0,700;0,900;1,100;1,300;1,400;1,500;1,700;1,900&display=swap' violates the following Content Security Policy directive: "style-src 'self' 'unsafe-inline' *.kampyle.co *.lider.cl *.stylitics.com *.wal.co *.walmartimages.cl *.walmartimages.com https://www-qa.walmart.com.mx rl.quantummetric.com walmart.sspinc.io". Note that 'style-src-elem' was not explicitly set, so 'style-src' is used as a fallback. The action has been blocked. @ https://www.lider.cl/px/PXwySh5eKD/captcha/captcha.js?a=c&m=0&u=8b551210-57a3-11f1-9983-6560a7d81a73&v=8bd9142e-57a3-11f1-b939-b460a61e99db&g=b:1
[    5517ms] [ERROR] Executing inline script violates the following Content Security Policy directive 'script-src 'self' 'strict-dynamic' 'unsafe-eval' *.creativecdn.com *.criteo.com *.developer.walmart.com *.digital-cloud-west.medallia.com *.digital-cloud.medallia.com *.doubleclick.net *.google-analytics.com *.google.com.mx *.googleadservices.com *.googletagmanager.com *.kampyle.co *.kampyle.com *.lider.cl *.px-cdn.net *.px-cloud.net *.quantummetric.com *.wal.co *.walmartimages.cl beacon.gm.lider.cl beacon.gr.lider.cl beacon.super.lider.cl beacon.www.lider.cl connect.facebook.net drfdisvc.walmart.com googleads.g.doubleclick.net i5.walmartimages.com www.recaptcha.net 'nonce-iW4PgGbRwyJAklSy''. Either the 'unsafe-inline' keyword, a hash ('sha256-FfcicddyNp2nG/fhRGPUbM1AVyA9UBO+UzxpsRlS0gc='), or a nonce ('nonce-...') is required to enable inline execution. The action has been blocked. @ https://super.lider.cl/?query=pollo+marinado+trutro:1
[    5518ms] [ERROR] Loading the script 'https://super.lider.cl/akam/13/1e010ae8' violates the following Content Security Policy directive: "script-src 'self' 'strict-dynamic' 'unsafe-eval' *.creativecdn.com *.criteo.com *.developer.walmart.com *.digital-cloud-west.medallia.com *.digital-cloud.medallia.com *.doubleclick.net *.google-analytics.com *.google.com.mx *.googleadservices.com *.googletagmanager.com *.kampyle.co *.kampyle.com *.lider.cl *.px-cdn.net *.px-cloud.net *.quantummetric.com *.wal.co *.walmartimages.cl beacon.gm.lider.cl beacon.gr.lider.cl beacon.super.lider.cl beacon.www.lider.cl connect.facebook.net drfdisvc.walmart.com googleads.g.doubleclick.net i5.walmartimages.com www.recaptcha.net 'nonce-iW4PgGbRwyJAklSy'". Note that 'strict-dynamic' is present, so host-based allowlisting is disabled. Note that 'script-src-elem' was not explicitly set, so 'script-src' is used as a fallback. The action has been blocked. @ https://super.lider.cl/?query=pollo+marinado+trutro:0
[    8185ms] Uncaught Error: Minified React error #425; visit https://reactjs.org/docs/error-decoder.html?invariant=425 for the full message or use the non-minified dev environment for full errors and additional helpful warnings.
    at rm (https://i5.walmartimages.cl/dfw/63fd9f59-f3dd/cd15b695-8477-4972-b98b-3d198c6e1e5b/v2/es-CL/_next/static/chunks/framework-4ee3d8ce59863f3e.js:0:109103)
    at <anonymous> (https://i5.walmartimages.cl/dfw/63fd9f59-f3dd/cd15b695-8477-4972-b98b-3d198c6e1e5b/v2/es-CL/_next/static/chunks/framework-4ee3d8ce59863f3e.js:0:172375)
    at uO (https://i5.walmartimages.cl/dfw/63fd9f59-f3dd/cd15b695-8477-4972-b98b-3d198c6e1e5b/v2/es-CL/_next/static/chunks/framework-4ee3d8ce59863f3e.js:0:175125)
    at uD (https://i5.walmartimages.cl/dfw/63fd9f59-f3dd/cd15b695-8477-4972-b98b-3d198c6e1e5b/v2/es-CL/_next/static/chunks/framework-4ee3d8ce59863f3e.js:0:168073)
    at <anonymous> (https://i5.walmartimages.cl/dfw/63fd9f59-f3dd/cd15b695-8477-4972-b98b-3d198c6e1e5b/v2/es-CL/_next/static/chunks/framework-4ee3d8ce59863f3e.js:0:167880)
    at uI (https://i5.walmartimages.cl/dfw/63fd9f59-f3dd/cd15b695-8477-4972-b98b-3d198c6e1e5b/v2/es-CL/_next/static/chunks/framework-4ee3d8ce59863f3e.js:0:167887)
    at ux (https://i5.walmartimages.cl/dfw/63fd9f59-f3dd/cd15b695-8477-4972-b98b-3d198c6e1e5b/v2/es-CL/_next/static/chunks/framework-4ee3d8ce59863f3e.js:0:162926)
    at x (https://i5.walmartimages.cl/dfw/63fd9f59-f3dd/cd15b695-8477-4972-b98b-3d198c6e1e5b/v2/es-CL/_next/static/chunks/framework-4ee3d8ce59863f3e.js:0:206724)
    at R (https://i5.walmartimages.cl/dfw/63fd9f59-f3dd/cd15b695-8477-4972-b98b-3d198c6e1e5b/v2/es-CL/_next/static/chunks/framework-4ee3d8ce59863f3e.js:0:207254)
[    8188ms] Uncaught Error: Minified React error #418; visit https://reactjs.org/docs/error-decoder.html?invariant=418 for the full message or use the non-minified dev environment for full errors and additional helpful warnings.
    at ag (https://i5.walmartimages.cl/dfw/63fd9f59-f3dd/cd15b695-8477-4972-b98b-3d198c6e1e5b/v2/es-CL/_next/static/chunks/framework-4ee3d8ce59863f3e.js:0:115399)
    at i (https://i5.walmartimages.cl/dfw/63fd9f59-f3dd/cd15b695-8477-4972-b98b-3d198c6e1e5b/v2/es-CL/_next/static/chunks/framework-4ee3d8ce59863f3e.js:0:190223)
    at uD (https://i5.walmartimages.cl/dfw/63fd9f59-f3dd/cd15b695-8477-4972-b98b-3d198c6e1e5b/v2/es-CL/_next/static/chunks/framework-4ee3d8ce59863f3e.js:0:168013)
    at <anonymous> (https://i5.walmartimages.cl/dfw/63fd9f59-f3dd/cd15b695-8477-4972-b98b-3d198c6e1e5b/v2/es-CL/_next/static/chunks/framework-4ee3d8ce59863f3e.js:0:167880)
    at uI (https://i5.walmartimages.cl/dfw/63fd9f59-f3dd/cd15b695-8477-4972-b98b-3d198c6e1e5b/v2/es-CL/_next/static/chunks/framework-4ee3d8ce59863f3e.js:0:167887)
    at ux (https://i5.walmartimages.cl/dfw/63fd9f59-f3dd/cd15b695-8477-4972-b98b-3d198c6e1e5b/v2/es-CL/_next/static/chunks/framework-4ee3d8ce59863f3e.js:0:162926)
    at x (https://i5.walmartimages.cl/dfw/63fd9f59-f3dd/cd15b695-8477-4972-b98b-3d198c6e1e5b/v2/es-CL/_next/static/chunks/framework-4ee3d8ce59863f3e.js:0:206724)
    at R (https://i5.walmartimages.cl/dfw/63fd9f59-f3dd/cd15b695-8477-4972-b98b-3d198c6e1e5b/v2/es-CL/_next/static/chunks/framework-4ee3d8ce59863f3e.js:0:207254)
[    8189ms] Uncaught Error: Minified React error #418; visit https://reactjs.org/docs/error-decoder.html?invariant=418 for the full message or use the non-minified dev environment for full errors and additional helpful warnings.
    at ag (https://i5.walmartimages.cl/dfw/63fd9f59-f3dd/cd15b695-8477-4972-b98b-3d198c6e1e5b/v2/es-CL/_next/static/chunks/framework-4ee3d8ce59863f3e.js:0:115399)
    at i (https://i5.walmartimages.cl/dfw/63fd9f59-f3dd/cd15b695-8477-4972-b98b-3d198c6e1e5b/v2/es-CL/_next/static/chunks/framework-4ee3d8ce59863f3e.js:0:190223)
    at uD (https://i5.walmartimages.cl/dfw/63fd9f59-f3dd/cd15b695-8477-4972-b98b-3d198c6e1e5b/v2/es-CL/_next/static/chunks/framework-4ee3d8ce59863f3e.js:0:168013)
    at <anonymous> (https://i5.walmartimages.cl/dfw/63fd9f59-f3dd/cd15b695-8477-4972-b98b-3d198c6e1e5b/v2/es-CL/_next/static/chunks/framework-4ee3d8ce59863f3e.js:0:167880)
    at uI (https://i5.walmartimages.cl/dfw/63fd9f59-f3dd/cd15b695-8477-4972-b98b-3d198c6e1e5b/v2/es-CL/_next/static/chunks/framework-4ee3d8ce59863f3e.js:0:167887)
    at ux (https://i5.walmartimages.cl/dfw/63fd9f59-f3dd/cd15b695-8477-4972-b98b-3d198c6e1e5b/v2/es-CL/_next/static/chunks/framework-4ee3d8ce59863f3e.js:0:162926)
    at x (https://i5.walmartimages.cl/dfw/63fd9f59-f3dd/cd15b695-8477-4972-b98b-3d198c6e1e5b/v2/es-CL/_next/static/chunks/framework-4ee3d8ce59863f3e.js:0:206724)
    at R (https://i5.walmartimages.cl/dfw/63fd9f59-f3dd/cd15b695-8477-4972-b98b-3d198c6e1e5b/v2/es-CL/_next/static/chunks/framework-4ee3d8ce59863f3e.js:0:207254)
[    8189ms] Uncaught Error: Minified React error #418; visit https://reactjs.org/docs/error-decoder.html?invariant=418 for the full message or use the non-minified dev environment for full errors and additional helpful warnings.
    at ag (https://i5.walmartimages.cl/dfw/63fd9f59-f3dd/cd15b695-8477-4972-b98b-3d198c6e1e5b/v2/es-CL/_next/static/chunks/framework-4ee3d8ce59863f3e.js:0:115399)
    at i (https://i5.walmartimages.cl/dfw/63fd9f59-f3dd/cd15b695-8477-4972-b98b-3d198c6e1e5b/v2/es-CL/_next/static/chunks/framework-4ee3d8ce59863f3e.js:0:190046)
    at uD (https://i5.walmartimages.cl/dfw/63fd9f59-f3dd/cd15b695-8477-4972-b98b-3d198c6e1e5b/v2/es-CL/_next/static/chunks/framework-4ee3d8ce59863f3e.js:0:168013)
    at <anonymous> (https://i5.walmartimages.cl/dfw/63fd9f59-f3dd/cd15b695-8477-4972-b98b-3d198c6e1e5b/v2/es-CL/_next/static/chunks/framework-4ee3d8ce59863f3e.js:0:167880)
    at uI (https://i5.walmartimages.cl/dfw/63fd9f59-f3dd/cd15b695-8477-4972-b98b-3d198c6e1e5b/v2/es-CL/_next/static/chunks/framework-4ee3d8ce59863f3e.js:0:167887)
    at ux (https://i5.walmartimages.cl/dfw/63fd9f59-f3dd/cd15b695-8477-4972-b98b-3d198c6e1e5b/v2/es-CL/_next/static/chunks/framework-4ee3d8ce59863f3e.js:0:162926)
    at x (https://i5.walmartimages.cl/dfw/63fd9f59-f3dd/cd15b695-8477-4972-b98b-3d198c6e1e5b/v2/es-CL/_next/static/chunks/framework-4ee3d8ce59863f3e.js:0:206724)
    at R (https://i5.walmartimages.cl/dfw/63fd9f59-f3dd/cd15b695-8477-4972-b98b-3d198c6e1e5b/v2/es-CL/_next/static/chunks/framework-4ee3d8ce59863f3e.js:0:207254)
[    8189ms] Uncaught Error: Minified React error #418; visit https://reactjs.org/docs/error-decoder.html?invariant=418 for the full message or use the non-minified dev environment for full errors and additional helpful warnings.
    at ag (https://i5.walmartimages.cl/dfw/63fd9f59-f3dd/cd15b695-8477-4972-b98b-3d198c6e1e5b/v2/es-CL/_next/static/chunks/framework-4ee3d8ce59863f3e.js:0:115399)
    at i (https://i5.walmartimages.cl/dfw/63fd9f59-f3dd/cd15b695-8477-4972-b98b-3d198c6e1e5b/v2/es-CL/_next/static/chunks/framework-4ee3d8ce59863f3e.js:0:190046)
    at uD (https://i5.walmartimages.cl/dfw/63fd9f59-f3dd/cd15b695-8477-4972-b98b-3d198c6e1e5b/v2/es-CL/_next/static/chunks/framework-4ee3d8ce59863f3e.js:0:168013)
    at <anonymous> (https://i5.walmartimages.cl/dfw/63fd9f59-f3dd/cd15b695-8477-4972-b98b-3d198c6e1e5b/v2/es-CL/_next/static/chunks/framework-4ee3d8ce59863f3e.js:0:167880)
    at uI (https://i5.walmartimages.cl/dfw/63fd9f59-f3dd/cd15b695-8477-4972-b98b-3d198c6e1e5b/v2/es-CL/_next/static/chunks/framework-4ee3d8ce59863f3e.js:0:167887)
    at ux (https://i5.walmartimages.cl/dfw/63fd9f59-f3dd/cd15b695-8477-4972-b98b-3d198c6e1e5b/v2/es-CL/_next/static/chunks/framework-4ee3d8ce59863f3e.js:0:162926)
    at x (https://i5.walmartimages.cl/dfw/63fd9f59-f3dd/cd15b695-8477-4972-b98b-3d198c6e1e5b/v2/es-CL/_next/static/chunks/framework-4ee3d8ce59863f3e.js:0:206724)
    at R (https://i5.walmartimages.cl/dfw/63fd9f59-f3dd/cd15b695-8477-4972-b98b-3d198c6e1e5b/v2/es-CL/_next/static/chunks/framework-4ee3d8ce59863f3e.js:0:207254)
[    8193ms] Uncaught Error: Minified React error #418; visit https://reactjs.org/docs/error-decoder.html?invariant=418 for the full message or use the non-minified dev environment for full errors and additional helpful warnings.
    at ag (https://i5.walmartimages.cl/dfw/63fd9f59-f3dd/cd15b695-8477-4972-b98b-3d198c6e1e5b/v2/es-CL/_next/static/chunks/framework-4ee3d8ce59863f3e.js:0:115399)
    at i (https://i5.walmartimages.cl/dfw/63fd9f59-f3dd/cd15b695-8477-4972-b98b-3d198c6e1e5b/v2/es-CL/_next/static/chunks/framework-4ee3d8ce59863f3e.js:0:190046)
    at uD (https://i5.walmartimages.cl/dfw/63fd9f59-f3dd/cd15b695-8477-4972-b98b-3d198c6e1e5b/v2/es-CL/_next/static/chunks/framework-4ee3d8ce59863f3e.js:0:168013)
    at <anonymous> (https://i5.walmartimages.cl/dfw/63fd9f59-f3dd/cd15b695-8477-4972-b98b-3d198c6e1e5b/v2/es-CL/_next/static/chunks/framework-4ee3d8ce59863f3e.js:0:167880)
    at uI (https://i5.walmartimages.cl/dfw/63fd9f59-f3dd/cd15b695-8477-4972-b98b-3d198c6e1e5b/v2/es-CL/_next/static/chunks/framework-4ee3d8ce59863f3e.js:0:167887)
    at ux (https://i5.walmartimages.cl/dfw/63fd9f59-f3dd/cd15b695-8477-4972-b98b-3d198c6e1e5b/v2/es-CL/_next/static/chunks/framework-4ee3d8ce59863f3e.js:0:162926)
    at x (https://i5.walmartimages.cl/dfw/63fd9f59-f3dd/cd15b695-8477-4972-b98b-3d198c6e1e5b/v2/es-CL/_next/static/chunks/framework-4ee3d8ce59863f3e.js:0:206724)
    at R (https://i5.walmartimages.cl/dfw/63fd9f59-f3dd/cd15b695-8477-4972-b98b-3d198c6e1e5b/v2/es-CL/_next/static/chunks/framework-4ee3d8ce59863f3e.js:0:207254)
[    8193ms] Uncaught Error: Minified React error #418; visit https://reactjs.org/docs/error-decoder.html?invariant=418 for the full message or use the non-minified dev environment for full errors and additional helpful warnings.
    at ag (https://i5.walmartimages.cl/dfw/63fd9f59-f3dd/cd15b695-8477-4972-b98b-3d198c6e1e5b/v2/es-CL/_next/static/chunks/framework-4ee3d8ce59863f3e.js:0:115399)
    at i (https://i5.walmartimages.cl/dfw/63fd9f59-f3dd/cd15b695-8477-4972-b98b-3d198c6e1e5b/v2/es-CL/_next/static/chunks/framework-4ee3d8ce59863f3e.js:0:190223)
    at uD (https://i5.walmartimages.cl/dfw/63fd9f59-f3dd/cd15b695-8477-4972-b98b-3d198c6e1e5b/v2/es-CL/_next/static/chunks/framework-4ee3d8ce59863f3e.js:0:168013)
    at <anonymous> (https://i5.walmartimages.cl/dfw/63fd9f59-f3dd/cd15b695-8477-4972-b98b-3d198c6e1e5b/v2/es-CL/_next/static/chunks/framework-4ee3d8ce59863f3e.js:0:167880)
    at uI (https://i5.walmartimages.cl/dfw/63fd9f59-f3dd/cd15b695-8477-4972-b98b-3d198c6e1e5b/v2/es-CL/_next/static/chunks/framework-4ee3d8ce59863f3e.js:0:167887)
    at ux (https://i5.walmartimages.cl/dfw/63fd9f59-f3dd/cd15b695-8477-4972-b98b-3d198c6e1e5b/v2/es-CL/_next/static/chunks/framework-4ee3d8ce59863f3e.js:0:162926)
    at x (https://i5.walmartimages.cl/dfw/63fd9f59-f3dd/cd15b695-8477-4972-b98b-3d198c6e1e5b/v2/es-CL/_next/static/chunks/framework-4ee3d8ce59863f3e.js:0:206724)
    at R (https://i5.walmartimages.cl/dfw/63fd9f59-f3dd/cd15b695-8477-4972-b98b-3d198c6e1e5b/v2/es-CL/_next/static/chunks/framework-4ee3d8ce59863f3e.js:0:207254)
[    8193ms] Uncaught Error: Minified React error #418; visit https://reactjs.org/docs/error-decoder.html?invariant=418 for the full message or use the non-minified dev environment for full errors and additional helpful warnings.
    at ag (https://i5.walmartimages.cl/dfw/63fd9f59-f3dd/cd15b695-8477-4972-b98b-3d198c6e1e5b/v2/es-CL/_next/static/chunks/framework-4ee3d8ce59863f3e.js:0:115399)
    at i (https://i5.walmartimages.cl/dfw/63fd9f59-f3dd/cd15b695-8477-4972-b98b-3d198c6e1e5b/v2/es-CL/_next/static/chunks/framework-4ee3d8ce59863f3e.js:0:190046)
    at uD (https://i5.walmartimages.cl/dfw/63fd9f59-f3dd/cd15b695-8477-4972-b98b-3d198c6e1e5b/v2/es-CL/_next/static/chunks/framework-4ee3d8ce59863f3e.js:0:168013)
    at <anonymous> (https://i5.walmartimages.cl/dfw/63fd9f59-f3dd/cd15b695-8477-4972-b98b-3d198c6e1e5b/v2/es-CL/_next/static/chunks/framework-4ee3d8ce59863f3e.js:0:167880)
    at uI (https://i5.walmartimages.cl/dfw/63fd9f59-f3dd/cd15b695-8477-4972-b98b-3d198c6e1e5b/v2/es-CL/_next/static/chunks/framework-4ee3d8ce59863f3e.js:0:167887)
    at ux (https://i5.walmartimages.cl/dfw/63fd9f59-f3dd/cd15b695-8477-4972-b98b-3d198c6e1e5b/v2/es-CL/_next/static/chunks/framework-4ee3d8ce59863f3e.js:0:162926)
    at x (https://i5.walmartimages.cl/dfw/63fd9f59-f3dd/cd15b695-8477-4972-b98b-3d198c6e1e5b/v2/es-CL/_next/static/chunks/framework-4ee3d8ce59863f3e.js:0:206724)
    at R (https://i5.walmartimages.cl/dfw/63fd9f59-f3dd/cd15b695-8477-4972-b98b-3d198c6e1e5b/v2/es-CL/_next/static/chunks/framework-4ee3d8ce59863f3e.js:0:207254)
[    8193ms] Uncaught Error: Minified React error #418; visit https://reactjs.org/docs/error-decoder.html?invariant=418 for the full message or use the non-minified dev environment for full errors and additional helpful warnings.
    at ag (https://i5.walmartimages.cl/dfw/63fd9f59-f3dd/cd15b695-8477-4972-b98b-3d198c6e1e5b/v2/es-CL/_next/static/chunks/framework-4ee3d8ce59863f3e.js:0:115399)
    at i (https://i5.walmartimages.cl/dfw/63fd9f59-f3dd/cd15b695-8477-4972-b98b-3d198c6e1e5b/v2/es-CL/_next/static/chunks/framework-4ee3d8ce59863f3e.js:0:190046)
    at uD (https://i5.walmartimages.cl/dfw/63fd9f59-f3dd/cd15b695-8477-4972-b98b-3d198c6e1e5b/v2/es-CL/_next/static/chunks/framework-4ee3d8ce59863f3e.js:0:168013)
    at <anonymous> (https://i5.walmartimages.cl/dfw/63fd9f59-f3dd/cd15b695-8477-4972-b98b-3d198c6e1e5b/v2/es-CL/_next/static/chunks/framework-4ee3d8ce59863f3e.js:0:167880)
    at uI (https://i5.walmartimages.cl/dfw/63fd9f59-f3dd/cd15b695-8477-4972-b98b-3d198c6e1e5b/v2/es-CL/_next/static/chunks/framework-4ee3d8ce59863f3e.js:0:167887)
    at ux (https://i5.walmartimages.cl/dfw/63fd9f59-f3dd/cd15b695-8477-4972-b98b-3d198c6e1e5b/v2/es-CL/_next/static/chunks/framework-4ee3d8ce59863f3e.js:0:162926)
    at x (https://i5.walmartimages.cl/dfw/63fd9f59-f3dd/cd15b695-8477-4972-b98b-3d198c6e1e5b/v2/es-CL/_next/static/chunks/framework-4ee3d8ce59863f3e.js:0:206724)
    at R (https://i5.walmartimages.cl/dfw/63fd9f59-f3dd/cd15b695-8477-4972-b98b-3d198c6e1e5b/v2/es-CL/_next/static/chunks/framework-4ee3d8ce59863f3e.js:0:207254)
[    8194ms] Uncaught Error: Minified React error #418; visit https://reactjs.org/docs/error-decoder.html?invariant=418 for the full message or use the non-minified dev environment for full errors and additional helpful warnings.
    at ag (https://i5.walmartimages.cl/dfw/63fd9f59-f3dd/cd15b695-8477-4972-b98b-3d198c6e1e5b/v2/es-CL/_next/static/chunks/framework-4ee3d8ce59863f3e.js:0:115399)
    at i (https://i5.walmartimages.cl/dfw/63fd9f59-f3dd/cd15b695-8477-4972-b98b-3d198c6e1e5b/v2/es-CL/_next/static/chunks/framework-4ee3d8ce59863f3e.js:0:190046)
    at uD (https://i5.walmartimages.cl/dfw/63fd9f59-f3dd/cd15b695-8477-4972-b98b-3d198c6e1e5b/v2/es-CL/_next/static/chunks/framework-4ee3d8ce59863f3e.js:0:168013)
    at <anonymous> (https://i5.walmartimages.cl/dfw/63fd9f59-f3dd/cd15b695-8477-4972-b98b-3d198c6e1e5b/v2/es-CL/_next/static/chunks/framework-4ee3d8ce59863f3e.js:0:167880)
    at uI (https://i5.walmartimages.cl/dfw/63fd9f59-f3dd/cd15b695-8477-4972-b98b-3d198c6e1e5b/v2/es-CL/_next/static/chunks/framework-4ee3d8ce59863f3e.js:0:167887)
    at ux (https://i5.walmartimages.cl/dfw/63fd9f59-f3dd/cd15b695-8477-4972-b98b-3d198c6e1e5b/v2/es-CL/_next/static/chunks/framework-4ee3d8ce59863f3e.js:0:162926)
    at x (https://i5.walmartimages.cl/dfw/63fd9f59-f3dd/cd15b695-8477-4972-b98b-3d198c6e1e5b/v2/es-CL/_next/static/chunks/framework-4ee3d8ce59863f3e.js:0:206724)
    at R (https://i5.walmartimages.cl/dfw/63fd9f59-f3dd/cd15b695-8477-4972-b98b-3d198c6e1e5b/v2/es-CL/_next/static/chunks/framework-4ee3d8ce59863f3e.js:0:207254)
[    8195ms] Uncaught Error: Minified React error #418; visit https://reactjs.org/docs/error-decoder.html?invariant=418 for the full message or use the non-minified dev environment for full errors and additional helpful warnings.
    at ag (https://i5.walmartimages.cl/dfw/63fd9f59-f3dd/cd15b695-8477-4972-b98b-3d198c6e1e5b/v2/es-CL/_next/static/chunks/framework-4ee3d8ce59863f3e.js:0:115399)
    at i (https://i5.walmartimages.cl/dfw/63fd9f59-f3dd/cd15b695-8477-4972-b98b-3d198c6e1e5b/v2/es-CL/_next/static/chunks/framework-4ee3d8ce59863f3e.js:0:190046)
    at uD (https://i5.walmartimages.cl/dfw/63fd9f59-f3dd/cd15b695-8477-4972-b98b-3d198c6e1e5b/v2/es-CL/_next/static/chunks/framework-4ee3d8ce59863f3e.js:0:168013)
    at <anonymous> (https://i5.walmartimages.cl/dfw/63fd9f59-f3dd/cd15b695-8477-4972-b98b-3d198c6e1e5b/v2/es-CL/_next/static/chunks/framework-4ee3d8ce59863f3e.js:0:167880)
    at uI (https://i5.walmartimages.cl/dfw/63fd9f59-f3dd/cd15b695-8477-4972-b98b-3d198c6e1e5b/v2/es-CL/_next/static/chunks/framework-4ee3d8ce59863f3e.js:0:167887)
    at ux (https://i5.walmartimages.cl/dfw/63fd9f59-f3dd/cd15b695-8477-4972-b98b-3d198c6e1e5b/v2/es-CL/_next/static/chunks/framework-4ee3d8ce59863f3e.js:0:162926)
    at x (https://i5.walmartimages.cl/dfw/63fd9f59-f3dd/cd15b695-8477-4972-b98b-3d198c6e1e5b/v2/es-CL/_next/static/chunks/framework-4ee3d8ce59863f3e.js:0:206724)
    at R (https://i5.walmartimages.cl/dfw/63fd9f59-f3dd/cd15b695-8477-4972-b98b-3d198c6e1e5b/v2/es-CL/_next/static/chunks/framework-4ee3d8ce59863f3e.js:0:207254)
[    8195ms] Uncaught Error: Minified React error #418; visit https://reactjs.org/docs/error-decoder.html?invariant=418 for the full message or use the non-minified dev environment for full errors and additional helpful warnings.
    at ag (https://i5.walmartimages.cl/dfw/63fd9f59-f3dd/cd15b695-8477-4972-b98b-3d198c6e1e5b/v2/es-CL/_next/static/chunks/framework-4ee3d8ce59863f3e.js:0:115399)
    at i (https://i5.walmartimages.cl/dfw/63fd9f59-f3dd/cd15b695-8477-4972-b98b-3d198c6e1e5b/v2/es-CL/_next/static/chunks/framework-4ee3d8ce59863f3e.js:0:190046)
    at uD (https://i5.walmartimages.cl/dfw/63fd9f59-f3dd/cd15b695-8477-4972-b98b-3d198c6e1e5b/v2/es-CL/_next/static/chunks/framework-4ee3d8ce59863f3e.js:0:168013)
    at <anonymous> (https://i5.walmartimages.cl/dfw/63fd9f59-f3dd/cd15b695-8477-4972-b98b-3d198c6e1e5b/v2/es-CL/_next/static/chunks/framework-4ee3d8ce59863f3e.js:0:167880)
    at uI (https://i5.walmartimages.cl/dfw/63fd9f59-f3dd/cd15b695-8477-4972-b98b-3d198c6e1e5b/v2/es-CL/_next/static/chunks/framework-4ee3d8ce59863f3e.js:0:167887)
    at ux (https://i5.walmartimages.cl/dfw/63fd9f59-f3dd/cd15b695-8477-4972-b98b-3d198c6e1e5b/v2/es-CL/_next/static/chunks/framework-4ee3d8ce59863f3e.js:0:162926)
    at x (https://i5.walmartimages.cl/dfw/63fd9f59-f3dd/cd15b695-8477-4972-b98b-3d198c6e1e5b/v2/es-CL/_next/static/chunks/framework-4ee3d8ce59863f3e.js:0:206724)
    at R (https://i5.walmartimages.cl/dfw/63fd9f59-f3dd/cd15b695-8477-4972-b98b-3d198c6e1e5b/v2/es-CL/_next/static/chunks/framework-4ee3d8ce59863f3e.js:0:207254)
[    8196ms] Uncaught Error: Minified React error #418; visit https://reactjs.org/docs/error-decoder.html?invariant=418 for the full message or use the non-minified dev environment for full errors and additional helpful warnings.
    at ag (https://i5.walmartimages.cl/dfw/63fd9f59-f3dd/cd15b695-8477-4972-b98b-3d198c6e1e5b/v2/es-CL/_next/static/chunks/framework-4ee3d8ce59863f3e.js:0:115399)
    at i (https://i5.walmartimages.cl/dfw/63fd9f59-f3dd/cd15b695-8477-4972-b98b-3d198c6e1e5b/v2/es-CL/_next/static/chunks/framework-4ee3d8ce59863f3e.js:0:190046)
    at uD (https://i5.walmartimages.cl/dfw/63fd9f59-f3dd/cd15b695-8477-4972-b98b-3d198c6e1e5b/v2/es-CL/_next/static/chunks/framework-4ee3d8ce59863f3e.js:0:168013)
    at <anonymous> (https://i5.walmartimages.cl/dfw/63fd9f59-f3dd/cd15b695-8477-4972-b98b-3d198c6e1e5b/v2/es-CL/_next/static/chunks/framework-4ee3d8ce59863f3e.js:0:167880)
    at uI (https://i5.walmartimages.cl/dfw/63fd9f59-f3dd/cd15b695-8477-4972-b98b-3d198c6e1e5b/v2/es-CL/_next/static/chunks/framework-4ee3d8ce59863f3e.js:0:167887)
    at ux (https://i5.walmartimages.cl/dfw/63fd9f59-f3dd/cd15b695-8477-4972-b98b-3d198c6e1e5b/v2/es-CL/_next/static/chunks/framework-4ee3d8ce59863f3e.js:0:162926)
    at x (https://i5.walmartimages.cl/dfw/63fd9f59-f3dd/cd15b695-8477-4972-b98b-3d198c6e1e5b/v2/es-CL/_next/static/chunks/framework-4ee3d8ce59863f3e.js:0:206724)
    at R (https://i5.walmartimages.cl/dfw/63fd9f59-f3dd/cd15b695-8477-4972-b98b-3d198c6e1e5b/v2/es-CL/_next/static/chunks/framework-4ee3d8ce59863f3e.js:0:207254)
[    8197ms] Uncaught Error: Minified React error #423; visit https://reactjs.org/docs/error-decoder.html?invariant=423 for the full message or use the non-minified dev environment for full errors and additional helpful warnings.
    at i (https://i5.walmartimages.cl/dfw/63fd9f59-f3dd/cd15b695-8477-4972-b98b-3d198c6e1e5b/v2/es-CL/_next/static/chunks/framework-4ee3d8ce59863f3e.js:0:189715)
    at uD (https://i5.walmartimages.cl/dfw/63fd9f59-f3dd/cd15b695-8477-4972-b98b-3d198c6e1e5b/v2/es-CL/_next/static/chunks/framework-4ee3d8ce59863f3e.js:0:168013)
    at <anonymous> (https://i5.walmartimages.cl/dfw/63fd9f59-f3dd/cd15b695-8477-4972-b98b-3d198c6e1e5b/v2/es-CL/_next/static/chunks/framework-4ee3d8ce59863f3e.js:0:167880)
    at uI (https://i5.walmartimages.cl/dfw/63fd9f59-f3dd/cd15b695-8477-4972-b98b-3d198c6e1e5b/v2/es-CL/_next/static/chunks/framework-4ee3d8ce59863f3e.js:0:167887)
    at uE (https://i5.walmartimages.cl/dfw/63fd9f59-f3dd/cd15b695-8477-4972-b98b-3d198c6e1e5b/v2/es-CL/_next/static/chunks/framework-4ee3d8ce59863f3e.js:0:164639)
    at ux (https://i5.walmartimages.cl/dfw/63fd9f59-f3dd/cd15b695-8477-4972-b98b-3d198c6e1e5b/v2/es-CL/_next/static/chunks/framework-4ee3d8ce59863f3e.js:0:163194)
    at x (https://i5.walmartimages.cl/dfw/63fd9f59-f3dd/cd15b695-8477-4972-b98b-3d198c6e1e5b/v2/es-CL/_next/static/chunks/framework-4ee3d8ce59863f3e.js:0:206724)
    at R (https://i5.walmartimages.cl/dfw/63fd9f59-f3dd/cd15b695-8477-4972-b98b-3d198c6e1e5b/v2/es-CL/_next/static/chunks/framework-4ee3d8ce59863f3e.js:0:207254)
[    8913ms] [ERROR] Loading the image 'https://www.google.cl/ads/ga-audiences?v=1&t=sr&slf_rd=1&_r=4&tid=G-EG0ESHHVTN&cid=142820802.1779650880&gtm=45je65k1v9238495460za200zd9238495460&rcb=9&aip=1&dma=0&gcs=G111&gcd=13t3t3l3l5l1&npa=0&frm=0&tag_exp=0~115616985~115938466~115938468~118228214~119061278&z=344606001' violates the following Content Security Policy directive: "img-src 'self' *.azureedge.net *.bazaarvoice.com *.criteo.com *.digital-cloud-west.medallia.com *.digital-cloud.medallia.com *.doubleclick.net *.doubleverify.com *.google-analytics.com *.google.com.mx *.googleadservices.com *.googlesyndication.com *.googletagmanager.com *.imrworldwide.com *.instaleap.io *.kampyle.co *.kampyle.com *.lider.cl *.online-metrix.net *.px-cdn.net *.px-cloud.net *.sams.com.mx *.stylitics.com *.wal.co *.walmart.com.mx *.walmartimages.cl *.walmartimages.com *.youtube.com 1d81e75c4337a6e2e3c2-4a69748413de5fcbd7a7a944817c2356.ssl.cf1.rackcdn.com ad.doubleclick.net ads01.groovinads.com advertising.walmart.com analytics.google.com azmatch.adsrvr.org beacon-internal.walmart.com beacon-wmt.walmart.com beacon.affil.walmart.com beacon.beta-game.walmart.com beacon.beta.walmart.com beacon.bodegaea.com.mx beacon.classrooms.walmart.com beacon.despensa.bodegaaurrera.com.mx beacon.gm.lider.cl beacon.gr.lider.cl beacon.ondemand.bodegaaurrera.walmart.com beacon.photos.walmart.com beacon.savingscatcher.walmart.com beacon.stage.walmart.com beacon.super.lider.cl beacon.walmart.com beacon.walmart.com.mx beacon.www.bodegaaurrera.com.mx beacon.www.lider.cl beacon.www.sams.com.mx beacon.www.walmart.com.mx blob: c.bing.com cdn.doubleverify.com crs.midas.stg.prod.us.walmart.net crtormassetmguseprod.blob.core.windows.net cyborg-wm-auth-service-v2.jet.com data: drfdisvc.walmart.com dw.wmt.co fcc.flixcart.com googleads.g.doubleclick.net gum.criteo.com i.liadm.com i6.liadm.com ib.adnxs.com idsync.rlcdn.com in2.data.cloud.flipkart.net in3.data.cloud.flipkart.net ir.surveywall-api.survata.com maps.googleapis.com maps.gstatic.com monetisation-dsp.stage.walmart.com pixel.adsafeprotected.com receipts-query-wm-stg0.edge.walmart.com receipts-query.edge.walmart.com res.cloudinary.com s0.2mdn.net secure.adnxs.com securepubads.g.doubleclick.net static.adsafeprotected.com sync.mathtag.com t.myvisualiq.net tap.walmart.com tpc.googlesyndication.com us.creativecdn.com wrd.walmart.com www.facebook.com www.gstatic.com". The action has been blocked. @ https://super.lider.cl/?query=pollo+marinado+trutro:0
[    9317ms] [ERROR] Loading the image 'https://cm.creativecdn.com/adx/cm?v=2&pi=adx&tdc=ash&google_gid=CAESEA3UFWsGVKt1opyvD4mQABk&google_cver=1&google_ula=5153224,0' violates the following Content Security Policy directive: "img-src 'self' *.azureedge.net *.bazaarvoice.com *.criteo.com *.digital-cloud-west.medallia.com *.digital-cloud.medallia.com *.doubleclick.net *.doubleverify.com *.google-analytics.com *.google.com.mx *.googleadservices.com *.googlesyndication.com *.googletagmanager.com *.imrworldwide.com *.instaleap.io *.kampyle.co *.kampyle.com *.lider.cl *.online-metrix.net *.px-cdn.net *.px-cloud.net *.sams.com.mx *.stylitics.com *.wal.co *.walmart.com.mx *.walmartimages.cl *.walmartimages.com *.youtube.com 1d81e75c4337a6e2e3c2-4a69748413de5fcbd7a7a944817c2356.ssl.cf1.rackcdn.com ad.doubleclick.net ads01.groovinads.com advertising.walmart.com analytics.google.com azmatch.adsrvr.org beacon-internal.walmart.com beacon-wmt.walmart.com beacon.affil.walmart.com beacon.beta-game.walmart.com beacon.beta.walmart.com beacon.bodegaea.com.mx beacon.classrooms.walmart.com beacon.despensa.bodegaaurrera.com.mx beacon.gm.lider.cl beacon.gr.lider.cl beacon.ondemand.bodegaaurrera.walmart.com beacon.photos.walmart.com beacon.savingscatcher.walmart.com beacon.stage.walmart.com beacon.super.lider.cl beacon.walmart.com beacon.walmart.com.mx beacon.www.bodegaaurrera.com.mx beacon.www.lider.cl beacon.www.sams.com.mx beacon.www.walmart.com.mx blob: c.bing.com cdn.doubleverify.com crs.midas.stg.prod.us.walmart.net crtormassetmguseprod.blob.core.windows.net cyborg-wm-auth-service-v2.jet.com data: drfdisvc.walmart.com dw.wmt.co fcc.flixcart.com googleads.g.doubleclick.net gum.criteo.com i.liadm.com i6.liadm.com ib.adnxs.com idsync.rlcdn.com in2.data.cloud.flipkart.net in3.data.cloud.flipkart.net ir.surveywall-api.survata.com maps.googleapis.com maps.gstatic.com monetisation-dsp.stage.walmart.com pixel.adsafeprotected.com receipts-query-wm-stg0.edge.walmart.com receipts-query.edge.walmart.com res.cloudinary.com s0.2mdn.net secure.adnxs.com securepubads.g.doubleclick.net static.adsafeprotected.com sync.mathtag.com t.myvisualiq.net tap.walmart.com tpc.googlesyndication.com us.creativecdn.com wrd.walmart.com www.facebook.com www.gstatic.com". The action has been blocked. @ https://super.lider.cl/?query=pollo+marinado+trutro:0
