[    4515ms] Uncaught Error: Minified React error #425; visit https://reactjs.org/docs/error-decoder.html?invariant=425 for the full message or use the non-minified dev environment for full errors and additional helpful warnings.
    at rm (https://i5.walmartimages.cl/dfw/63fd9f59-f3dd/cd15b695-8477-4972-b98b-3d198c6e1e5b/v2/es-CL/_next/static/chunks/framework-4ee3d8ce59863f3e.js:0:109103)
    at <anonymous> (https://i5.walmartimages.cl/dfw/63fd9f59-f3dd/cd15b695-8477-4972-b98b-3d198c6e1e5b/v2/es-CL/_next/static/chunks/framework-4ee3d8ce59863f3e.js:0:172375)
    at uO (https://i5.walmartimages.cl/dfw/63fd9f59-f3dd/cd15b695-8477-4972-b98b-3d198c6e1e5b/v2/es-CL/_next/static/chunks/framework-4ee3d8ce59863f3e.js:0:175125)
    at uD (https://i5.walmartimages.cl/dfw/63fd9f59-f3dd/cd15b695-8477-4972-b98b-3d198c6e1e5b/v2/es-CL/_next/static/chunks/framework-4ee3d8ce59863f3e.js:0:168073)
    at <anonymous> (https://i5.walmartimages.cl/dfw/63fd9f59-f3dd/cd15b695-8477-4972-b98b-3d198c6e1e5b/v2/es-CL/_next/static/chunks/framework-4ee3d8ce59863f3e.js:0:167880)
    at uI (https://i5.walmartimages.cl/dfw/63fd9f59-f3dd/cd15b695-8477-4972-b98b-3d198c6e1e5b/v2/es-CL/_next/static/chunks/framework-4ee3d8ce59863f3e.js:0:167887)
    at ux (https://i5.walmartimages.cl/dfw/63fd9f59-f3dd/cd15b695-8477-4972-b98b-3d198c6e1e5b/v2/es-CL/_next/static/chunks/framework-4ee3d8ce59863f3e.js:0:162926)
    at x (https://i5.walmartimages.cl/dfw/63fd9f59-f3dd/cd15b695-8477-4972-b98b-3d198c6e1e5b/v2/es-CL/_next/static/chunks/framework-4ee3d8ce59863f3e.js:0:206724)
    at R (https://i5.walmartimages.cl/dfw/63fd9f59-f3dd/cd15b695-8477-4972-b98b-3d198c6e1e5b/v2/es-CL/_next/static/chunks/framework-4ee3d8ce59863f3e.js:0:207254)
[    4522ms] Uncaught Error: Minified React error #418; visit https://reactjs.org/docs/error-decoder.html?invariant=418 for the full message or use the non-minified dev environment for full errors and additional helpful warnings.
    at ag (https://i5.walmartimages.cl/dfw/63fd9f59-f3dd/cd15b695-8477-4972-b98b-3d198c6e1e5b/v2/es-CL/_next/static/chunks/framework-4ee3d8ce59863f3e.js:0:115399)
    at i (https://i5.walmartimages.cl/dfw/63fd9f59-f3dd/cd15b695-8477-4972-b98b-3d198c6e1e5b/v2/es-CL/_next/static/chunks/framework-4ee3d8ce59863f3e.js:0:190223)
    at uD (https://i5.walmartimages.cl/dfw/63fd9f59-f3dd/cd15b695-8477-4972-b98b-3d198c6e1e5b/v2/es-CL/_next/static/chunks/framework-4ee3d8ce59863f3e.js:0:168013)
    at <anonymous> (https://i5.walmartimages.cl/dfw/63fd9f59-f3dd/cd15b695-8477-4972-b98b-3d198c6e1e5b/v2/es-CL/_next/static/chunks/framework-4ee3d8ce59863f3e.js:0:167880)
    at uI (https://i5.walmartimages.cl/dfw/63fd9f59-f3dd/cd15b695-8477-4972-b98b-3d198c6e1e5b/v2/es-CL/_next/static/chunks/framework-4ee3d8ce59863f3e.js:0:167887)
    at ux (https://i5.walmartimages.cl/dfw/63fd9f59-f3dd/cd15b695-8477-4972-b98b-3d198c6e1e5b/v2/es-CL/_next/static/chunks/framework-4ee3d8ce59863f3e.js:0:162926)
    at x (https://i5.walmartimages.cl/dfw/63fd9f59-f3dd/cd15b695-8477-4972-b98b-3d198c6e1e5b/v2/es-CL/_next/static/chunks/framework-4ee3d8ce59863f3e.js:0:206724)
    at R (https://i5.walmartimages.cl/dfw/63fd9f59-f3dd/cd15b695-8477-4972-b98b-3d198c6e1e5b/v2/es-CL/_next/static/chunks/framework-4ee3d8ce59863f3e.js:0:207254)
[    4522ms] Uncaught Error: Minified React error #418; visit https://reactjs.org/docs/error-decoder.html?invariant=418 for the full message or use the non-minified dev environment for full errors and additional helpful warnings.
    at ag (https://i5.walmartimages.cl/dfw/63fd9f59-f3dd/cd15b695-8477-4972-b98b-3d198c6e1e5b/v2/es-CL/_next/static/chunks/framework-4ee3d8ce59863f3e.js:0:115399)
    at i (https://i5.walmartimages.cl/dfw/63fd9f59-f3dd/cd15b695-8477-4972-b98b-3d198c6e1e5b/v2/es-CL/_next/static/chunks/framework-4ee3d8ce59863f3e.js:0:190046)
    at uD (https://i5.walmartimages.cl/dfw/63fd9f59-f3dd/cd15b695-8477-4972-b98b-3d198c6e1e5b/v2/es-CL/_next/static/chunks/framework-4ee3d8ce59863f3e.js:0:168013)
    at <anonymous> (https://i5.walmartimages.cl/dfw/63fd9f59-f3dd/cd15b695-8477-4972-b98b-3d198c6e1e5b/v2/es-CL/_next/static/chunks/framework-4ee3d8ce59863f3e.js:0:167880)
    at uI (https://i5.walmartimages.cl/dfw/63fd9f59-f3dd/cd15b695-8477-4972-b98b-3d198c6e1e5b/v2/es-CL/_next/static/chunks/framework-4ee3d8ce59863f3e.js:0:167887)
    at ux (https://i5.walmartimages.cl/dfw/63fd9f59-f3dd/cd15b695-8477-4972-b98b-3d198c6e1e5b/v2/es-CL/_next/static/chunks/framework-4ee3d8ce59863f3e.js:0:162926)
    at x (https://i5.walmartimages.cl/dfw/63fd9f59-f3dd/cd15b695-8477-4972-b98b-3d198c6e1e5b/v2/es-CL/_next/static/chunks/framework-4ee3d8ce59863f3e.js:0:206724)
    at R (https://i5.walmartimages.cl/dfw/63fd9f59-f3dd/cd15b695-8477-4972-b98b-3d198c6e1e5b/v2/es-CL/_next/static/chunks/framework-4ee3d8ce59863f3e.js:0:207254)
[    4522ms] Uncaught Error: Minified React error #418; visit https://reactjs.org/docs/error-decoder.html?invariant=418 for the full message or use the non-minified dev environment for full errors and additional helpful warnings.
    at ag (https://i5.walmartimages.cl/dfw/63fd9f59-f3dd/cd15b695-8477-4972-b98b-3d198c6e1e5b/v2/es-CL/_next/static/chunks/framework-4ee3d8ce59863f3e.js:0:115399)
    at i (https://i5.walmartimages.cl/dfw/63fd9f59-f3dd/cd15b695-8477-4972-b98b-3d198c6e1e5b/v2/es-CL/_next/static/chunks/framework-4ee3d8ce59863f3e.js:0:190046)
    at uD (https://i5.walmartimages.cl/dfw/63fd9f59-f3dd/cd15b695-8477-4972-b98b-3d198c6e1e5b/v2/es-CL/_next/static/chunks/framework-4ee3d8ce59863f3e.js:0:168013)
    at <anonymous> (https://i5.walmartimages.cl/dfw/63fd9f59-f3dd/cd15b695-8477-4972-b98b-3d198c6e1e5b/v2/es-CL/_next/static/chunks/framework-4ee3d8ce59863f3e.js:0:167880)
    at uI (https://i5.walmartimages.cl/dfw/63fd9f59-f3dd/cd15b695-8477-4972-b98b-3d198c6e1e5b/v2/es-CL/_next/static/chunks/framework-4ee3d8ce59863f3e.js:0:167887)
    at ux (https://i5.walmartimages.cl/dfw/63fd9f59-f3dd/cd15b695-8477-4972-b98b-3d198c6e1e5b/v2/es-CL/_next/static/chunks/framework-4ee3d8ce59863f3e.js:0:162926)
    at x (https://i5.walmartimages.cl/dfw/63fd9f59-f3dd/cd15b695-8477-4972-b98b-3d198c6e1e5b/v2/es-CL/_next/static/chunks/framework-4ee3d8ce59863f3e.js:0:206724)
    at R (https://i5.walmartimages.cl/dfw/63fd9f59-f3dd/cd15b695-8477-4972-b98b-3d198c6e1e5b/v2/es-CL/_next/static/chunks/framework-4ee3d8ce59863f3e.js:0:207254)
[    4522ms] Uncaught Error: Minified React error #418; visit https://reactjs.org/docs/error-decoder.html?invariant=418 for the full message or use the non-minified dev environment for full errors and additional helpful warnings.
    at ag (https://i5.walmartimages.cl/dfw/63fd9f59-f3dd/cd15b695-8477-4972-b98b-3d198c6e1e5b/v2/es-CL/_next/static/chunks/framework-4ee3d8ce59863f3e.js:0:115399)
    at i (https://i5.walmartimages.cl/dfw/63fd9f59-f3dd/cd15b695-8477-4972-b98b-3d198c6e1e5b/v2/es-CL/_next/static/chunks/framework-4ee3d8ce59863f3e.js:0:190046)
    at uD (https://i5.walmartimages.cl/dfw/63fd9f59-f3dd/cd15b695-8477-4972-b98b-3d198c6e1e5b/v2/es-CL/_next/static/chunks/framework-4ee3d8ce59863f3e.js:0:168013)
    at <anonymous> (https://i5.walmartimages.cl/dfw/63fd9f59-f3dd/cd15b695-8477-4972-b98b-3d198c6e1e5b/v2/es-CL/_next/static/chunks/framework-4ee3d8ce59863f3e.js:0:167880)
    at uI (https://i5.walmartimages.cl/dfw/63fd9f59-f3dd/cd15b695-8477-4972-b98b-3d198c6e1e5b/v2/es-CL/_next/static/chunks/framework-4ee3d8ce59863f3e.js:0:167887)
    at ux (https://i5.walmartimages.cl/dfw/63fd9f59-f3dd/cd15b695-8477-4972-b98b-3d198c6e1e5b/v2/es-CL/_next/static/chunks/framework-4ee3d8ce59863f3e.js:0:162926)
    at x (https://i5.walmartimages.cl/dfw/63fd9f59-f3dd/cd15b695-8477-4972-b98b-3d198c6e1e5b/v2/es-CL/_next/static/chunks/framework-4ee3d8ce59863f3e.js:0:206724)
    at R (https://i5.walmartimages.cl/dfw/63fd9f59-f3dd/cd15b695-8477-4972-b98b-3d198c6e1e5b/v2/es-CL/_next/static/chunks/framework-4ee3d8ce59863f3e.js:0:207254)
[    4522ms] Uncaught Error: Minified React error #418; visit https://reactjs.org/docs/error-decoder.html?invariant=418 for the full message or use the non-minified dev environment for full errors and additional helpful warnings.
    at ag (https://i5.walmartimages.cl/dfw/63fd9f59-f3dd/cd15b695-8477-4972-b98b-3d198c6e1e5b/v2/es-CL/_next/static/chunks/framework-4ee3d8ce59863f3e.js:0:115399)
    at i (https://i5.walmartimages.cl/dfw/63fd9f59-f3dd/cd15b695-8477-4972-b98b-3d198c6e1e5b/v2/es-CL/_next/static/chunks/framework-4ee3d8ce59863f3e.js:0:190223)
    at uD (https://i5.walmartimages.cl/dfw/63fd9f59-f3dd/cd15b695-8477-4972-b98b-3d198c6e1e5b/v2/es-CL/_next/static/chunks/framework-4ee3d8ce59863f3e.js:0:168013)
    at <anonymous> (https://i5.walmartimages.cl/dfw/63fd9f59-f3dd/cd15b695-8477-4972-b98b-3d198c6e1e5b/v2/es-CL/_next/static/chunks/framework-4ee3d8ce59863f3e.js:0:167880)
    at uI (https://i5.walmartimages.cl/dfw/63fd9f59-f3dd/cd15b695-8477-4972-b98b-3d198c6e1e5b/v2/es-CL/_next/static/chunks/framework-4ee3d8ce59863f3e.js:0:167887)
    at ux (https://i5.walmartimages.cl/dfw/63fd9f59-f3dd/cd15b695-8477-4972-b98b-3d198c6e1e5b/v2/es-CL/_next/static/chunks/framework-4ee3d8ce59863f3e.js:0:162926)
    at x (https://i5.walmartimages.cl/dfw/63fd9f59-f3dd/cd15b695-8477-4972-b98b-3d198c6e1e5b/v2/es-CL/_next/static/chunks/framework-4ee3d8ce59863f3e.js:0:206724)
    at R (https://i5.walmartimages.cl/dfw/63fd9f59-f3dd/cd15b695-8477-4972-b98b-3d198c6e1e5b/v2/es-CL/_next/static/chunks/framework-4ee3d8ce59863f3e.js:0:207254)
[    4522ms] Uncaught Error: Minified React error #418; visit https://reactjs.org/docs/error-decoder.html?invariant=418 for the full message or use the non-minified dev environment for full errors and additional helpful warnings.
    at ag (https://i5.walmartimages.cl/dfw/63fd9f59-f3dd/cd15b695-8477-4972-b98b-3d198c6e1e5b/v2/es-CL/_next/static/chunks/framework-4ee3d8ce59863f3e.js:0:115399)
    at i (https://i5.walmartimages.cl/dfw/63fd9f59-f3dd/cd15b695-8477-4972-b98b-3d198c6e1e5b/v2/es-CL/_next/static/chunks/framework-4ee3d8ce59863f3e.js:0:190046)
    at uD (https://i5.walmartimages.cl/dfw/63fd9f59-f3dd/cd15b695-8477-4972-b98b-3d198c6e1e5b/v2/es-CL/_next/static/chunks/framework-4ee3d8ce59863f3e.js:0:168013)
    at <anonymous> (https://i5.walmartimages.cl/dfw/63fd9f59-f3dd/cd15b695-8477-4972-b98b-3d198c6e1e5b/v2/es-CL/_next/static/chunks/framework-4ee3d8ce59863f3e.js:0:167880)
    at uI (https://i5.walmartimages.cl/dfw/63fd9f59-f3dd/cd15b695-8477-4972-b98b-3d198c6e1e5b/v2/es-CL/_next/static/chunks/framework-4ee3d8ce59863f3e.js:0:167887)
    at ux (https://i5.walmartimages.cl/dfw/63fd9f59-f3dd/cd15b695-8477-4972-b98b-3d198c6e1e5b/v2/es-CL/_next/static/chunks/framework-4ee3d8ce59863f3e.js:0:162926)
    at x (https://i5.walmartimages.cl/dfw/63fd9f59-f3dd/cd15b695-8477-4972-b98b-3d198c6e1e5b/v2/es-CL/_next/static/chunks/framework-4ee3d8ce59863f3e.js:0:206724)
    at R (https://i5.walmartimages.cl/dfw/63fd9f59-f3dd/cd15b695-8477-4972-b98b-3d198c6e1e5b/v2/es-CL/_next/static/chunks/framework-4ee3d8ce59863f3e.js:0:207254)
[    4522ms] Uncaught Error: Minified React error #418; visit https://reactjs.org/docs/error-decoder.html?invariant=418 for the full message or use the non-minified dev environment for full errors and additional helpful warnings.
    at ag (https://i5.walmartimages.cl/dfw/63fd9f59-f3dd/cd15b695-8477-4972-b98b-3d198c6e1e5b/v2/es-CL/_next/static/chunks/framework-4ee3d8ce59863f3e.js:0:115399)
    at i (https://i5.walmartimages.cl/dfw/63fd9f59-f3dd/cd15b695-8477-4972-b98b-3d198c6e1e5b/v2/es-CL/_next/static/chunks/framework-4ee3d8ce59863f3e.js:0:190046)
    at uD (https://i5.walmartimages.cl/dfw/63fd9f59-f3dd/cd15b695-8477-4972-b98b-3d198c6e1e5b/v2/es-CL/_next/static/chunks/framework-4ee3d8ce59863f3e.js:0:168013)
    at <anonymous> (https://i5.walmartimages.cl/dfw/63fd9f59-f3dd/cd15b695-8477-4972-b98b-3d198c6e1e5b/v2/es-CL/_next/static/chunks/framework-4ee3d8ce59863f3e.js:0:167880)
    at uI (https://i5.walmartimages.cl/dfw/63fd9f59-f3dd/cd15b695-8477-4972-b98b-3d198c6e1e5b/v2/es-CL/_next/static/chunks/framework-4ee3d8ce59863f3e.js:0:167887)
    at ux (https://i5.walmartimages.cl/dfw/63fd9f59-f3dd/cd15b695-8477-4972-b98b-3d198c6e1e5b/v2/es-CL/_next/static/chunks/framework-4ee3d8ce59863f3e.js:0:162926)
    at x (https://i5.walmartimages.cl/dfw/63fd9f59-f3dd/cd15b695-8477-4972-b98b-3d198c6e1e5b/v2/es-CL/_next/static/chunks/framework-4ee3d8ce59863f3e.js:0:206724)
    at R (https://i5.walmartimages.cl/dfw/63fd9f59-f3dd/cd15b695-8477-4972-b98b-3d198c6e1e5b/v2/es-CL/_next/static/chunks/framework-4ee3d8ce59863f3e.js:0:207254)
[    4522ms] Uncaught Error: Minified React error #418; visit https://reactjs.org/docs/error-decoder.html?invariant=418 for the full message or use the non-minified dev environment for full errors and additional helpful warnings.
    at ag (https://i5.walmartimages.cl/dfw/63fd9f59-f3dd/cd15b695-8477-4972-b98b-3d198c6e1e5b/v2/es-CL/_next/static/chunks/framework-4ee3d8ce59863f3e.js:0:115399)
    at i (https://i5.walmartimages.cl/dfw/63fd9f59-f3dd/cd15b695-8477-4972-b98b-3d198c6e1e5b/v2/es-CL/_next/static/chunks/framework-4ee3d8ce59863f3e.js:0:190046)
    at uD (https://i5.walmartimages.cl/dfw/63fd9f59-f3dd/cd15b695-8477-4972-b98b-3d198c6e1e5b/v2/es-CL/_next/static/chunks/framework-4ee3d8ce59863f3e.js:0:168013)
    at <anonymous> (https://i5.walmartimages.cl/dfw/63fd9f59-f3dd/cd15b695-8477-4972-b98b-3d198c6e1e5b/v2/es-CL/_next/static/chunks/framework-4ee3d8ce59863f3e.js:0:167880)
    at uI (https://i5.walmartimages.cl/dfw/63fd9f59-f3dd/cd15b695-8477-4972-b98b-3d198c6e1e5b/v2/es-CL/_next/static/chunks/framework-4ee3d8ce59863f3e.js:0:167887)
    at ux (https://i5.walmartimages.cl/dfw/63fd9f59-f3dd/cd15b695-8477-4972-b98b-3d198c6e1e5b/v2/es-CL/_next/static/chunks/framework-4ee3d8ce59863f3e.js:0:162926)
    at x (https://i5.walmartimages.cl/dfw/63fd9f59-f3dd/cd15b695-8477-4972-b98b-3d198c6e1e5b/v2/es-CL/_next/static/chunks/framework-4ee3d8ce59863f3e.js:0:206724)
    at R (https://i5.walmartimages.cl/dfw/63fd9f59-f3dd/cd15b695-8477-4972-b98b-3d198c6e1e5b/v2/es-CL/_next/static/chunks/framework-4ee3d8ce59863f3e.js:0:207254)
[    4522ms] Uncaught Error: Minified React error #418; visit https://reactjs.org/docs/error-decoder.html?invariant=418 for the full message or use the non-minified dev environment for full errors and additional helpful warnings.
    at ag (https://i5.walmartimages.cl/dfw/63fd9f59-f3dd/cd15b695-8477-4972-b98b-3d198c6e1e5b/v2/es-CL/_next/static/chunks/framework-4ee3d8ce59863f3e.js:0:115399)
    at i (https://i5.walmartimages.cl/dfw/63fd9f59-f3dd/cd15b695-8477-4972-b98b-3d198c6e1e5b/v2/es-CL/_next/static/chunks/framework-4ee3d8ce59863f3e.js:0:190046)
    at uD (https://i5.walmartimages.cl/dfw/63fd9f59-f3dd/cd15b695-8477-4972-b98b-3d198c6e1e5b/v2/es-CL/_next/static/chunks/framework-4ee3d8ce59863f3e.js:0:168013)
    at <anonymous> (https://i5.walmartimages.cl/dfw/63fd9f59-f3dd/cd15b695-8477-4972-b98b-3d198c6e1e5b/v2/es-CL/_next/static/chunks/framework-4ee3d8ce59863f3e.js:0:167880)
    at uI (https://i5.walmartimages.cl/dfw/63fd9f59-f3dd/cd15b695-8477-4972-b98b-3d198c6e1e5b/v2/es-CL/_next/static/chunks/framework-4ee3d8ce59863f3e.js:0:167887)
    at ux (https://i5.walmartimages.cl/dfw/63fd9f59-f3dd/cd15b695-8477-4972-b98b-3d198c6e1e5b/v2/es-CL/_next/static/chunks/framework-4ee3d8ce59863f3e.js:0:162926)
    at x (https://i5.walmartimages.cl/dfw/63fd9f59-f3dd/cd15b695-8477-4972-b98b-3d198c6e1e5b/v2/es-CL/_next/static/chunks/framework-4ee3d8ce59863f3e.js:0:206724)
    at R (https://i5.walmartimages.cl/dfw/63fd9f59-f3dd/cd15b695-8477-4972-b98b-3d198c6e1e5b/v2/es-CL/_next/static/chunks/framework-4ee3d8ce59863f3e.js:0:207254)
[    4523ms] Uncaught Error: Minified React error #418; visit https://reactjs.org/docs/error-decoder.html?invariant=418 for the full message or use the non-minified dev environment for full errors and additional helpful warnings.
    at ag (https://i5.walmartimages.cl/dfw/63fd9f59-f3dd/cd15b695-8477-4972-b98b-3d198c6e1e5b/v2/es-CL/_next/static/chunks/framework-4ee3d8ce59863f3e.js:0:115399)
    at i (https://i5.walmartimages.cl/dfw/63fd9f59-f3dd/cd15b695-8477-4972-b98b-3d198c6e1e5b/v2/es-CL/_next/static/chunks/framework-4ee3d8ce59863f3e.js:0:190046)
    at uD (https://i5.walmartimages.cl/dfw/63fd9f59-f3dd/cd15b695-8477-4972-b98b-3d198c6e1e5b/v2/es-CL/_next/static/chunks/framework-4ee3d8ce59863f3e.js:0:168013)
    at <anonymous> (https://i5.walmartimages.cl/dfw/63fd9f59-f3dd/cd15b695-8477-4972-b98b-3d198c6e1e5b/v2/es-CL/_next/static/chunks/framework-4ee3d8ce59863f3e.js:0:167880)
    at uI (https://i5.walmartimages.cl/dfw/63fd9f59-f3dd/cd15b695-8477-4972-b98b-3d198c6e1e5b/v2/es-CL/_next/static/chunks/framework-4ee3d8ce59863f3e.js:0:167887)
    at ux (https://i5.walmartimages.cl/dfw/63fd9f59-f3dd/cd15b695-8477-4972-b98b-3d198c6e1e5b/v2/es-CL/_next/static/chunks/framework-4ee3d8ce59863f3e.js:0:162926)
    at x (https://i5.walmartimages.cl/dfw/63fd9f59-f3dd/cd15b695-8477-4972-b98b-3d198c6e1e5b/v2/es-CL/_next/static/chunks/framework-4ee3d8ce59863f3e.js:0:206724)
    at R (https://i5.walmartimages.cl/dfw/63fd9f59-f3dd/cd15b695-8477-4972-b98b-3d198c6e1e5b/v2/es-CL/_next/static/chunks/framework-4ee3d8ce59863f3e.js:0:207254)
[    4523ms] Uncaught Error: Minified React error #418; visit https://reactjs.org/docs/error-decoder.html?invariant=418 for the full message or use the non-minified dev environment for full errors and additional helpful warnings.
    at ag (https://i5.walmartimages.cl/dfw/63fd9f59-f3dd/cd15b695-8477-4972-b98b-3d198c6e1e5b/v2/es-CL/_next/static/chunks/framework-4ee3d8ce59863f3e.js:0:115399)
    at i (https://i5.walmartimages.cl/dfw/63fd9f59-f3dd/cd15b695-8477-4972-b98b-3d198c6e1e5b/v2/es-CL/_next/static/chunks/framework-4ee3d8ce59863f3e.js:0:190046)
    at uD (https://i5.walmartimages.cl/dfw/63fd9f59-f3dd/cd15b695-8477-4972-b98b-3d198c6e1e5b/v2/es-CL/_next/static/chunks/framework-4ee3d8ce59863f3e.js:0:168013)
    at <anonymous> (https://i5.walmartimages.cl/dfw/63fd9f59-f3dd/cd15b695-8477-4972-b98b-3d198c6e1e5b/v2/es-CL/_next/static/chunks/framework-4ee3d8ce59863f3e.js:0:167880)
    at uI (https://i5.walmartimages.cl/dfw/63fd9f59-f3dd/cd15b695-8477-4972-b98b-3d198c6e1e5b/v2/es-CL/_next/static/chunks/framework-4ee3d8ce59863f3e.js:0:167887)
    at ux (https://i5.walmartimages.cl/dfw/63fd9f59-f3dd/cd15b695-8477-4972-b98b-3d198c6e1e5b/v2/es-CL/_next/static/chunks/framework-4ee3d8ce59863f3e.js:0:162926)
    at x (https://i5.walmartimages.cl/dfw/63fd9f59-f3dd/cd15b695-8477-4972-b98b-3d198c6e1e5b/v2/es-CL/_next/static/chunks/framework-4ee3d8ce59863f3e.js:0:206724)
    at R (https://i5.walmartimages.cl/dfw/63fd9f59-f3dd/cd15b695-8477-4972-b98b-3d198c6e1e5b/v2/es-CL/_next/static/chunks/framework-4ee3d8ce59863f3e.js:0:207254)
[    4523ms] Uncaught Error: Minified React error #423; visit https://reactjs.org/docs/error-decoder.html?invariant=423 for the full message or use the non-minified dev environment for full errors and additional helpful warnings.
    at i (https://i5.walmartimages.cl/dfw/63fd9f59-f3dd/cd15b695-8477-4972-b98b-3d198c6e1e5b/v2/es-CL/_next/static/chunks/framework-4ee3d8ce59863f3e.js:0:189715)
    at uD (https://i5.walmartimages.cl/dfw/63fd9f59-f3dd/cd15b695-8477-4972-b98b-3d198c6e1e5b/v2/es-CL/_next/static/chunks/framework-4ee3d8ce59863f3e.js:0:168013)
    at <anonymous> (https://i5.walmartimages.cl/dfw/63fd9f59-f3dd/cd15b695-8477-4972-b98b-3d198c6e1e5b/v2/es-CL/_next/static/chunks/framework-4ee3d8ce59863f3e.js:0:167880)
    at uI (https://i5.walmartimages.cl/dfw/63fd9f59-f3dd/cd15b695-8477-4972-b98b-3d198c6e1e5b/v2/es-CL/_next/static/chunks/framework-4ee3d8ce59863f3e.js:0:167887)
    at uE (https://i5.walmartimages.cl/dfw/63fd9f59-f3dd/cd15b695-8477-4972-b98b-3d198c6e1e5b/v2/es-CL/_next/static/chunks/framework-4ee3d8ce59863f3e.js:0:164639)
    at ux (https://i5.walmartimages.cl/dfw/63fd9f59-f3dd/cd15b695-8477-4972-b98b-3d198c6e1e5b/v2/es-CL/_next/static/chunks/framework-4ee3d8ce59863f3e.js:0:163194)
    at x (https://i5.walmartimages.cl/dfw/63fd9f59-f3dd/cd15b695-8477-4972-b98b-3d198c6e1e5b/v2/es-CL/_next/static/chunks/framework-4ee3d8ce59863f3e.js:0:206724)
    at R (https://i5.walmartimages.cl/dfw/63fd9f59-f3dd/cd15b695-8477-4972-b98b-3d198c6e1e5b/v2/es-CL/_next/static/chunks/framework-4ee3d8ce59863f3e.js:0:207254)
[    3960ms] [ERROR] Loading the image 'https://s.seedtag.com/cs/cookiesync/rtbhouse?channeluid=nLlrLWhNOFj04v2onv1U1-tpDEDE4IvitA2EGTr6sAM' violates the following Content Security Policy directive: "img-src 'self' *.azureedge.net *.bazaarvoice.com *.criteo.com *.digital-cloud-west.medallia.com *.digital-cloud.medallia.com *.doubleclick.net *.doubleverify.com *.google-analytics.com *.google.com.mx *.googleadservices.com *.googlesyndication.com *.googletagmanager.com *.imrworldwide.com *.instaleap.io *.kampyle.co *.kampyle.com *.lider.cl *.online-metrix.net *.px-cdn.net *.px-cloud.net *.sams.com.mx *.stylitics.com *.wal.co *.walmart.com.mx *.walmartimages.cl *.walmartimages.com *.youtube.com 1d81e75c4337a6e2e3c2-4a69748413de5fcbd7a7a944817c2356.ssl.cf1.rackcdn.com ad.doubleclick.net ads01.groovinads.com advertising.walmart.com analytics.google.com azmatch.adsrvr.org beacon-internal.walmart.com beacon-wmt.walmart.com beacon.affil.walmart.com beacon.beta-game.walmart.com beacon.beta.walmart.com beacon.bodegaea.com.mx beacon.classrooms.walmart.com beacon.despensa.bodegaaurrera.com.mx beacon.gm.lider.cl beacon.gr.lider.cl beacon.ondemand.bodegaaurrera.walmart.com beacon.photos.walmart.com beacon.savingscatcher.walmart.com beacon.stage.walmart.com beacon.super.lider.cl beacon.walmart.com beacon.walmart.com.mx beacon.www.bodegaaurrera.com.mx beacon.www.lider.cl beacon.www.sams.com.mx beacon.www.walmart.com.mx blob: c.bing.com cdn.doubleverify.com crs.midas.stg.prod.us.walmart.net crtormassetmguseprod.blob.core.windows.net cyborg-wm-auth-service-v2.jet.com data: drfdisvc.walmart.com dw.wmt.co fcc.flixcart.com googleads.g.doubleclick.net gum.criteo.com i.liadm.com i6.liadm.com ib.adnxs.com idsync.rlcdn.com in2.data.cloud.flipkart.net in3.data.cloud.flipkart.net ir.surveywall-api.survata.com maps.googleapis.com maps.gstatic.com monetisation-dsp.stage.walmart.com pixel.adsafeprotected.com receipts-query-wm-stg0.edge.walmart.com receipts-query.edge.walmart.com res.cloudinary.com s0.2mdn.net secure.adnxs.com securepubads.g.doubleclick.net static.adsafeprotected.com sync.mathtag.com t.myvisualiq.net tap.walmart.com tpc.googlesyndication.com us.creativecdn.com wrd.walmart.com www.facebook.com www.gstatic.com". The action has been blocked. @ https://super.lider.cl/search?q=atun+lomitos+lata:0
[    5635ms] [ERROR] Loading the image 'https://sync.go.sonobi.com/us.gif?nw=rh&nuid=nLlrLWhNOFj04v2onv1U1-tpDEDE4IvitA2EGTr6sAM' violates the following Content Security Policy directive: "img-src 'self' *.azureedge.net *.bazaarvoice.com *.criteo.com *.digital-cloud-west.medallia.com *.digital-cloud.medallia.com *.doubleclick.net *.doubleverify.com *.google-analytics.com *.google.com.mx *.googleadservices.com *.googlesyndication.com *.googletagmanager.com *.imrworldwide.com *.instaleap.io *.kampyle.co *.kampyle.com *.lider.cl *.online-metrix.net *.px-cdn.net *.px-cloud.net *.sams.com.mx *.stylitics.com *.wal.co *.walmart.com.mx *.walmartimages.cl *.walmartimages.com *.youtube.com 1d81e75c4337a6e2e3c2-4a69748413de5fcbd7a7a944817c2356.ssl.cf1.rackcdn.com ad.doubleclick.net ads01.groovinads.com advertising.walmart.com analytics.google.com azmatch.adsrvr.org beacon-internal.walmart.com beacon-wmt.walmart.com beacon.affil.walmart.com beacon.beta-game.walmart.com beacon.beta.walmart.com beacon.bodegaea.com.mx beacon.classrooms.walmart.com beacon.despensa.bodegaaurrera.com.mx beacon.gm.lider.cl beacon.gr.lider.cl beacon.ondemand.bodegaaurrera.walmart.com beacon.photos.walmart.com beacon.savingscatcher.walmart.com beacon.stage.walmart.com beacon.super.lider.cl beacon.walmart.com beacon.walmart.com.mx beacon.www.bodegaaurrera.com.mx beacon.www.lider.cl beacon.www.sams.com.mx beacon.www.walmart.com.mx blob: c.bing.com cdn.doubleverify.com crs.midas.stg.prod.us.walmart.net crtormassetmguseprod.blob.core.windows.net cyborg-wm-auth-service-v2.jet.com data: drfdisvc.walmart.com dw.wmt.co fcc.flixcart.com googleads.g.doubleclick.net gum.criteo.com i.liadm.com i6.liadm.com ib.adnxs.com idsync.rlcdn.com in2.data.cloud.flipkart.net in3.data.cloud.flipkart.net ir.surveywall-api.survata.com maps.googleapis.com maps.gstatic.com monetisation-dsp.stage.walmart.com pixel.adsafeprotected.com receipts-query-wm-stg0.edge.walmart.com receipts-query.edge.walmart.com res.cloudinary.com s0.2mdn.net secure.adnxs.com securepubads.g.doubleclick.net static.adsafeprotected.com sync.mathtag.com t.myvisualiq.net tap.walmart.com tpc.googlesyndication.com us.creativecdn.com wrd.walmart.com www.facebook.com www.gstatic.com". The action has been blocked. @ https://super.lider.cl/search?q=atun+lomitos+lata&facet=fulfillment_method%3ADelivery:0
