[    1911ms] Uncaught Error: Minified React error #425; visit https://reactjs.org/docs/error-decoder.html?invariant=425 for the full message or use the non-minified dev environment for full errors and additional helpful warnings.
    at rm (https://i5.walmartimages.cl/dfw/63fd9f59-f3dd/cd15b695-8477-4972-b98b-3d198c6e1e5b/v2/es-CL/_next/static/chunks/framework-4ee3d8ce59863f3e.js:0:109103)
    at <anonymous> (https://i5.walmartimages.cl/dfw/63fd9f59-f3dd/cd15b695-8477-4972-b98b-3d198c6e1e5b/v2/es-CL/_next/static/chunks/framework-4ee3d8ce59863f3e.js:0:172375)
    at uO (https://i5.walmartimages.cl/dfw/63fd9f59-f3dd/cd15b695-8477-4972-b98b-3d198c6e1e5b/v2/es-CL/_next/static/chunks/framework-4ee3d8ce59863f3e.js:0:175125)
    at uD (https://i5.walmartimages.cl/dfw/63fd9f59-f3dd/cd15b695-8477-4972-b98b-3d198c6e1e5b/v2/es-CL/_next/static/chunks/framework-4ee3d8ce59863f3e.js:0:168073)
    at <anonymous> (https://i5.walmartimages.cl/dfw/63fd9f59-f3dd/cd15b695-8477-4972-b98b-3d198c6e1e5b/v2/es-CL/_next/static/chunks/framework-4ee3d8ce59863f3e.js:0:167880)
    at uI (https://i5.walmartimages.cl/dfw/63fd9f59-f3dd/cd15b695-8477-4972-b98b-3d198c6e1e5b/v2/es-CL/_next/static/chunks/framework-4ee3d8ce59863f3e.js:0:167887)
    at ux (https://i5.walmartimages.cl/dfw/63fd9f59-f3dd/cd15b695-8477-4972-b98b-3d198c6e1e5b/v2/es-CL/_next/static/chunks/framework-4ee3d8ce59863f3e.js:0:162926)
    at x (https://i5.walmartimages.cl/dfw/63fd9f59-f3dd/cd15b695-8477-4972-b98b-3d198c6e1e5b/v2/es-CL/_next/static/chunks/framework-4ee3d8ce59863f3e.js:0:206724)
    at R (https://i5.walmartimages.cl/dfw/63fd9f59-f3dd/cd15b695-8477-4972-b98b-3d198c6e1e5b/v2/es-CL/_next/static/chunks/framework-4ee3d8ce59863f3e.js:0:207254)
[    1913ms] Uncaught Error: Minified React error #418; visit https://reactjs.org/docs/error-decoder.html?invariant=418 for the full message or use the non-minified dev environment for full errors and additional helpful warnings.
    at ag (https://i5.walmartimages.cl/dfw/63fd9f59-f3dd/cd15b695-8477-4972-b98b-3d198c6e1e5b/v2/es-CL/_next/static/chunks/framework-4ee3d8ce59863f3e.js:0:115399)
    at i (https://i5.walmartimages.cl/dfw/63fd9f59-f3dd/cd15b695-8477-4972-b98b-3d198c6e1e5b/v2/es-CL/_next/static/chunks/framework-4ee3d8ce59863f3e.js:0:190223)
    at uD (https://i5.walmartimages.cl/dfw/63fd9f59-f3dd/cd15b695-8477-4972-b98b-3d198c6e1e5b/v2/es-CL/_next/static/chunks/framework-4ee3d8ce59863f3e.js:0:168013)
    at <anonymous> (https://i5.walmartimages.cl/dfw/63fd9f59-f3dd/cd15b695-8477-4972-b98b-3d198c6e1e5b/v2/es-CL/_next/static/chunks/framework-4ee3d8ce59863f3e.js:0:167880)
    at uI (https://i5.walmartimages.cl/dfw/63fd9f59-f3dd/cd15b695-8477-4972-b98b-3d198c6e1e5b/v2/es-CL/_next/static/chunks/framework-4ee3d8ce59863f3e.js:0:167887)
    at ux (https://i5.walmartimages.cl/dfw/63fd9f59-f3dd/cd15b695-8477-4972-b98b-3d198c6e1e5b/v2/es-CL/_next/static/chunks/framework-4ee3d8ce59863f3e.js:0:162926)
    at x (https://i5.walmartimages.cl/dfw/63fd9f59-f3dd/cd15b695-8477-4972-b98b-3d198c6e1e5b/v2/es-CL/_next/static/chunks/framework-4ee3d8ce59863f3e.js:0:206724)
    at R (https://i5.walmartimages.cl/dfw/63fd9f59-f3dd/cd15b695-8477-4972-b98b-3d198c6e1e5b/v2/es-CL/_next/static/chunks/framework-4ee3d8ce59863f3e.js:0:207254)
[    1913ms] Uncaught Error: Minified React error #418; visit https://reactjs.org/docs/error-decoder.html?invariant=418 for the full message or use the non-minified dev environment for full errors and additional helpful warnings.
    at ag (https://i5.walmartimages.cl/dfw/63fd9f59-f3dd/cd15b695-8477-4972-b98b-3d198c6e1e5b/v2/es-CL/_next/static/chunks/framework-4ee3d8ce59863f3e.js:0:115399)
    at i (https://i5.walmartimages.cl/dfw/63fd9f59-f3dd/cd15b695-8477-4972-b98b-3d198c6e1e5b/v2/es-CL/_next/static/chunks/framework-4ee3d8ce59863f3e.js:0:190046)
    at uD (https://i5.walmartimages.cl/dfw/63fd9f59-f3dd/cd15b695-8477-4972-b98b-3d198c6e1e5b/v2/es-CL/_next/static/chunks/framework-4ee3d8ce59863f3e.js:0:168013)
    at <anonymous> (https://i5.walmartimages.cl/dfw/63fd9f59-f3dd/cd15b695-8477-4972-b98b-3d198c6e1e5b/v2/es-CL/_next/static/chunks/framework-4ee3d8ce59863f3e.js:0:167880)
    at uI (https://i5.walmartimages.cl/dfw/63fd9f59-f3dd/cd15b695-8477-4972-b98b-3d198c6e1e5b/v2/es-CL/_next/static/chunks/framework-4ee3d8ce59863f3e.js:0:167887)
    at ux (https://i5.walmartimages.cl/dfw/63fd9f59-f3dd/cd15b695-8477-4972-b98b-3d198c6e1e5b/v2/es-CL/_next/static/chunks/framework-4ee3d8ce59863f3e.js:0:162926)
    at x (https://i5.walmartimages.cl/dfw/63fd9f59-f3dd/cd15b695-8477-4972-b98b-3d198c6e1e5b/v2/es-CL/_next/static/chunks/framework-4ee3d8ce59863f3e.js:0:206724)
    at R (https://i5.walmartimages.cl/dfw/63fd9f59-f3dd/cd15b695-8477-4972-b98b-3d198c6e1e5b/v2/es-CL/_next/static/chunks/framework-4ee3d8ce59863f3e.js:0:207254)
[    1913ms] Uncaught Error: Minified React error #418; visit https://reactjs.org/docs/error-decoder.html?invariant=418 for the full message or use the non-minified dev environment for full errors and additional helpful warnings.
    at ag (https://i5.walmartimages.cl/dfw/63fd9f59-f3dd/cd15b695-8477-4972-b98b-3d198c6e1e5b/v2/es-CL/_next/static/chunks/framework-4ee3d8ce59863f3e.js:0:115399)
    at i (https://i5.walmartimages.cl/dfw/63fd9f59-f3dd/cd15b695-8477-4972-b98b-3d198c6e1e5b/v2/es-CL/_next/static/chunks/framework-4ee3d8ce59863f3e.js:0:190046)
    at uD (https://i5.walmartimages.cl/dfw/63fd9f59-f3dd/cd15b695-8477-4972-b98b-3d198c6e1e5b/v2/es-CL/_next/static/chunks/framework-4ee3d8ce59863f3e.js:0:168013)
    at <anonymous> (https://i5.walmartimages.cl/dfw/63fd9f59-f3dd/cd15b695-8477-4972-b98b-3d198c6e1e5b/v2/es-CL/_next/static/chunks/framework-4ee3d8ce59863f3e.js:0:167880)
    at uI (https://i5.walmartimages.cl/dfw/63fd9f59-f3dd/cd15b695-8477-4972-b98b-3d198c6e1e5b/v2/es-CL/_next/static/chunks/framework-4ee3d8ce59863f3e.js:0:167887)
    at ux (https://i5.walmartimages.cl/dfw/63fd9f59-f3dd/cd15b695-8477-4972-b98b-3d198c6e1e5b/v2/es-CL/_next/static/chunks/framework-4ee3d8ce59863f3e.js:0:162926)
    at x (https://i5.walmartimages.cl/dfw/63fd9f59-f3dd/cd15b695-8477-4972-b98b-3d198c6e1e5b/v2/es-CL/_next/static/chunks/framework-4ee3d8ce59863f3e.js:0:206724)
    at R (https://i5.walmartimages.cl/dfw/63fd9f59-f3dd/cd15b695-8477-4972-b98b-3d198c6e1e5b/v2/es-CL/_next/static/chunks/framework-4ee3d8ce59863f3e.js:0:207254)
[    1913ms] Uncaught Error: Minified React error #418; visit https://reactjs.org/docs/error-decoder.html?invariant=418 for the full message or use the non-minified dev environment for full errors and additional helpful warnings.
    at ag (https://i5.walmartimages.cl/dfw/63fd9f59-f3dd/cd15b695-8477-4972-b98b-3d198c6e1e5b/v2/es-CL/_next/static/chunks/framework-4ee3d8ce59863f3e.js:0:115399)
    at i (https://i5.walmartimages.cl/dfw/63fd9f59-f3dd/cd15b695-8477-4972-b98b-3d198c6e1e5b/v2/es-CL/_next/static/chunks/framework-4ee3d8ce59863f3e.js:0:190046)
    at uD (https://i5.walmartimages.cl/dfw/63fd9f59-f3dd/cd15b695-8477-4972-b98b-3d198c6e1e5b/v2/es-CL/_next/static/chunks/framework-4ee3d8ce59863f3e.js:0:168013)
    at <anonymous> (https://i5.walmartimages.cl/dfw/63fd9f59-f3dd/cd15b695-8477-4972-b98b-3d198c6e1e5b/v2/es-CL/_next/static/chunks/framework-4ee3d8ce59863f3e.js:0:167880)
    at uI (https://i5.walmartimages.cl/dfw/63fd9f59-f3dd/cd15b695-8477-4972-b98b-3d198c6e1e5b/v2/es-CL/_next/static/chunks/framework-4ee3d8ce59863f3e.js:0:167887)
    at ux (https://i5.walmartimages.cl/dfw/63fd9f59-f3dd/cd15b695-8477-4972-b98b-3d198c6e1e5b/v2/es-CL/_next/static/chunks/framework-4ee3d8ce59863f3e.js:0:162926)
    at x (https://i5.walmartimages.cl/dfw/63fd9f59-f3dd/cd15b695-8477-4972-b98b-3d198c6e1e5b/v2/es-CL/_next/static/chunks/framework-4ee3d8ce59863f3e.js:0:206724)
    at R (https://i5.walmartimages.cl/dfw/63fd9f59-f3dd/cd15b695-8477-4972-b98b-3d198c6e1e5b/v2/es-CL/_next/static/chunks/framework-4ee3d8ce59863f3e.js:0:207254)
[    1913ms] Uncaught Error: Minified React error #418; visit https://reactjs.org/docs/error-decoder.html?invariant=418 for the full message or use the non-minified dev environment for full errors and additional helpful warnings.
    at ag (https://i5.walmartimages.cl/dfw/63fd9f59-f3dd/cd15b695-8477-4972-b98b-3d198c6e1e5b/v2/es-CL/_next/static/chunks/framework-4ee3d8ce59863f3e.js:0:115399)
    at i (https://i5.walmartimages.cl/dfw/63fd9f59-f3dd/cd15b695-8477-4972-b98b-3d198c6e1e5b/v2/es-CL/_next/static/chunks/framework-4ee3d8ce59863f3e.js:0:190223)
    at uD (https://i5.walmartimages.cl/dfw/63fd9f59-f3dd/cd15b695-8477-4972-b98b-3d198c6e1e5b/v2/es-CL/_next/static/chunks/framework-4ee3d8ce59863f3e.js:0:168013)
    at <anonymous> (https://i5.walmartimages.cl/dfw/63fd9f59-f3dd/cd15b695-8477-4972-b98b-3d198c6e1e5b/v2/es-CL/_next/static/chunks/framework-4ee3d8ce59863f3e.js:0:167880)
    at uI (https://i5.walmartimages.cl/dfw/63fd9f59-f3dd/cd15b695-8477-4972-b98b-3d198c6e1e5b/v2/es-CL/_next/static/chunks/framework-4ee3d8ce59863f3e.js:0:167887)
    at ux (https://i5.walmartimages.cl/dfw/63fd9f59-f3dd/cd15b695-8477-4972-b98b-3d198c6e1e5b/v2/es-CL/_next/static/chunks/framework-4ee3d8ce59863f3e.js:0:162926)
    at x (https://i5.walmartimages.cl/dfw/63fd9f59-f3dd/cd15b695-8477-4972-b98b-3d198c6e1e5b/v2/es-CL/_next/static/chunks/framework-4ee3d8ce59863f3e.js:0:206724)
    at R (https://i5.walmartimages.cl/dfw/63fd9f59-f3dd/cd15b695-8477-4972-b98b-3d198c6e1e5b/v2/es-CL/_next/static/chunks/framework-4ee3d8ce59863f3e.js:0:207254)
[    1915ms] Uncaught Error: Minified React error #418; visit https://reactjs.org/docs/error-decoder.html?invariant=418 for the full message or use the non-minified dev environment for full errors and additional helpful warnings.
    at ag (https://i5.walmartimages.cl/dfw/63fd9f59-f3dd/cd15b695-8477-4972-b98b-3d198c6e1e5b/v2/es-CL/_next/static/chunks/framework-4ee3d8ce59863f3e.js:0:115399)
    at i (https://i5.walmartimages.cl/dfw/63fd9f59-f3dd/cd15b695-8477-4972-b98b-3d198c6e1e5b/v2/es-CL/_next/static/chunks/framework-4ee3d8ce59863f3e.js:0:190046)
    at uD (https://i5.walmartimages.cl/dfw/63fd9f59-f3dd/cd15b695-8477-4972-b98b-3d198c6e1e5b/v2/es-CL/_next/static/chunks/framework-4ee3d8ce59863f3e.js:0:168013)
    at <anonymous> (https://i5.walmartimages.cl/dfw/63fd9f59-f3dd/cd15b695-8477-4972-b98b-3d198c6e1e5b/v2/es-CL/_next/static/chunks/framework-4ee3d8ce59863f3e.js:0:167880)
    at uI (https://i5.walmartimages.cl/dfw/63fd9f59-f3dd/cd15b695-8477-4972-b98b-3d198c6e1e5b/v2/es-CL/_next/static/chunks/framework-4ee3d8ce59863f3e.js:0:167887)
    at ux (https://i5.walmartimages.cl/dfw/63fd9f59-f3dd/cd15b695-8477-4972-b98b-3d198c6e1e5b/v2/es-CL/_next/static/chunks/framework-4ee3d8ce59863f3e.js:0:162926)
    at x (https://i5.walmartimages.cl/dfw/63fd9f59-f3dd/cd15b695-8477-4972-b98b-3d198c6e1e5b/v2/es-CL/_next/static/chunks/framework-4ee3d8ce59863f3e.js:0:206724)
    at R (https://i5.walmartimages.cl/dfw/63fd9f59-f3dd/cd15b695-8477-4972-b98b-3d198c6e1e5b/v2/es-CL/_next/static/chunks/framework-4ee3d8ce59863f3e.js:0:207254)
[    1915ms] Uncaught Error: Minified React error #418; visit https://reactjs.org/docs/error-decoder.html?invariant=418 for the full message or use the non-minified dev environment for full errors and additional helpful warnings.
    at ag (https://i5.walmartimages.cl/dfw/63fd9f59-f3dd/cd15b695-8477-4972-b98b-3d198c6e1e5b/v2/es-CL/_next/static/chunks/framework-4ee3d8ce59863f3e.js:0:115399)
    at i (https://i5.walmartimages.cl/dfw/63fd9f59-f3dd/cd15b695-8477-4972-b98b-3d198c6e1e5b/v2/es-CL/_next/static/chunks/framework-4ee3d8ce59863f3e.js:0:190046)
    at uD (https://i5.walmartimages.cl/dfw/63fd9f59-f3dd/cd15b695-8477-4972-b98b-3d198c6e1e5b/v2/es-CL/_next/static/chunks/framework-4ee3d8ce59863f3e.js:0:168013)
    at <anonymous> (https://i5.walmartimages.cl/dfw/63fd9f59-f3dd/cd15b695-8477-4972-b98b-3d198c6e1e5b/v2/es-CL/_next/static/chunks/framework-4ee3d8ce59863f3e.js:0:167880)
    at uI (https://i5.walmartimages.cl/dfw/63fd9f59-f3dd/cd15b695-8477-4972-b98b-3d198c6e1e5b/v2/es-CL/_next/static/chunks/framework-4ee3d8ce59863f3e.js:0:167887)
    at ux (https://i5.walmartimages.cl/dfw/63fd9f59-f3dd/cd15b695-8477-4972-b98b-3d198c6e1e5b/v2/es-CL/_next/static/chunks/framework-4ee3d8ce59863f3e.js:0:162926)
    at x (https://i5.walmartimages.cl/dfw/63fd9f59-f3dd/cd15b695-8477-4972-b98b-3d198c6e1e5b/v2/es-CL/_next/static/chunks/framework-4ee3d8ce59863f3e.js:0:206724)
    at R (https://i5.walmartimages.cl/dfw/63fd9f59-f3dd/cd15b695-8477-4972-b98b-3d198c6e1e5b/v2/es-CL/_next/static/chunks/framework-4ee3d8ce59863f3e.js:0:207254)
[    1916ms] Uncaught Error: Minified React error #418; visit https://reactjs.org/docs/error-decoder.html?invariant=418 for the full message or use the non-minified dev environment for full errors and additional helpful warnings.
    at ag (https://i5.walmartimages.cl/dfw/63fd9f59-f3dd/cd15b695-8477-4972-b98b-3d198c6e1e5b/v2/es-CL/_next/static/chunks/framework-4ee3d8ce59863f3e.js:0:115399)
    at i (https://i5.walmartimages.cl/dfw/63fd9f59-f3dd/cd15b695-8477-4972-b98b-3d198c6e1e5b/v2/es-CL/_next/static/chunks/framework-4ee3d8ce59863f3e.js:0:190046)
    at uD (https://i5.walmartimages.cl/dfw/63fd9f59-f3dd/cd15b695-8477-4972-b98b-3d198c6e1e5b/v2/es-CL/_next/static/chunks/framework-4ee3d8ce59863f3e.js:0:168013)
    at <anonymous> (https://i5.walmartimages.cl/dfw/63fd9f59-f3dd/cd15b695-8477-4972-b98b-3d198c6e1e5b/v2/es-CL/_next/static/chunks/framework-4ee3d8ce59863f3e.js:0:167880)
    at uI (https://i5.walmartimages.cl/dfw/63fd9f59-f3dd/cd15b695-8477-4972-b98b-3d198c6e1e5b/v2/es-CL/_next/static/chunks/framework-4ee3d8ce59863f3e.js:0:167887)
    at ux (https://i5.walmartimages.cl/dfw/63fd9f59-f3dd/cd15b695-8477-4972-b98b-3d198c6e1e5b/v2/es-CL/_next/static/chunks/framework-4ee3d8ce59863f3e.js:0:162926)
    at x (https://i5.walmartimages.cl/dfw/63fd9f59-f3dd/cd15b695-8477-4972-b98b-3d198c6e1e5b/v2/es-CL/_next/static/chunks/framework-4ee3d8ce59863f3e.js:0:206724)
    at R (https://i5.walmartimages.cl/dfw/63fd9f59-f3dd/cd15b695-8477-4972-b98b-3d198c6e1e5b/v2/es-CL/_next/static/chunks/framework-4ee3d8ce59863f3e.js:0:207254)
[    1916ms] Uncaught Error: Minified React error #418; visit https://reactjs.org/docs/error-decoder.html?invariant=418 for the full message or use the non-minified dev environment for full errors and additional helpful warnings.
    at ag (https://i5.walmartimages.cl/dfw/63fd9f59-f3dd/cd15b695-8477-4972-b98b-3d198c6e1e5b/v2/es-CL/_next/static/chunks/framework-4ee3d8ce59863f3e.js:0:115399)
    at i (https://i5.walmartimages.cl/dfw/63fd9f59-f3dd/cd15b695-8477-4972-b98b-3d198c6e1e5b/v2/es-CL/_next/static/chunks/framework-4ee3d8ce59863f3e.js:0:190046)
    at uD (https://i5.walmartimages.cl/dfw/63fd9f59-f3dd/cd15b695-8477-4972-b98b-3d198c6e1e5b/v2/es-CL/_next/static/chunks/framework-4ee3d8ce59863f3e.js:0:168013)
    at <anonymous> (https://i5.walmartimages.cl/dfw/63fd9f59-f3dd/cd15b695-8477-4972-b98b-3d198c6e1e5b/v2/es-CL/_next/static/chunks/framework-4ee3d8ce59863f3e.js:0:167880)
    at uI (https://i5.walmartimages.cl/dfw/63fd9f59-f3dd/cd15b695-8477-4972-b98b-3d198c6e1e5b/v2/es-CL/_next/static/chunks/framework-4ee3d8ce59863f3e.js:0:167887)
    at ux (https://i5.walmartimages.cl/dfw/63fd9f59-f3dd/cd15b695-8477-4972-b98b-3d198c6e1e5b/v2/es-CL/_next/static/chunks/framework-4ee3d8ce59863f3e.js:0:162926)
    at x (https://i5.walmartimages.cl/dfw/63fd9f59-f3dd/cd15b695-8477-4972-b98b-3d198c6e1e5b/v2/es-CL/_next/static/chunks/framework-4ee3d8ce59863f3e.js:0:206724)
    at R (https://i5.walmartimages.cl/dfw/63fd9f59-f3dd/cd15b695-8477-4972-b98b-3d198c6e1e5b/v2/es-CL/_next/static/chunks/framework-4ee3d8ce59863f3e.js:0:207254)
[    1916ms] Uncaught Error: Minified React error #418; visit https://reactjs.org/docs/error-decoder.html?invariant=418 for the full message or use the non-minified dev environment for full errors and additional helpful warnings.
    at ag (https://i5.walmartimages.cl/dfw/63fd9f59-f3dd/cd15b695-8477-4972-b98b-3d198c6e1e5b/v2/es-CL/_next/static/chunks/framework-4ee3d8ce59863f3e.js:0:115399)
    at i (https://i5.walmartimages.cl/dfw/63fd9f59-f3dd/cd15b695-8477-4972-b98b-3d198c6e1e5b/v2/es-CL/_next/static/chunks/framework-4ee3d8ce59863f3e.js:0:190046)
    at uD (https://i5.walmartimages.cl/dfw/63fd9f59-f3dd/cd15b695-8477-4972-b98b-3d198c6e1e5b/v2/es-CL/_next/static/chunks/framework-4ee3d8ce59863f3e.js:0:168013)
    at <anonymous> (https://i5.walmartimages.cl/dfw/63fd9f59-f3dd/cd15b695-8477-4972-b98b-3d198c6e1e5b/v2/es-CL/_next/static/chunks/framework-4ee3d8ce59863f3e.js:0:167880)
    at uI (https://i5.walmartimages.cl/dfw/63fd9f59-f3dd/cd15b695-8477-4972-b98b-3d198c6e1e5b/v2/es-CL/_next/static/chunks/framework-4ee3d8ce59863f3e.js:0:167887)
    at ux (https://i5.walmartimages.cl/dfw/63fd9f59-f3dd/cd15b695-8477-4972-b98b-3d198c6e1e5b/v2/es-CL/_next/static/chunks/framework-4ee3d8ce59863f3e.js:0:162926)
    at x (https://i5.walmartimages.cl/dfw/63fd9f59-f3dd/cd15b695-8477-4972-b98b-3d198c6e1e5b/v2/es-CL/_next/static/chunks/framework-4ee3d8ce59863f3e.js:0:206724)
    at R (https://i5.walmartimages.cl/dfw/63fd9f59-f3dd/cd15b695-8477-4972-b98b-3d198c6e1e5b/v2/es-CL/_next/static/chunks/framework-4ee3d8ce59863f3e.js:0:207254)
[    1917ms] Uncaught Error: Minified React error #418; visit https://reactjs.org/docs/error-decoder.html?invariant=418 for the full message or use the non-minified dev environment for full errors and additional helpful warnings.
    at ag (https://i5.walmartimages.cl/dfw/63fd9f59-f3dd/cd15b695-8477-4972-b98b-3d198c6e1e5b/v2/es-CL/_next/static/chunks/framework-4ee3d8ce59863f3e.js:0:115399)
    at i (https://i5.walmartimages.cl/dfw/63fd9f59-f3dd/cd15b695-8477-4972-b98b-3d198c6e1e5b/v2/es-CL/_next/static/chunks/framework-4ee3d8ce59863f3e.js:0:190046)
    at uD (https://i5.walmartimages.cl/dfw/63fd9f59-f3dd/cd15b695-8477-4972-b98b-3d198c6e1e5b/v2/es-CL/_next/static/chunks/framework-4ee3d8ce59863f3e.js:0:168013)
    at <anonymous> (https://i5.walmartimages.cl/dfw/63fd9f59-f3dd/cd15b695-8477-4972-b98b-3d198c6e1e5b/v2/es-CL/_next/static/chunks/framework-4ee3d8ce59863f3e.js:0:167880)
    at uI (https://i5.walmartimages.cl/dfw/63fd9f59-f3dd/cd15b695-8477-4972-b98b-3d198c6e1e5b/v2/es-CL/_next/static/chunks/framework-4ee3d8ce59863f3e.js:0:167887)
    at ux (https://i5.walmartimages.cl/dfw/63fd9f59-f3dd/cd15b695-8477-4972-b98b-3d198c6e1e5b/v2/es-CL/_next/static/chunks/framework-4ee3d8ce59863f3e.js:0:162926)
    at x (https://i5.walmartimages.cl/dfw/63fd9f59-f3dd/cd15b695-8477-4972-b98b-3d198c6e1e5b/v2/es-CL/_next/static/chunks/framework-4ee3d8ce59863f3e.js:0:206724)
    at R (https://i5.walmartimages.cl/dfw/63fd9f59-f3dd/cd15b695-8477-4972-b98b-3d198c6e1e5b/v2/es-CL/_next/static/chunks/framework-4ee3d8ce59863f3e.js:0:207254)
[    1917ms] Uncaught Error: Minified React error #423; visit https://reactjs.org/docs/error-decoder.html?invariant=423 for the full message or use the non-minified dev environment for full errors and additional helpful warnings.
    at i (https://i5.walmartimages.cl/dfw/63fd9f59-f3dd/cd15b695-8477-4972-b98b-3d198c6e1e5b/v2/es-CL/_next/static/chunks/framework-4ee3d8ce59863f3e.js:0:189715)
    at uD (https://i5.walmartimages.cl/dfw/63fd9f59-f3dd/cd15b695-8477-4972-b98b-3d198c6e1e5b/v2/es-CL/_next/static/chunks/framework-4ee3d8ce59863f3e.js:0:168013)
    at <anonymous> (https://i5.walmartimages.cl/dfw/63fd9f59-f3dd/cd15b695-8477-4972-b98b-3d198c6e1e5b/v2/es-CL/_next/static/chunks/framework-4ee3d8ce59863f3e.js:0:167880)
    at uI (https://i5.walmartimages.cl/dfw/63fd9f59-f3dd/cd15b695-8477-4972-b98b-3d198c6e1e5b/v2/es-CL/_next/static/chunks/framework-4ee3d8ce59863f3e.js:0:167887)
    at uE (https://i5.walmartimages.cl/dfw/63fd9f59-f3dd/cd15b695-8477-4972-b98b-3d198c6e1e5b/v2/es-CL/_next/static/chunks/framework-4ee3d8ce59863f3e.js:0:164639)
    at ux (https://i5.walmartimages.cl/dfw/63fd9f59-f3dd/cd15b695-8477-4972-b98b-3d198c6e1e5b/v2/es-CL/_next/static/chunks/framework-4ee3d8ce59863f3e.js:0:163194)
    at x (https://i5.walmartimages.cl/dfw/63fd9f59-f3dd/cd15b695-8477-4972-b98b-3d198c6e1e5b/v2/es-CL/_next/static/chunks/framework-4ee3d8ce59863f3e.js:0:206724)
    at R (https://i5.walmartimages.cl/dfw/63fd9f59-f3dd/cd15b695-8477-4972-b98b-3d198c6e1e5b/v2/es-CL/_next/static/chunks/framework-4ee3d8ce59863f3e.js:0:207254)
