[    2730ms] [ERROR] Executing inline script violates the following Content Security Policy directive 'script-src 'self' 'strict-dynamic' 'unsafe-eval' *.creativecdn.com *.criteo.com *.developer.walmart.com *.digital-cloud-west.medallia.com *.digital-cloud.medallia.com *.doubleclick.net *.google-analytics.com *.google.com.mx *.googleadservices.com *.googletagmanager.com *.kampyle.co *.kampyle.com *.lider.cl *.px-cdn.net *.px-cloud.net *.quantummetric.com *.wal.co *.walmartimages.cl beacon.gm.lider.cl beacon.gr.lider.cl beacon.super.lider.cl beacon.www.lider.cl connect.facebook.net drfdisvc.walmart.com googleads.g.doubleclick.net i5.walmartimages.com www.recaptcha.net 'nonce-ypaTlBDxfCzn8_ZM''. Either the 'unsafe-inline' keyword, a hash ('sha256-FfcicddyNp2nG/fhRGPUbM1AVyA9UBO+UzxpsRlS0gc='), or a nonce ('nonce-...') is required to enable inline execution. The action has been blocked. @ https://super.lider.cl/ip/refrigerados/00780282017525:1
[    2735ms] [ERROR] Loading the script 'https://super.lider.cl/akam/13/1e010af5' violates the following Content Security Policy directive: "script-src 'self' 'strict-dynamic' 'unsafe-eval' *.creativecdn.com *.criteo.com *.developer.walmart.com *.digital-cloud-west.medallia.com *.digital-cloud.medallia.com *.doubleclick.net *.google-analytics.com *.google.com.mx *.googleadservices.com *.googletagmanager.com *.kampyle.co *.kampyle.com *.lider.cl *.px-cdn.net *.px-cloud.net *.quantummetric.com *.wal.co *.walmartimages.cl beacon.gm.lider.cl beacon.gr.lider.cl beacon.super.lider.cl beacon.www.lider.cl connect.facebook.net drfdisvc.walmart.com googleads.g.doubleclick.net i5.walmartimages.com www.recaptcha.net 'nonce-ypaTlBDxfCzn8_ZM'". Note that 'strict-dynamic' is present, so host-based allowlisting is disabled. Note that 'script-src-elem' was not explicitly set, so 'script-src' is used as a fallback. The action has been blocked. @ https://super.lider.cl/ip/refrigerados/00780282017525:0
[    3901ms] Uncaught Error: Minified React error #425; visit https://reactjs.org/docs/error-decoder.html?invariant=425 for the full message or use the non-minified dev environment for full errors and additional helpful warnings.
    at rm (https://i5.walmartimages.cl/dfw/63fd9f59-f3dd/cd15b695-8477-4972-b98b-3d198c6e1e5b/v2/es-CL/_next/static/chunks/framework-4ee3d8ce59863f3e.js:0:109103)
    at <anonymous> (https://i5.walmartimages.cl/dfw/63fd9f59-f3dd/cd15b695-8477-4972-b98b-3d198c6e1e5b/v2/es-CL/_next/static/chunks/framework-4ee3d8ce59863f3e.js:0:172375)
    at uO (https://i5.walmartimages.cl/dfw/63fd9f59-f3dd/cd15b695-8477-4972-b98b-3d198c6e1e5b/v2/es-CL/_next/static/chunks/framework-4ee3d8ce59863f3e.js:0:175125)
    at uD (https://i5.walmartimages.cl/dfw/63fd9f59-f3dd/cd15b695-8477-4972-b98b-3d198c6e1e5b/v2/es-CL/_next/static/chunks/framework-4ee3d8ce59863f3e.js:0:168073)
    at <anonymous> (https://i5.walmartimages.cl/dfw/63fd9f59-f3dd/cd15b695-8477-4972-b98b-3d198c6e1e5b/v2/es-CL/_next/static/chunks/framework-4ee3d8ce59863f3e.js:0:167880)
    at uI (https://i5.walmartimages.cl/dfw/63fd9f59-f3dd/cd15b695-8477-4972-b98b-3d198c6e1e5b/v2/es-CL/_next/static/chunks/framework-4ee3d8ce59863f3e.js:0:167887)
    at ux (https://i5.walmartimages.cl/dfw/63fd9f59-f3dd/cd15b695-8477-4972-b98b-3d198c6e1e5b/v2/es-CL/_next/static/chunks/framework-4ee3d8ce59863f3e.js:0:162926)
    at x (https://i5.walmartimages.cl/dfw/63fd9f59-f3dd/cd15b695-8477-4972-b98b-3d198c6e1e5b/v2/es-CL/_next/static/chunks/framework-4ee3d8ce59863f3e.js:0:206724)
    at R (https://i5.walmartimages.cl/dfw/63fd9f59-f3dd/cd15b695-8477-4972-b98b-3d198c6e1e5b/v2/es-CL/_next/static/chunks/framework-4ee3d8ce59863f3e.js:0:207254)
[    3902ms] Uncaught Error: Minified React error #418; visit https://reactjs.org/docs/error-decoder.html?invariant=418 for the full message or use the non-minified dev environment for full errors and additional helpful warnings.
    at ag (https://i5.walmartimages.cl/dfw/63fd9f59-f3dd/cd15b695-8477-4972-b98b-3d198c6e1e5b/v2/es-CL/_next/static/chunks/framework-4ee3d8ce59863f3e.js:0:115279)
    at i (https://i5.walmartimages.cl/dfw/63fd9f59-f3dd/cd15b695-8477-4972-b98b-3d198c6e1e5b/v2/es-CL/_next/static/chunks/framework-4ee3d8ce59863f3e.js:0:190223)
    at uD (https://i5.walmartimages.cl/dfw/63fd9f59-f3dd/cd15b695-8477-4972-b98b-3d198c6e1e5b/v2/es-CL/_next/static/chunks/framework-4ee3d8ce59863f3e.js:0:168013)
    at <anonymous> (https://i5.walmartimages.cl/dfw/63fd9f59-f3dd/cd15b695-8477-4972-b98b-3d198c6e1e5b/v2/es-CL/_next/static/chunks/framework-4ee3d8ce59863f3e.js:0:167880)
    at uI (https://i5.walmartimages.cl/dfw/63fd9f59-f3dd/cd15b695-8477-4972-b98b-3d198c6e1e5b/v2/es-CL/_next/static/chunks/framework-4ee3d8ce59863f3e.js:0:167887)
    at ux (https://i5.walmartimages.cl/dfw/63fd9f59-f3dd/cd15b695-8477-4972-b98b-3d198c6e1e5b/v2/es-CL/_next/static/chunks/framework-4ee3d8ce59863f3e.js:0:162926)
    at x (https://i5.walmartimages.cl/dfw/63fd9f59-f3dd/cd15b695-8477-4972-b98b-3d198c6e1e5b/v2/es-CL/_next/static/chunks/framework-4ee3d8ce59863f3e.js:0:206724)
    at R (https://i5.walmartimages.cl/dfw/63fd9f59-f3dd/cd15b695-8477-4972-b98b-3d198c6e1e5b/v2/es-CL/_next/static/chunks/framework-4ee3d8ce59863f3e.js:0:207254)
[    3902ms] Uncaught Error: Minified React error #418; visit https://reactjs.org/docs/error-decoder.html?invariant=418 for the full message or use the non-minified dev environment for full errors and additional helpful warnings.
    at ag (https://i5.walmartimages.cl/dfw/63fd9f59-f3dd/cd15b695-8477-4972-b98b-3d198c6e1e5b/v2/es-CL/_next/static/chunks/framework-4ee3d8ce59863f3e.js:0:115399)
    at i (https://i5.walmartimages.cl/dfw/63fd9f59-f3dd/cd15b695-8477-4972-b98b-3d198c6e1e5b/v2/es-CL/_next/static/chunks/framework-4ee3d8ce59863f3e.js:0:190046)
    at uD (https://i5.walmartimages.cl/dfw/63fd9f59-f3dd/cd15b695-8477-4972-b98b-3d198c6e1e5b/v2/es-CL/_next/static/chunks/framework-4ee3d8ce59863f3e.js:0:168013)
    at <anonymous> (https://i5.walmartimages.cl/dfw/63fd9f59-f3dd/cd15b695-8477-4972-b98b-3d198c6e1e5b/v2/es-CL/_next/static/chunks/framework-4ee3d8ce59863f3e.js:0:167880)
    at uI (https://i5.walmartimages.cl/dfw/63fd9f59-f3dd/cd15b695-8477-4972-b98b-3d198c6e1e5b/v2/es-CL/_next/static/chunks/framework-4ee3d8ce59863f3e.js:0:167887)
    at ux (https://i5.walmartimages.cl/dfw/63fd9f59-f3dd/cd15b695-8477-4972-b98b-3d198c6e1e5b/v2/es-CL/_next/static/chunks/framework-4ee3d8ce59863f3e.js:0:162926)
    at x (https://i5.walmartimages.cl/dfw/63fd9f59-f3dd/cd15b695-8477-4972-b98b-3d198c6e1e5b/v2/es-CL/_next/static/chunks/framework-4ee3d8ce59863f3e.js:0:206724)
    at R (https://i5.walmartimages.cl/dfw/63fd9f59-f3dd/cd15b695-8477-4972-b98b-3d198c6e1e5b/v2/es-CL/_next/static/chunks/framework-4ee3d8ce59863f3e.js:0:207254)
[    3902ms] Uncaught Error: Minified React error #418; visit https://reactjs.org/docs/error-decoder.html?invariant=418 for the full message or use the non-minified dev environment for full errors and additional helpful warnings.
    at ag (https://i5.walmartimages.cl/dfw/63fd9f59-f3dd/cd15b695-8477-4972-b98b-3d198c6e1e5b/v2/es-CL/_next/static/chunks/framework-4ee3d8ce59863f3e.js:0:115399)
    at i (https://i5.walmartimages.cl/dfw/63fd9f59-f3dd/cd15b695-8477-4972-b98b-3d198c6e1e5b/v2/es-CL/_next/static/chunks/framework-4ee3d8ce59863f3e.js:0:190046)
    at uD (https://i5.walmartimages.cl/dfw/63fd9f59-f3dd/cd15b695-8477-4972-b98b-3d198c6e1e5b/v2/es-CL/_next/static/chunks/framework-4ee3d8ce59863f3e.js:0:168013)
    at <anonymous> (https://i5.walmartimages.cl/dfw/63fd9f59-f3dd/cd15b695-8477-4972-b98b-3d198c6e1e5b/v2/es-CL/_next/static/chunks/framework-4ee3d8ce59863f3e.js:0:167880)
    at uI (https://i5.walmartimages.cl/dfw/63fd9f59-f3dd/cd15b695-8477-4972-b98b-3d198c6e1e5b/v2/es-CL/_next/static/chunks/framework-4ee3d8ce59863f3e.js:0:167887)
    at ux (https://i5.walmartimages.cl/dfw/63fd9f59-f3dd/cd15b695-8477-4972-b98b-3d198c6e1e5b/v2/es-CL/_next/static/chunks/framework-4ee3d8ce59863f3e.js:0:162926)
    at x (https://i5.walmartimages.cl/dfw/63fd9f59-f3dd/cd15b695-8477-4972-b98b-3d198c6e1e5b/v2/es-CL/_next/static/chunks/framework-4ee3d8ce59863f3e.js:0:206724)
    at R (https://i5.walmartimages.cl/dfw/63fd9f59-f3dd/cd15b695-8477-4972-b98b-3d198c6e1e5b/v2/es-CL/_next/static/chunks/framework-4ee3d8ce59863f3e.js:0:207254)
[    3902ms] Uncaught Error: Minified React error #418; visit https://reactjs.org/docs/error-decoder.html?invariant=418 for the full message or use the non-minified dev environment for full errors and additional helpful warnings.
    at ag (https://i5.walmartimages.cl/dfw/63fd9f59-f3dd/cd15b695-8477-4972-b98b-3d198c6e1e5b/v2/es-CL/_next/static/chunks/framework-4ee3d8ce59863f3e.js:0:115399)
    at i (https://i5.walmartimages.cl/dfw/63fd9f59-f3dd/cd15b695-8477-4972-b98b-3d198c6e1e5b/v2/es-CL/_next/static/chunks/framework-4ee3d8ce59863f3e.js:0:190046)
    at uD (https://i5.walmartimages.cl/dfw/63fd9f59-f3dd/cd15b695-8477-4972-b98b-3d198c6e1e5b/v2/es-CL/_next/static/chunks/framework-4ee3d8ce59863f3e.js:0:168013)
    at <anonymous> (https://i5.walmartimages.cl/dfw/63fd9f59-f3dd/cd15b695-8477-4972-b98b-3d198c6e1e5b/v2/es-CL/_next/static/chunks/framework-4ee3d8ce59863f3e.js:0:167880)
    at uI (https://i5.walmartimages.cl/dfw/63fd9f59-f3dd/cd15b695-8477-4972-b98b-3d198c6e1e5b/v2/es-CL/_next/static/chunks/framework-4ee3d8ce59863f3e.js:0:167887)
    at ux (https://i5.walmartimages.cl/dfw/63fd9f59-f3dd/cd15b695-8477-4972-b98b-3d198c6e1e5b/v2/es-CL/_next/static/chunks/framework-4ee3d8ce59863f3e.js:0:162926)
    at x (https://i5.walmartimages.cl/dfw/63fd9f59-f3dd/cd15b695-8477-4972-b98b-3d198c6e1e5b/v2/es-CL/_next/static/chunks/framework-4ee3d8ce59863f3e.js:0:206724)
    at R (https://i5.walmartimages.cl/dfw/63fd9f59-f3dd/cd15b695-8477-4972-b98b-3d198c6e1e5b/v2/es-CL/_next/static/chunks/framework-4ee3d8ce59863f3e.js:0:207254)
[    3902ms] Uncaught Error: Minified React error #418; visit https://reactjs.org/docs/error-decoder.html?invariant=418 for the full message or use the non-minified dev environment for full errors and additional helpful warnings.
    at ag (https://i5.walmartimages.cl/dfw/63fd9f59-f3dd/cd15b695-8477-4972-b98b-3d198c6e1e5b/v2/es-CL/_next/static/chunks/framework-4ee3d8ce59863f3e.js:0:115399)
    at i (https://i5.walmartimages.cl/dfw/63fd9f59-f3dd/cd15b695-8477-4972-b98b-3d198c6e1e5b/v2/es-CL/_next/static/chunks/framework-4ee3d8ce59863f3e.js:0:190046)
    at uD (https://i5.walmartimages.cl/dfw/63fd9f59-f3dd/cd15b695-8477-4972-b98b-3d198c6e1e5b/v2/es-CL/_next/static/chunks/framework-4ee3d8ce59863f3e.js:0:168013)
    at <anonymous> (https://i5.walmartimages.cl/dfw/63fd9f59-f3dd/cd15b695-8477-4972-b98b-3d198c6e1e5b/v2/es-CL/_next/static/chunks/framework-4ee3d8ce59863f3e.js:0:167880)
    at uI (https://i5.walmartimages.cl/dfw/63fd9f59-f3dd/cd15b695-8477-4972-b98b-3d198c6e1e5b/v2/es-CL/_next/static/chunks/framework-4ee3d8ce59863f3e.js:0:167887)
    at ux (https://i5.walmartimages.cl/dfw/63fd9f59-f3dd/cd15b695-8477-4972-b98b-3d198c6e1e5b/v2/es-CL/_next/static/chunks/framework-4ee3d8ce59863f3e.js:0:162926)
    at x (https://i5.walmartimages.cl/dfw/63fd9f59-f3dd/cd15b695-8477-4972-b98b-3d198c6e1e5b/v2/es-CL/_next/static/chunks/framework-4ee3d8ce59863f3e.js:0:206724)
    at R (https://i5.walmartimages.cl/dfw/63fd9f59-f3dd/cd15b695-8477-4972-b98b-3d198c6e1e5b/v2/es-CL/_next/static/chunks/framework-4ee3d8ce59863f3e.js:0:207254)
[    3902ms] Uncaught Error: Minified React error #418; visit https://reactjs.org/docs/error-decoder.html?invariant=418 for the full message or use the non-minified dev environment for full errors and additional helpful warnings.
    at ag (https://i5.walmartimages.cl/dfw/63fd9f59-f3dd/cd15b695-8477-4972-b98b-3d198c6e1e5b/v2/es-CL/_next/static/chunks/framework-4ee3d8ce59863f3e.js:0:115399)
    at i (https://i5.walmartimages.cl/dfw/63fd9f59-f3dd/cd15b695-8477-4972-b98b-3d198c6e1e5b/v2/es-CL/_next/static/chunks/framework-4ee3d8ce59863f3e.js:0:190223)
    at uD (https://i5.walmartimages.cl/dfw/63fd9f59-f3dd/cd15b695-8477-4972-b98b-3d198c6e1e5b/v2/es-CL/_next/static/chunks/framework-4ee3d8ce59863f3e.js:0:168013)
    at <anonymous> (https://i5.walmartimages.cl/dfw/63fd9f59-f3dd/cd15b695-8477-4972-b98b-3d198c6e1e5b/v2/es-CL/_next/static/chunks/framework-4ee3d8ce59863f3e.js:0:167880)
    at uI (https://i5.walmartimages.cl/dfw/63fd9f59-f3dd/cd15b695-8477-4972-b98b-3d198c6e1e5b/v2/es-CL/_next/static/chunks/framework-4ee3d8ce59863f3e.js:0:167887)
    at ux (https://i5.walmartimages.cl/dfw/63fd9f59-f3dd/cd15b695-8477-4972-b98b-3d198c6e1e5b/v2/es-CL/_next/static/chunks/framework-4ee3d8ce59863f3e.js:0:162926)
    at x (https://i5.walmartimages.cl/dfw/63fd9f59-f3dd/cd15b695-8477-4972-b98b-3d198c6e1e5b/v2/es-CL/_next/static/chunks/framework-4ee3d8ce59863f3e.js:0:206724)
    at R (https://i5.walmartimages.cl/dfw/63fd9f59-f3dd/cd15b695-8477-4972-b98b-3d198c6e1e5b/v2/es-CL/_next/static/chunks/framework-4ee3d8ce59863f3e.js:0:207254)
[    3902ms] Uncaught Error: Minified React error #418; visit https://reactjs.org/docs/error-decoder.html?invariant=418 for the full message or use the non-minified dev environment for full errors and additional helpful warnings.
    at ag (https://i5.walmartimages.cl/dfw/63fd9f59-f3dd/cd15b695-8477-4972-b98b-3d198c6e1e5b/v2/es-CL/_next/static/chunks/framework-4ee3d8ce59863f3e.js:0:115399)
    at i (https://i5.walmartimages.cl/dfw/63fd9f59-f3dd/cd15b695-8477-4972-b98b-3d198c6e1e5b/v2/es-CL/_next/static/chunks/framework-4ee3d8ce59863f3e.js:0:190046)
    at uD (https://i5.walmartimages.cl/dfw/63fd9f59-f3dd/cd15b695-8477-4972-b98b-3d198c6e1e5b/v2/es-CL/_next/static/chunks/framework-4ee3d8ce59863f3e.js:0:168013)
    at <anonymous> (https://i5.walmartimages.cl/dfw/63fd9f59-f3dd/cd15b695-8477-4972-b98b-3d198c6e1e5b/v2/es-CL/_next/static/chunks/framework-4ee3d8ce59863f3e.js:0:167880)
    at uI (https://i5.walmartimages.cl/dfw/63fd9f59-f3dd/cd15b695-8477-4972-b98b-3d198c6e1e5b/v2/es-CL/_next/static/chunks/framework-4ee3d8ce59863f3e.js:0:167887)
    at ux (https://i5.walmartimages.cl/dfw/63fd9f59-f3dd/cd15b695-8477-4972-b98b-3d198c6e1e5b/v2/es-CL/_next/static/chunks/framework-4ee3d8ce59863f3e.js:0:162926)
    at x (https://i5.walmartimages.cl/dfw/63fd9f59-f3dd/cd15b695-8477-4972-b98b-3d198c6e1e5b/v2/es-CL/_next/static/chunks/framework-4ee3d8ce59863f3e.js:0:206724)
    at R (https://i5.walmartimages.cl/dfw/63fd9f59-f3dd/cd15b695-8477-4972-b98b-3d198c6e1e5b/v2/es-CL/_next/static/chunks/framework-4ee3d8ce59863f3e.js:0:207254)
[    3902ms] Uncaught Error: Minified React error #418; visit https://reactjs.org/docs/error-decoder.html?invariant=418 for the full message or use the non-minified dev environment for full errors and additional helpful warnings.
    at ag (https://i5.walmartimages.cl/dfw/63fd9f59-f3dd/cd15b695-8477-4972-b98b-3d198c6e1e5b/v2/es-CL/_next/static/chunks/framework-4ee3d8ce59863f3e.js:0:115399)
    at i (https://i5.walmartimages.cl/dfw/63fd9f59-f3dd/cd15b695-8477-4972-b98b-3d198c6e1e5b/v2/es-CL/_next/static/chunks/framework-4ee3d8ce59863f3e.js:0:190046)
    at uD (https://i5.walmartimages.cl/dfw/63fd9f59-f3dd/cd15b695-8477-4972-b98b-3d198c6e1e5b/v2/es-CL/_next/static/chunks/framework-4ee3d8ce59863f3e.js:0:168013)
    at <anonymous> (https://i5.walmartimages.cl/dfw/63fd9f59-f3dd/cd15b695-8477-4972-b98b-3d198c6e1e5b/v2/es-CL/_next/static/chunks/framework-4ee3d8ce59863f3e.js:0:167880)
    at uI (https://i5.walmartimages.cl/dfw/63fd9f59-f3dd/cd15b695-8477-4972-b98b-3d198c6e1e5b/v2/es-CL/_next/static/chunks/framework-4ee3d8ce59863f3e.js:0:167887)
    at ux (https://i5.walmartimages.cl/dfw/63fd9f59-f3dd/cd15b695-8477-4972-b98b-3d198c6e1e5b/v2/es-CL/_next/static/chunks/framework-4ee3d8ce59863f3e.js:0:162926)
    at x (https://i5.walmartimages.cl/dfw/63fd9f59-f3dd/cd15b695-8477-4972-b98b-3d198c6e1e5b/v2/es-CL/_next/static/chunks/framework-4ee3d8ce59863f3e.js:0:206724)
    at R (https://i5.walmartimages.cl/dfw/63fd9f59-f3dd/cd15b695-8477-4972-b98b-3d198c6e1e5b/v2/es-CL/_next/static/chunks/framework-4ee3d8ce59863f3e.js:0:207254)
[    3902ms] Uncaught Error: Minified React error #418; visit https://reactjs.org/docs/error-decoder.html?invariant=418 for the full message or use the non-minified dev environment for full errors and additional helpful warnings.
    at ag (https://i5.walmartimages.cl/dfw/63fd9f59-f3dd/cd15b695-8477-4972-b98b-3d198c6e1e5b/v2/es-CL/_next/static/chunks/framework-4ee3d8ce59863f3e.js:0:115399)
    at i (https://i5.walmartimages.cl/dfw/63fd9f59-f3dd/cd15b695-8477-4972-b98b-3d198c6e1e5b/v2/es-CL/_next/static/chunks/framework-4ee3d8ce59863f3e.js:0:190046)
    at uD (https://i5.walmartimages.cl/dfw/63fd9f59-f3dd/cd15b695-8477-4972-b98b-3d198c6e1e5b/v2/es-CL/_next/static/chunks/framework-4ee3d8ce59863f3e.js:0:168013)
    at <anonymous> (https://i5.walmartimages.cl/dfw/63fd9f59-f3dd/cd15b695-8477-4972-b98b-3d198c6e1e5b/v2/es-CL/_next/static/chunks/framework-4ee3d8ce59863f3e.js:0:167880)
    at uI (https://i5.walmartimages.cl/dfw/63fd9f59-f3dd/cd15b695-8477-4972-b98b-3d198c6e1e5b/v2/es-CL/_next/static/chunks/framework-4ee3d8ce59863f3e.js:0:167887)
    at ux (https://i5.walmartimages.cl/dfw/63fd9f59-f3dd/cd15b695-8477-4972-b98b-3d198c6e1e5b/v2/es-CL/_next/static/chunks/framework-4ee3d8ce59863f3e.js:0:162926)
    at x (https://i5.walmartimages.cl/dfw/63fd9f59-f3dd/cd15b695-8477-4972-b98b-3d198c6e1e5b/v2/es-CL/_next/static/chunks/framework-4ee3d8ce59863f3e.js:0:206724)
    at R (https://i5.walmartimages.cl/dfw/63fd9f59-f3dd/cd15b695-8477-4972-b98b-3d198c6e1e5b/v2/es-CL/_next/static/chunks/framework-4ee3d8ce59863f3e.js:0:207254)
[    3904ms] Uncaught Error: Minified React error #418; visit https://reactjs.org/docs/error-decoder.html?invariant=418 for the full message or use the non-minified dev environment for full errors and additional helpful warnings.
    at ag (https://i5.walmartimages.cl/dfw/63fd9f59-f3dd/cd15b695-8477-4972-b98b-3d198c6e1e5b/v2/es-CL/_next/static/chunks/framework-4ee3d8ce59863f3e.js:0:115399)
    at i (https://i5.walmartimages.cl/dfw/63fd9f59-f3dd/cd15b695-8477-4972-b98b-3d198c6e1e5b/v2/es-CL/_next/static/chunks/framework-4ee3d8ce59863f3e.js:0:190046)
    at uD (https://i5.walmartimages.cl/dfw/63fd9f59-f3dd/cd15b695-8477-4972-b98b-3d198c6e1e5b/v2/es-CL/_next/static/chunks/framework-4ee3d8ce59863f3e.js:0:168013)
    at <anonymous> (https://i5.walmartimages.cl/dfw/63fd9f59-f3dd/cd15b695-8477-4972-b98b-3d198c6e1e5b/v2/es-CL/_next/static/chunks/framework-4ee3d8ce59863f3e.js:0:167880)
    at uI (https://i5.walmartimages.cl/dfw/63fd9f59-f3dd/cd15b695-8477-4972-b98b-3d198c6e1e5b/v2/es-CL/_next/static/chunks/framework-4ee3d8ce59863f3e.js:0:167887)
    at ux (https://i5.walmartimages.cl/dfw/63fd9f59-f3dd/cd15b695-8477-4972-b98b-3d198c6e1e5b/v2/es-CL/_next/static/chunks/framework-4ee3d8ce59863f3e.js:0:162926)
    at x (https://i5.walmartimages.cl/dfw/63fd9f59-f3dd/cd15b695-8477-4972-b98b-3d198c6e1e5b/v2/es-CL/_next/static/chunks/framework-4ee3d8ce59863f3e.js:0:206724)
    at R (https://i5.walmartimages.cl/dfw/63fd9f59-f3dd/cd15b695-8477-4972-b98b-3d198c6e1e5b/v2/es-CL/_next/static/chunks/framework-4ee3d8ce59863f3e.js:0:207254)
[    3904ms] Uncaught Error: Minified React error #418; visit https://reactjs.org/docs/error-decoder.html?invariant=418 for the full message or use the non-minified dev environment for full errors and additional helpful warnings.
    at ag (https://i5.walmartimages.cl/dfw/63fd9f59-f3dd/cd15b695-8477-4972-b98b-3d198c6e1e5b/v2/es-CL/_next/static/chunks/framework-4ee3d8ce59863f3e.js:0:115399)
    at i (https://i5.walmartimages.cl/dfw/63fd9f59-f3dd/cd15b695-8477-4972-b98b-3d198c6e1e5b/v2/es-CL/_next/static/chunks/framework-4ee3d8ce59863f3e.js:0:190046)
    at uD (https://i5.walmartimages.cl/dfw/63fd9f59-f3dd/cd15b695-8477-4972-b98b-3d198c6e1e5b/v2/es-CL/_next/static/chunks/framework-4ee3d8ce59863f3e.js:0:168013)
    at <anonymous> (https://i5.walmartimages.cl/dfw/63fd9f59-f3dd/cd15b695-8477-4972-b98b-3d198c6e1e5b/v2/es-CL/_next/static/chunks/framework-4ee3d8ce59863f3e.js:0:167880)
    at uI (https://i5.walmartimages.cl/dfw/63fd9f59-f3dd/cd15b695-8477-4972-b98b-3d198c6e1e5b/v2/es-CL/_next/static/chunks/framework-4ee3d8ce59863f3e.js:0:167887)
    at ux (https://i5.walmartimages.cl/dfw/63fd9f59-f3dd/cd15b695-8477-4972-b98b-3d198c6e1e5b/v2/es-CL/_next/static/chunks/framework-4ee3d8ce59863f3e.js:0:162926)
    at x (https://i5.walmartimages.cl/dfw/63fd9f59-f3dd/cd15b695-8477-4972-b98b-3d198c6e1e5b/v2/es-CL/_next/static/chunks/framework-4ee3d8ce59863f3e.js:0:206724)
    at R (https://i5.walmartimages.cl/dfw/63fd9f59-f3dd/cd15b695-8477-4972-b98b-3d198c6e1e5b/v2/es-CL/_next/static/chunks/framework-4ee3d8ce59863f3e.js:0:207254)
[    3904ms] Uncaught Error: Minified React error #418; visit https://reactjs.org/docs/error-decoder.html?invariant=418 for the full message or use the non-minified dev environment for full errors and additional helpful warnings.
    at ag (https://i5.walmartimages.cl/dfw/63fd9f59-f3dd/cd15b695-8477-4972-b98b-3d198c6e1e5b/v2/es-CL/_next/static/chunks/framework-4ee3d8ce59863f3e.js:0:115399)
    at i (https://i5.walmartimages.cl/dfw/63fd9f59-f3dd/cd15b695-8477-4972-b98b-3d198c6e1e5b/v2/es-CL/_next/static/chunks/framework-4ee3d8ce59863f3e.js:0:190046)
    at uD (https://i5.walmartimages.cl/dfw/63fd9f59-f3dd/cd15b695-8477-4972-b98b-3d198c6e1e5b/v2/es-CL/_next/static/chunks/framework-4ee3d8ce59863f3e.js:0:168013)
    at <anonymous> (https://i5.walmartimages.cl/dfw/63fd9f59-f3dd/cd15b695-8477-4972-b98b-3d198c6e1e5b/v2/es-CL/_next/static/chunks/framework-4ee3d8ce59863f3e.js:0:167880)
    at uI (https://i5.walmartimages.cl/dfw/63fd9f59-f3dd/cd15b695-8477-4972-b98b-3d198c6e1e5b/v2/es-CL/_next/static/chunks/framework-4ee3d8ce59863f3e.js:0:167887)
    at ux (https://i5.walmartimages.cl/dfw/63fd9f59-f3dd/cd15b695-8477-4972-b98b-3d198c6e1e5b/v2/es-CL/_next/static/chunks/framework-4ee3d8ce59863f3e.js:0:162926)
    at x (https://i5.walmartimages.cl/dfw/63fd9f59-f3dd/cd15b695-8477-4972-b98b-3d198c6e1e5b/v2/es-CL/_next/static/chunks/framework-4ee3d8ce59863f3e.js:0:206724)
    at R (https://i5.walmartimages.cl/dfw/63fd9f59-f3dd/cd15b695-8477-4972-b98b-3d198c6e1e5b/v2/es-CL/_next/static/chunks/framework-4ee3d8ce59863f3e.js:0:207254)
[    3904ms] Uncaught Error: Minified React error #423; visit https://reactjs.org/docs/error-decoder.html?invariant=423 for the full message or use the non-minified dev environment for full errors and additional helpful warnings.
    at i (https://i5.walmartimages.cl/dfw/63fd9f59-f3dd/cd15b695-8477-4972-b98b-3d198c6e1e5b/v2/es-CL/_next/static/chunks/framework-4ee3d8ce59863f3e.js:0:189715)
    at uD (https://i5.walmartimages.cl/dfw/63fd9f59-f3dd/cd15b695-8477-4972-b98b-3d198c6e1e5b/v2/es-CL/_next/static/chunks/framework-4ee3d8ce59863f3e.js:0:168013)
    at <anonymous> (https://i5.walmartimages.cl/dfw/63fd9f59-f3dd/cd15b695-8477-4972-b98b-3d198c6e1e5b/v2/es-CL/_next/static/chunks/framework-4ee3d8ce59863f3e.js:0:167880)
    at uI (https://i5.walmartimages.cl/dfw/63fd9f59-f3dd/cd15b695-8477-4972-b98b-3d198c6e1e5b/v2/es-CL/_next/static/chunks/framework-4ee3d8ce59863f3e.js:0:167887)
    at uE (https://i5.walmartimages.cl/dfw/63fd9f59-f3dd/cd15b695-8477-4972-b98b-3d198c6e1e5b/v2/es-CL/_next/static/chunks/framework-4ee3d8ce59863f3e.js:0:164639)
    at ux (https://i5.walmartimages.cl/dfw/63fd9f59-f3dd/cd15b695-8477-4972-b98b-3d198c6e1e5b/v2/es-CL/_next/static/chunks/framework-4ee3d8ce59863f3e.js:0:163194)
    at x (https://i5.walmartimages.cl/dfw/63fd9f59-f3dd/cd15b695-8477-4972-b98b-3d198c6e1e5b/v2/es-CL/_next/static/chunks/framework-4ee3d8ce59863f3e.js:0:206724)
    at R (https://i5.walmartimages.cl/dfw/63fd9f59-f3dd/cd15b695-8477-4972-b98b-3d198c6e1e5b/v2/es-CL/_next/static/chunks/framework-4ee3d8ce59863f3e.js:0:207254)
