[    2837ms] [ERROR] Executing inline script violates the following Content Security Policy directive 'script-src 'self' 'strict-dynamic' 'unsafe-eval' *.creativecdn.com *.criteo.com *.developer.walmart.com *.digital-cloud-west.medallia.com *.digital-cloud.medallia.com *.doubleclick.net *.google-analytics.com *.google.com.mx *.googleadservices.com *.googletagmanager.com *.kampyle.co *.kampyle.com *.lider.cl *.px-cdn.net *.px-cloud.net *.quantummetric.com *.wal.co *.walmartimages.cl beacon.gm.lider.cl beacon.gr.lider.cl beacon.super.lider.cl beacon.www.lider.cl connect.facebook.net drfdisvc.walmart.com googleads.g.doubleclick.net i5.walmartimages.com www.recaptcha.net 'nonce-Ff2bwKa28bM_qxDp''. Either the 'unsafe-inline' keyword, a hash ('sha256-FfcicddyNp2nG/fhRGPUbM1AVyA9UBO+UzxpsRlS0gc='), or a nonce ('nonce-...') is required to enable inline execution. The action has been blocked. @ https://super.lider.cl/search?q=pollo+marinado+trutro:1
[    2841ms] [ERROR] Loading the script 'https://super.lider.cl/akam/13/1e010ae8' violates the following Content Security Policy directive: "script-src 'self' 'strict-dynamic' 'unsafe-eval' *.creativecdn.com *.criteo.com *.developer.walmart.com *.digital-cloud-west.medallia.com *.digital-cloud.medallia.com *.doubleclick.net *.google-analytics.com *.google.com.mx *.googleadservices.com *.googletagmanager.com *.kampyle.co *.kampyle.com *.lider.cl *.px-cdn.net *.px-cloud.net *.quantummetric.com *.wal.co *.walmartimages.cl beacon.gm.lider.cl beacon.gr.lider.cl beacon.super.lider.cl beacon.www.lider.cl connect.facebook.net drfdisvc.walmart.com googleads.g.doubleclick.net i5.walmartimages.com www.recaptcha.net 'nonce-Ff2bwKa28bM_qxDp'". Note that 'strict-dynamic' is present, so host-based allowlisting is disabled. Note that 'script-src-elem' was not explicitly set, so 'script-src' is used as a fallback. The action has been blocked. @ https://super.lider.cl/search?q=pollo+marinado+trutro:0
[    4662ms] Uncaught Error: Minified React error #425; visit https://reactjs.org/docs/error-decoder.html?invariant=425 for the full message or use the non-minified dev environment for full errors and additional helpful warnings.
    at rm (https://i5.walmartimages.cl/dfw/63fd9f59-f3dd/cd15b695-8477-4972-b98b-3d198c6e1e5b/v2/es-CL/_next/static/chunks/framework-4ee3d8ce59863f3e.js:0:109103)
    at <anonymous> (https://i5.walmartimages.cl/dfw/63fd9f59-f3dd/cd15b695-8477-4972-b98b-3d198c6e1e5b/v2/es-CL/_next/static/chunks/framework-4ee3d8ce59863f3e.js:0:172375)
    at uO (https://i5.walmartimages.cl/dfw/63fd9f59-f3dd/cd15b695-8477-4972-b98b-3d198c6e1e5b/v2/es-CL/_next/static/chunks/framework-4ee3d8ce59863f3e.js:0:175125)
    at uD (https://i5.walmartimages.cl/dfw/63fd9f59-f3dd/cd15b695-8477-4972-b98b-3d198c6e1e5b/v2/es-CL/_next/static/chunks/framework-4ee3d8ce59863f3e.js:0:168073)
    at <anonymous> (https://i5.walmartimages.cl/dfw/63fd9f59-f3dd/cd15b695-8477-4972-b98b-3d198c6e1e5b/v2/es-CL/_next/static/chunks/framework-4ee3d8ce59863f3e.js:0:167880)
    at uI (https://i5.walmartimages.cl/dfw/63fd9f59-f3dd/cd15b695-8477-4972-b98b-3d198c6e1e5b/v2/es-CL/_next/static/chunks/framework-4ee3d8ce59863f3e.js:0:167887)
    at ux (https://i5.walmartimages.cl/dfw/63fd9f59-f3dd/cd15b695-8477-4972-b98b-3d198c6e1e5b/v2/es-CL/_next/static/chunks/framework-4ee3d8ce59863f3e.js:0:162926)
    at x (https://i5.walmartimages.cl/dfw/63fd9f59-f3dd/cd15b695-8477-4972-b98b-3d198c6e1e5b/v2/es-CL/_next/static/chunks/framework-4ee3d8ce59863f3e.js:0:206724)
    at R (https://i5.walmartimages.cl/dfw/63fd9f59-f3dd/cd15b695-8477-4972-b98b-3d198c6e1e5b/v2/es-CL/_next/static/chunks/framework-4ee3d8ce59863f3e.js:0:207254)
[    4663ms] Uncaught Error: Minified React error #418; visit https://reactjs.org/docs/error-decoder.html?invariant=418 for the full message or use the non-minified dev environment for full errors and additional helpful warnings.
    at ag (https://i5.walmartimages.cl/dfw/63fd9f59-f3dd/cd15b695-8477-4972-b98b-3d198c6e1e5b/v2/es-CL/_next/static/chunks/framework-4ee3d8ce59863f3e.js:0:115399)
    at i (https://i5.walmartimages.cl/dfw/63fd9f59-f3dd/cd15b695-8477-4972-b98b-3d198c6e1e5b/v2/es-CL/_next/static/chunks/framework-4ee3d8ce59863f3e.js:0:190223)
    at uD (https://i5.walmartimages.cl/dfw/63fd9f59-f3dd/cd15b695-8477-4972-b98b-3d198c6e1e5b/v2/es-CL/_next/static/chunks/framework-4ee3d8ce59863f3e.js:0:168013)
    at <anonymous> (https://i5.walmartimages.cl/dfw/63fd9f59-f3dd/cd15b695-8477-4972-b98b-3d198c6e1e5b/v2/es-CL/_next/static/chunks/framework-4ee3d8ce59863f3e.js:0:167880)
    at uI (https://i5.walmartimages.cl/dfw/63fd9f59-f3dd/cd15b695-8477-4972-b98b-3d198c6e1e5b/v2/es-CL/_next/static/chunks/framework-4ee3d8ce59863f3e.js:0:167887)
    at ux (https://i5.walmartimages.cl/dfw/63fd9f59-f3dd/cd15b695-8477-4972-b98b-3d198c6e1e5b/v2/es-CL/_next/static/chunks/framework-4ee3d8ce59863f3e.js:0:162926)
    at x (https://i5.walmartimages.cl/dfw/63fd9f59-f3dd/cd15b695-8477-4972-b98b-3d198c6e1e5b/v2/es-CL/_next/static/chunks/framework-4ee3d8ce59863f3e.js:0:206724)
    at R (https://i5.walmartimages.cl/dfw/63fd9f59-f3dd/cd15b695-8477-4972-b98b-3d198c6e1e5b/v2/es-CL/_next/static/chunks/framework-4ee3d8ce59863f3e.js:0:207254)
[    4663ms] Uncaught Error: Minified React error #418; visit https://reactjs.org/docs/error-decoder.html?invariant=418 for the full message or use the non-minified dev environment for full errors and additional helpful warnings.
    at ag (https://i5.walmartimages.cl/dfw/63fd9f59-f3dd/cd15b695-8477-4972-b98b-3d198c6e1e5b/v2/es-CL/_next/static/chunks/framework-4ee3d8ce59863f3e.js:0:115399)
    at i (https://i5.walmartimages.cl/dfw/63fd9f59-f3dd/cd15b695-8477-4972-b98b-3d198c6e1e5b/v2/es-CL/_next/static/chunks/framework-4ee3d8ce59863f3e.js:0:190046)
    at uD (https://i5.walmartimages.cl/dfw/63fd9f59-f3dd/cd15b695-8477-4972-b98b-3d198c6e1e5b/v2/es-CL/_next/static/chunks/framework-4ee3d8ce59863f3e.js:0:168013)
    at <anonymous> (https://i5.walmartimages.cl/dfw/63fd9f59-f3dd/cd15b695-8477-4972-b98b-3d198c6e1e5b/v2/es-CL/_next/static/chunks/framework-4ee3d8ce59863f3e.js:0:167880)
    at uI (https://i5.walmartimages.cl/dfw/63fd9f59-f3dd/cd15b695-8477-4972-b98b-3d198c6e1e5b/v2/es-CL/_next/static/chunks/framework-4ee3d8ce59863f3e.js:0:167887)
    at ux (https://i5.walmartimages.cl/dfw/63fd9f59-f3dd/cd15b695-8477-4972-b98b-3d198c6e1e5b/v2/es-CL/_next/static/chunks/framework-4ee3d8ce59863f3e.js:0:162926)
    at x (https://i5.walmartimages.cl/dfw/63fd9f59-f3dd/cd15b695-8477-4972-b98b-3d198c6e1e5b/v2/es-CL/_next/static/chunks/framework-4ee3d8ce59863f3e.js:0:206724)
    at R (https://i5.walmartimages.cl/dfw/63fd9f59-f3dd/cd15b695-8477-4972-b98b-3d198c6e1e5b/v2/es-CL/_next/static/chunks/framework-4ee3d8ce59863f3e.js:0:207254)
[    4663ms] Uncaught Error: Minified React error #418; visit https://reactjs.org/docs/error-decoder.html?invariant=418 for the full message or use the non-minified dev environment for full errors and additional helpful warnings.
    at ag (https://i5.walmartimages.cl/dfw/63fd9f59-f3dd/cd15b695-8477-4972-b98b-3d198c6e1e5b/v2/es-CL/_next/static/chunks/framework-4ee3d8ce59863f3e.js:0:115399)
    at i (https://i5.walmartimages.cl/dfw/63fd9f59-f3dd/cd15b695-8477-4972-b98b-3d198c6e1e5b/v2/es-CL/_next/static/chunks/framework-4ee3d8ce59863f3e.js:0:190046)
    at uD (https://i5.walmartimages.cl/dfw/63fd9f59-f3dd/cd15b695-8477-4972-b98b-3d198c6e1e5b/v2/es-CL/_next/static/chunks/framework-4ee3d8ce59863f3e.js:0:168013)
    at <anonymous> (https://i5.walmartimages.cl/dfw/63fd9f59-f3dd/cd15b695-8477-4972-b98b-3d198c6e1e5b/v2/es-CL/_next/static/chunks/framework-4ee3d8ce59863f3e.js:0:167880)
    at uI (https://i5.walmartimages.cl/dfw/63fd9f59-f3dd/cd15b695-8477-4972-b98b-3d198c6e1e5b/v2/es-CL/_next/static/chunks/framework-4ee3d8ce59863f3e.js:0:167887)
    at ux (https://i5.walmartimages.cl/dfw/63fd9f59-f3dd/cd15b695-8477-4972-b98b-3d198c6e1e5b/v2/es-CL/_next/static/chunks/framework-4ee3d8ce59863f3e.js:0:162926)
    at x (https://i5.walmartimages.cl/dfw/63fd9f59-f3dd/cd15b695-8477-4972-b98b-3d198c6e1e5b/v2/es-CL/_next/static/chunks/framework-4ee3d8ce59863f3e.js:0:206724)
    at R (https://i5.walmartimages.cl/dfw/63fd9f59-f3dd/cd15b695-8477-4972-b98b-3d198c6e1e5b/v2/es-CL/_next/static/chunks/framework-4ee3d8ce59863f3e.js:0:207254)
[    4678ms] Uncaught Error: Minified React error #418; visit https://reactjs.org/docs/error-decoder.html?invariant=418 for the full message or use the non-minified dev environment for full errors and additional helpful warnings.
    at ag (https://i5.walmartimages.cl/dfw/63fd9f59-f3dd/cd15b695-8477-4972-b98b-3d198c6e1e5b/v2/es-CL/_next/static/chunks/framework-4ee3d8ce59863f3e.js:0:115399)
    at i (https://i5.walmartimages.cl/dfw/63fd9f59-f3dd/cd15b695-8477-4972-b98b-3d198c6e1e5b/v2/es-CL/_next/static/chunks/framework-4ee3d8ce59863f3e.js:0:190046)
    at uD (https://i5.walmartimages.cl/dfw/63fd9f59-f3dd/cd15b695-8477-4972-b98b-3d198c6e1e5b/v2/es-CL/_next/static/chunks/framework-4ee3d8ce59863f3e.js:0:168013)
    at <anonymous> (https://i5.walmartimages.cl/dfw/63fd9f59-f3dd/cd15b695-8477-4972-b98b-3d198c6e1e5b/v2/es-CL/_next/static/chunks/framework-4ee3d8ce59863f3e.js:0:167880)
    at uI (https://i5.walmartimages.cl/dfw/63fd9f59-f3dd/cd15b695-8477-4972-b98b-3d198c6e1e5b/v2/es-CL/_next/static/chunks/framework-4ee3d8ce59863f3e.js:0:167887)
    at ux (https://i5.walmartimages.cl/dfw/63fd9f59-f3dd/cd15b695-8477-4972-b98b-3d198c6e1e5b/v2/es-CL/_next/static/chunks/framework-4ee3d8ce59863f3e.js:0:162926)
    at x (https://i5.walmartimages.cl/dfw/63fd9f59-f3dd/cd15b695-8477-4972-b98b-3d198c6e1e5b/v2/es-CL/_next/static/chunks/framework-4ee3d8ce59863f3e.js:0:206724)
    at R (https://i5.walmartimages.cl/dfw/63fd9f59-f3dd/cd15b695-8477-4972-b98b-3d198c6e1e5b/v2/es-CL/_next/static/chunks/framework-4ee3d8ce59863f3e.js:0:207254)
[    4678ms] Uncaught Error: Minified React error #418; visit https://reactjs.org/docs/error-decoder.html?invariant=418 for the full message or use the non-minified dev environment for full errors and additional helpful warnings.
    at ag (https://i5.walmartimages.cl/dfw/63fd9f59-f3dd/cd15b695-8477-4972-b98b-3d198c6e1e5b/v2/es-CL/_next/static/chunks/framework-4ee3d8ce59863f3e.js:0:115399)
    at i (https://i5.walmartimages.cl/dfw/63fd9f59-f3dd/cd15b695-8477-4972-b98b-3d198c6e1e5b/v2/es-CL/_next/static/chunks/framework-4ee3d8ce59863f3e.js:0:190223)
    at uD (https://i5.walmartimages.cl/dfw/63fd9f59-f3dd/cd15b695-8477-4972-b98b-3d198c6e1e5b/v2/es-CL/_next/static/chunks/framework-4ee3d8ce59863f3e.js:0:168013)
    at <anonymous> (https://i5.walmartimages.cl/dfw/63fd9f59-f3dd/cd15b695-8477-4972-b98b-3d198c6e1e5b/v2/es-CL/_next/static/chunks/framework-4ee3d8ce59863f3e.js:0:167880)
    at uI (https://i5.walmartimages.cl/dfw/63fd9f59-f3dd/cd15b695-8477-4972-b98b-3d198c6e1e5b/v2/es-CL/_next/static/chunks/framework-4ee3d8ce59863f3e.js:0:167887)
    at ux (https://i5.walmartimages.cl/dfw/63fd9f59-f3dd/cd15b695-8477-4972-b98b-3d198c6e1e5b/v2/es-CL/_next/static/chunks/framework-4ee3d8ce59863f3e.js:0:162926)
    at x (https://i5.walmartimages.cl/dfw/63fd9f59-f3dd/cd15b695-8477-4972-b98b-3d198c6e1e5b/v2/es-CL/_next/static/chunks/framework-4ee3d8ce59863f3e.js:0:206724)
    at R (https://i5.walmartimages.cl/dfw/63fd9f59-f3dd/cd15b695-8477-4972-b98b-3d198c6e1e5b/v2/es-CL/_next/static/chunks/framework-4ee3d8ce59863f3e.js:0:207254)
[    4678ms] Uncaught Error: Minified React error #418; visit https://reactjs.org/docs/error-decoder.html?invariant=418 for the full message or use the non-minified dev environment for full errors and additional helpful warnings.
    at ag (https://i5.walmartimages.cl/dfw/63fd9f59-f3dd/cd15b695-8477-4972-b98b-3d198c6e1e5b/v2/es-CL/_next/static/chunks/framework-4ee3d8ce59863f3e.js:0:115399)
    at i (https://i5.walmartimages.cl/dfw/63fd9f59-f3dd/cd15b695-8477-4972-b98b-3d198c6e1e5b/v2/es-CL/_next/static/chunks/framework-4ee3d8ce59863f3e.js:0:190046)
    at uD (https://i5.walmartimages.cl/dfw/63fd9f59-f3dd/cd15b695-8477-4972-b98b-3d198c6e1e5b/v2/es-CL/_next/static/chunks/framework-4ee3d8ce59863f3e.js:0:168013)
    at <anonymous> (https://i5.walmartimages.cl/dfw/63fd9f59-f3dd/cd15b695-8477-4972-b98b-3d198c6e1e5b/v2/es-CL/_next/static/chunks/framework-4ee3d8ce59863f3e.js:0:167880)
    at uI (https://i5.walmartimages.cl/dfw/63fd9f59-f3dd/cd15b695-8477-4972-b98b-3d198c6e1e5b/v2/es-CL/_next/static/chunks/framework-4ee3d8ce59863f3e.js:0:167887)
    at ux (https://i5.walmartimages.cl/dfw/63fd9f59-f3dd/cd15b695-8477-4972-b98b-3d198c6e1e5b/v2/es-CL/_next/static/chunks/framework-4ee3d8ce59863f3e.js:0:162926)
    at x (https://i5.walmartimages.cl/dfw/63fd9f59-f3dd/cd15b695-8477-4972-b98b-3d198c6e1e5b/v2/es-CL/_next/static/chunks/framework-4ee3d8ce59863f3e.js:0:206724)
    at R (https://i5.walmartimages.cl/dfw/63fd9f59-f3dd/cd15b695-8477-4972-b98b-3d198c6e1e5b/v2/es-CL/_next/static/chunks/framework-4ee3d8ce59863f3e.js:0:207254)
[    4678ms] Uncaught Error: Minified React error #418; visit https://reactjs.org/docs/error-decoder.html?invariant=418 for the full message or use the non-minified dev environment for full errors and additional helpful warnings.
    at ag (https://i5.walmartimages.cl/dfw/63fd9f59-f3dd/cd15b695-8477-4972-b98b-3d198c6e1e5b/v2/es-CL/_next/static/chunks/framework-4ee3d8ce59863f3e.js:0:115399)
    at i (https://i5.walmartimages.cl/dfw/63fd9f59-f3dd/cd15b695-8477-4972-b98b-3d198c6e1e5b/v2/es-CL/_next/static/chunks/framework-4ee3d8ce59863f3e.js:0:190046)
    at uD (https://i5.walmartimages.cl/dfw/63fd9f59-f3dd/cd15b695-8477-4972-b98b-3d198c6e1e5b/v2/es-CL/_next/static/chunks/framework-4ee3d8ce59863f3e.js:0:168013)
    at <anonymous> (https://i5.walmartimages.cl/dfw/63fd9f59-f3dd/cd15b695-8477-4972-b98b-3d198c6e1e5b/v2/es-CL/_next/static/chunks/framework-4ee3d8ce59863f3e.js:0:167880)
    at uI (https://i5.walmartimages.cl/dfw/63fd9f59-f3dd/cd15b695-8477-4972-b98b-3d198c6e1e5b/v2/es-CL/_next/static/chunks/framework-4ee3d8ce59863f3e.js:0:167887)
    at ux (https://i5.walmartimages.cl/dfw/63fd9f59-f3dd/cd15b695-8477-4972-b98b-3d198c6e1e5b/v2/es-CL/_next/static/chunks/framework-4ee3d8ce59863f3e.js:0:162926)
    at x (https://i5.walmartimages.cl/dfw/63fd9f59-f3dd/cd15b695-8477-4972-b98b-3d198c6e1e5b/v2/es-CL/_next/static/chunks/framework-4ee3d8ce59863f3e.js:0:206724)
    at R (https://i5.walmartimages.cl/dfw/63fd9f59-f3dd/cd15b695-8477-4972-b98b-3d198c6e1e5b/v2/es-CL/_next/static/chunks/framework-4ee3d8ce59863f3e.js:0:207254)
[    4678ms] Uncaught Error: Minified React error #418; visit https://reactjs.org/docs/error-decoder.html?invariant=418 for the full message or use the non-minified dev environment for full errors and additional helpful warnings.
    at ag (https://i5.walmartimages.cl/dfw/63fd9f59-f3dd/cd15b695-8477-4972-b98b-3d198c6e1e5b/v2/es-CL/_next/static/chunks/framework-4ee3d8ce59863f3e.js:0:115399)
    at i (https://i5.walmartimages.cl/dfw/63fd9f59-f3dd/cd15b695-8477-4972-b98b-3d198c6e1e5b/v2/es-CL/_next/static/chunks/framework-4ee3d8ce59863f3e.js:0:190046)
    at uD (https://i5.walmartimages.cl/dfw/63fd9f59-f3dd/cd15b695-8477-4972-b98b-3d198c6e1e5b/v2/es-CL/_next/static/chunks/framework-4ee3d8ce59863f3e.js:0:168013)
    at <anonymous> (https://i5.walmartimages.cl/dfw/63fd9f59-f3dd/cd15b695-8477-4972-b98b-3d198c6e1e5b/v2/es-CL/_next/static/chunks/framework-4ee3d8ce59863f3e.js:0:167880)
    at uI (https://i5.walmartimages.cl/dfw/63fd9f59-f3dd/cd15b695-8477-4972-b98b-3d198c6e1e5b/v2/es-CL/_next/static/chunks/framework-4ee3d8ce59863f3e.js:0:167887)
    at ux (https://i5.walmartimages.cl/dfw/63fd9f59-f3dd/cd15b695-8477-4972-b98b-3d198c6e1e5b/v2/es-CL/_next/static/chunks/framework-4ee3d8ce59863f3e.js:0:162926)
    at x (https://i5.walmartimages.cl/dfw/63fd9f59-f3dd/cd15b695-8477-4972-b98b-3d198c6e1e5b/v2/es-CL/_next/static/chunks/framework-4ee3d8ce59863f3e.js:0:206724)
    at R (https://i5.walmartimages.cl/dfw/63fd9f59-f3dd/cd15b695-8477-4972-b98b-3d198c6e1e5b/v2/es-CL/_next/static/chunks/framework-4ee3d8ce59863f3e.js:0:207254)
[    4679ms] Uncaught Error: Minified React error #418; visit https://reactjs.org/docs/error-decoder.html?invariant=418 for the full message or use the non-minified dev environment for full errors and additional helpful warnings.
    at ag (https://i5.walmartimages.cl/dfw/63fd9f59-f3dd/cd15b695-8477-4972-b98b-3d198c6e1e5b/v2/es-CL/_next/static/chunks/framework-4ee3d8ce59863f3e.js:0:115399)
    at i (https://i5.walmartimages.cl/dfw/63fd9f59-f3dd/cd15b695-8477-4972-b98b-3d198c6e1e5b/v2/es-CL/_next/static/chunks/framework-4ee3d8ce59863f3e.js:0:190046)
    at uD (https://i5.walmartimages.cl/dfw/63fd9f59-f3dd/cd15b695-8477-4972-b98b-3d198c6e1e5b/v2/es-CL/_next/static/chunks/framework-4ee3d8ce59863f3e.js:0:168013)
    at <anonymous> (https://i5.walmartimages.cl/dfw/63fd9f59-f3dd/cd15b695-8477-4972-b98b-3d198c6e1e5b/v2/es-CL/_next/static/chunks/framework-4ee3d8ce59863f3e.js:0:167880)
    at uI (https://i5.walmartimages.cl/dfw/63fd9f59-f3dd/cd15b695-8477-4972-b98b-3d198c6e1e5b/v2/es-CL/_next/static/chunks/framework-4ee3d8ce59863f3e.js:0:167887)
    at ux (https://i5.walmartimages.cl/dfw/63fd9f59-f3dd/cd15b695-8477-4972-b98b-3d198c6e1e5b/v2/es-CL/_next/static/chunks/framework-4ee3d8ce59863f3e.js:0:162926)
    at x (https://i5.walmartimages.cl/dfw/63fd9f59-f3dd/cd15b695-8477-4972-b98b-3d198c6e1e5b/v2/es-CL/_next/static/chunks/framework-4ee3d8ce59863f3e.js:0:206724)
    at R (https://i5.walmartimages.cl/dfw/63fd9f59-f3dd/cd15b695-8477-4972-b98b-3d198c6e1e5b/v2/es-CL/_next/static/chunks/framework-4ee3d8ce59863f3e.js:0:207254)
[    4679ms] Uncaught Error: Minified React error #418; visit https://reactjs.org/docs/error-decoder.html?invariant=418 for the full message or use the non-minified dev environment for full errors and additional helpful warnings.
    at ag (https://i5.walmartimages.cl/dfw/63fd9f59-f3dd/cd15b695-8477-4972-b98b-3d198c6e1e5b/v2/es-CL/_next/static/chunks/framework-4ee3d8ce59863f3e.js:0:115399)
    at i (https://i5.walmartimages.cl/dfw/63fd9f59-f3dd/cd15b695-8477-4972-b98b-3d198c6e1e5b/v2/es-CL/_next/static/chunks/framework-4ee3d8ce59863f3e.js:0:190046)
    at uD (https://i5.walmartimages.cl/dfw/63fd9f59-f3dd/cd15b695-8477-4972-b98b-3d198c6e1e5b/v2/es-CL/_next/static/chunks/framework-4ee3d8ce59863f3e.js:0:168013)
    at <anonymous> (https://i5.walmartimages.cl/dfw/63fd9f59-f3dd/cd15b695-8477-4972-b98b-3d198c6e1e5b/v2/es-CL/_next/static/chunks/framework-4ee3d8ce59863f3e.js:0:167880)
    at uI (https://i5.walmartimages.cl/dfw/63fd9f59-f3dd/cd15b695-8477-4972-b98b-3d198c6e1e5b/v2/es-CL/_next/static/chunks/framework-4ee3d8ce59863f3e.js:0:167887)
    at ux (https://i5.walmartimages.cl/dfw/63fd9f59-f3dd/cd15b695-8477-4972-b98b-3d198c6e1e5b/v2/es-CL/_next/static/chunks/framework-4ee3d8ce59863f3e.js:0:162926)
    at x (https://i5.walmartimages.cl/dfw/63fd9f59-f3dd/cd15b695-8477-4972-b98b-3d198c6e1e5b/v2/es-CL/_next/static/chunks/framework-4ee3d8ce59863f3e.js:0:206724)
    at R (https://i5.walmartimages.cl/dfw/63fd9f59-f3dd/cd15b695-8477-4972-b98b-3d198c6e1e5b/v2/es-CL/_next/static/chunks/framework-4ee3d8ce59863f3e.js:0:207254)
[    4679ms] Uncaught Error: Minified React error #418; visit https://reactjs.org/docs/error-decoder.html?invariant=418 for the full message or use the non-minified dev environment for full errors and additional helpful warnings.
    at ag (https://i5.walmartimages.cl/dfw/63fd9f59-f3dd/cd15b695-8477-4972-b98b-3d198c6e1e5b/v2/es-CL/_next/static/chunks/framework-4ee3d8ce59863f3e.js:0:115399)
    at i (https://i5.walmartimages.cl/dfw/63fd9f59-f3dd/cd15b695-8477-4972-b98b-3d198c6e1e5b/v2/es-CL/_next/static/chunks/framework-4ee3d8ce59863f3e.js:0:190046)
    at uD (https://i5.walmartimages.cl/dfw/63fd9f59-f3dd/cd15b695-8477-4972-b98b-3d198c6e1e5b/v2/es-CL/_next/static/chunks/framework-4ee3d8ce59863f3e.js:0:168013)
    at <anonymous> (https://i5.walmartimages.cl/dfw/63fd9f59-f3dd/cd15b695-8477-4972-b98b-3d198c6e1e5b/v2/es-CL/_next/static/chunks/framework-4ee3d8ce59863f3e.js:0:167880)
    at uI (https://i5.walmartimages.cl/dfw/63fd9f59-f3dd/cd15b695-8477-4972-b98b-3d198c6e1e5b/v2/es-CL/_next/static/chunks/framework-4ee3d8ce59863f3e.js:0:167887)
    at ux (https://i5.walmartimages.cl/dfw/63fd9f59-f3dd/cd15b695-8477-4972-b98b-3d198c6e1e5b/v2/es-CL/_next/static/chunks/framework-4ee3d8ce59863f3e.js:0:162926)
    at x (https://i5.walmartimages.cl/dfw/63fd9f59-f3dd/cd15b695-8477-4972-b98b-3d198c6e1e5b/v2/es-CL/_next/static/chunks/framework-4ee3d8ce59863f3e.js:0:206724)
    at R (https://i5.walmartimages.cl/dfw/63fd9f59-f3dd/cd15b695-8477-4972-b98b-3d198c6e1e5b/v2/es-CL/_next/static/chunks/framework-4ee3d8ce59863f3e.js:0:207254)
[    4679ms] Uncaught Error: Minified React error #423; visit https://reactjs.org/docs/error-decoder.html?invariant=423 for the full message or use the non-minified dev environment for full errors and additional helpful warnings.
    at i (https://i5.walmartimages.cl/dfw/63fd9f59-f3dd/cd15b695-8477-4972-b98b-3d198c6e1e5b/v2/es-CL/_next/static/chunks/framework-4ee3d8ce59863f3e.js:0:189715)
    at uD (https://i5.walmartimages.cl/dfw/63fd9f59-f3dd/cd15b695-8477-4972-b98b-3d198c6e1e5b/v2/es-CL/_next/static/chunks/framework-4ee3d8ce59863f3e.js:0:168013)
    at <anonymous> (https://i5.walmartimages.cl/dfw/63fd9f59-f3dd/cd15b695-8477-4972-b98b-3d198c6e1e5b/v2/es-CL/_next/static/chunks/framework-4ee3d8ce59863f3e.js:0:167880)
    at uI (https://i5.walmartimages.cl/dfw/63fd9f59-f3dd/cd15b695-8477-4972-b98b-3d198c6e1e5b/v2/es-CL/_next/static/chunks/framework-4ee3d8ce59863f3e.js:0:167887)
    at uE (https://i5.walmartimages.cl/dfw/63fd9f59-f3dd/cd15b695-8477-4972-b98b-3d198c6e1e5b/v2/es-CL/_next/static/chunks/framework-4ee3d8ce59863f3e.js:0:164639)
    at ux (https://i5.walmartimages.cl/dfw/63fd9f59-f3dd/cd15b695-8477-4972-b98b-3d198c6e1e5b/v2/es-CL/_next/static/chunks/framework-4ee3d8ce59863f3e.js:0:163194)
    at x (https://i5.walmartimages.cl/dfw/63fd9f59-f3dd/cd15b695-8477-4972-b98b-3d198c6e1e5b/v2/es-CL/_next/static/chunks/framework-4ee3d8ce59863f3e.js:0:206724)
    at R (https://i5.walmartimages.cl/dfw/63fd9f59-f3dd/cd15b695-8477-4972-b98b-3d198c6e1e5b/v2/es-CL/_next/static/chunks/framework-4ee3d8ce59863f3e.js:0:207254)
[    5204ms] [ERROR] Loading the image 'https://rt.udmserve.net/udm/fetch.pix?rtbh=nLlrLWhNOFj04v2onv1U1-tpDEDE4IvitA2EGTr6sAM' violates the following Content Security Policy directive: "img-src 'self' *.azureedge.net *.bazaarvoice.com *.criteo.com *.digital-cloud-west.medallia.com *.digital-cloud.medallia.com *.doubleclick.net *.doubleverify.com *.google-analytics.com *.google.com.mx *.googleadservices.com *.googlesyndication.com *.googletagmanager.com *.imrworldwide.com *.instaleap.io *.kampyle.co *.kampyle.com *.lider.cl *.online-metrix.net *.px-cdn.net *.px-cloud.net *.sams.com.mx *.stylitics.com *.wal.co *.walmart.com.mx *.walmartimages.cl *.walmartimages.com *.youtube.com 1d81e75c4337a6e2e3c2-4a69748413de5fcbd7a7a944817c2356.ssl.cf1.rackcdn.com ad.doubleclick.net ads01.groovinads.com advertising.walmart.com analytics.google.com azmatch.adsrvr.org beacon-internal.walmart.com beacon-wmt.walmart.com beacon.affil.walmart.com beacon.beta-game.walmart.com beacon.beta.walmart.com beacon.bodegaea.com.mx beacon.classrooms.walmart.com beacon.despensa.bodegaaurrera.com.mx beacon.gm.lider.cl beacon.gr.lider.cl beacon.ondemand.bodegaaurrera.walmart.com beacon.photos.walmart.com beacon.savingscatcher.walmart.com beacon.stage.walmart.com beacon.super.lider.cl beacon.walmart.com beacon.walmart.com.mx beacon.www.bodegaaurrera.com.mx beacon.www.lider.cl beacon.www.sams.com.mx beacon.www.walmart.com.mx blob: c.bing.com cdn.doubleverify.com crs.midas.stg.prod.us.walmart.net crtormassetmguseprod.blob.core.windows.net cyborg-wm-auth-service-v2.jet.com data: drfdisvc.walmart.com dw.wmt.co fcc.flixcart.com googleads.g.doubleclick.net gum.criteo.com i.liadm.com i6.liadm.com ib.adnxs.com idsync.rlcdn.com in2.data.cloud.flipkart.net in3.data.cloud.flipkart.net ir.surveywall-api.survata.com maps.googleapis.com maps.gstatic.com monetisation-dsp.stage.walmart.com pixel.adsafeprotected.com receipts-query-wm-stg0.edge.walmart.com receipts-query.edge.walmart.com res.cloudinary.com s0.2mdn.net secure.adnxs.com securepubads.g.doubleclick.net static.adsafeprotected.com sync.mathtag.com t.myvisualiq.net tap.walmart.com tpc.googlesyndication.com us.creativecdn.com wrd.walmart.com www.facebook.com www.gstatic.com". The action has been blocked. @ https://super.lider.cl/search?q=pollo+marinado+trutro:0
[  229097ms] [ERROR] Executing inline script violates the following Content Security Policy directive 'script-src 'self' 'strict-dynamic' 'unsafe-eval' *.creativecdn.com *.criteo.com *.developer.walmart.com *.digital-cloud-west.medallia.com *.digital-cloud.medallia.com *.doubleclick.net *.google-analytics.com *.google.com.mx *.googleadservices.com *.googletagmanager.com *.kampyle.co *.kampyle.com *.lider.cl *.px-cdn.net *.px-cloud.net *.quantummetric.com *.wal.co *.walmartimages.cl beacon.gm.lider.cl beacon.gr.lider.cl beacon.super.lider.cl beacon.www.lider.cl connect.facebook.net drfdisvc.walmart.com googleads.g.doubleclick.net i5.walmartimages.com www.recaptcha.net 'nonce-Wh661svzHUmDT2Uw''. Either the 'unsafe-inline' keyword, a hash ('sha256-FfcicddyNp2nG/fhRGPUbM1AVyA9UBO+UzxpsRlS0gc='), or a nonce ('nonce-...') is required to enable inline execution. The action has been blocked. @ https://super.lider.cl/tu-cuenta/iniciar-sesion?vid=oaoh&tid=0&returnUrl=%2Ftu-cuenta%2Fdetalles-de-actualizacion%3Fret%3D%2Fsearch%3Fq%3Dpollo%2Bmarinado%2Btrutro:1
[  229099ms] [ERROR] Loading the script 'https://super.lider.cl/akam/13/1e010ae8' violates the following Content Security Policy directive: "script-src 'self' 'strict-dynamic' 'unsafe-eval' *.creativecdn.com *.criteo.com *.developer.walmart.com *.digital-cloud-west.medallia.com *.digital-cloud.medallia.com *.doubleclick.net *.google-analytics.com *.google.com.mx *.googleadservices.com *.googletagmanager.com *.kampyle.co *.kampyle.com *.lider.cl *.px-cdn.net *.px-cloud.net *.quantummetric.com *.wal.co *.walmartimages.cl beacon.gm.lider.cl beacon.gr.lider.cl beacon.super.lider.cl beacon.www.lider.cl connect.facebook.net drfdisvc.walmart.com googleads.g.doubleclick.net i5.walmartimages.com www.recaptcha.net 'nonce-Wh661svzHUmDT2Uw'". Note that 'strict-dynamic' is present, so host-based allowlisting is disabled. Note that 'script-src-elem' was not explicitly set, so 'script-src' is used as a fallback. The action has been blocked. @ https://super.lider.cl/tu-cuenta/iniciar-sesion?vid=oaoh&tid=0&returnUrl=%2Ftu-cuenta%2Fdetalles-de-actualizacion%3Fret%3D%2Fsearch%3Fq%3Dpollo%2Bmarinado%2Btrutro:0
[  229810ms] [ERROR] Loading the image 'https://pixel.rubiconproject.com/tap.php?v=58592&nid=3470&put=nLlrLWhNOFj04v2onv1U1-tpDEDE4IvitA2EGTr6sAM&expires=180' violates the following Content Security Policy directive: "img-src 'self' *.azureedge.net *.bazaarvoice.com *.criteo.com *.digital-cloud-west.medallia.com *.digital-cloud.medallia.com *.doubleclick.net *.doubleverify.com *.google-analytics.com *.google.com.mx *.googleadservices.com *.googlesyndication.com *.googletagmanager.com *.imrworldwide.com *.instaleap.io *.kampyle.co *.kampyle.com *.lider.cl *.online-metrix.net *.px-cdn.net *.px-cloud.net *.sams.com.mx *.stylitics.com *.wal.co *.walmart.com.mx *.walmartimages.cl *.walmartimages.com *.youtube.com 1d81e75c4337a6e2e3c2-4a69748413de5fcbd7a7a944817c2356.ssl.cf1.rackcdn.com ad.doubleclick.net ads01.groovinads.com advertising.walmart.com analytics.google.com azmatch.adsrvr.org beacon-internal.walmart.com beacon-wmt.walmart.com beacon.affil.walmart.com beacon.beta-game.walmart.com beacon.beta.walmart.com beacon.bodegaea.com.mx beacon.classrooms.walmart.com beacon.despensa.bodegaaurrera.com.mx beacon.gm.lider.cl beacon.gr.lider.cl beacon.ondemand.bodegaaurrera.walmart.com beacon.photos.walmart.com beacon.savingscatcher.walmart.com beacon.stage.walmart.com beacon.super.lider.cl beacon.walmart.com beacon.walmart.com.mx beacon.www.bodegaaurrera.com.mx beacon.www.lider.cl beacon.www.sams.com.mx beacon.www.walmart.com.mx blob: c.bing.com cdn.doubleverify.com crs.midas.stg.prod.us.walmart.net crtormassetmguseprod.blob.core.windows.net cyborg-wm-auth-service-v2.jet.com data: drfdisvc.walmart.com dw.wmt.co fcc.flixcart.com googleads.g.doubleclick.net gum.criteo.com i.liadm.com i6.liadm.com ib.adnxs.com idsync.rlcdn.com in2.data.cloud.flipkart.net in3.data.cloud.flipkart.net ir.surveywall-api.survata.com maps.googleapis.com maps.gstatic.com monetisation-dsp.stage.walmart.com pixel.adsafeprotected.com receipts-query-wm-stg0.edge.walmart.com receipts-query.edge.walmart.com res.cloudinary.com s0.2mdn.net secure.adnxs.com securepubads.g.doubleclick.net static.adsafeprotected.com sync.mathtag.com t.myvisualiq.net tap.walmart.com tpc.googlesyndication.com us.creativecdn.com wrd.walmart.com www.facebook.com www.gstatic.com". The action has been blocked. @ https://super.lider.cl/tu-cuenta/iniciar-sesion?vid=oaoh&tid=0&returnUrl=%2Ftu-cuenta%2Fdetalles-de-actualizacion%3Fret%3D%2Fsearch%3Fq%3Dpollo%2Bmarinado%2Btrutro:0
[  230845ms] [WARNING] MODAL_DIALOGS will be deprecated! Please, use in future KAMPYLE_ONSITE_SDK instead! @ https://resources.digital-cloud-west.medallia.com/wdcwest/133415/onsite/generic1777794527301.js:0
[  237231ms] [ERROR] Executing inline script violates the following Content Security Policy directive 'script-src 'self' 'strict-dynamic' 'unsafe-eval' *.creativecdn.com *.criteo.com *.developer.walmart.com *.digital-cloud-west.medallia.com *.digital-cloud.medallia.com *.doubleclick.net *.google-analytics.com *.google.com.mx *.googleadservices.com *.googletagmanager.com *.kampyle.co *.kampyle.com *.lider.cl *.px-cdn.net *.px-cloud.net *.quantummetric.com *.wal.co *.walmartimages.cl beacon.gm.lider.cl beacon.gr.lider.cl beacon.super.lider.cl beacon.www.lider.cl connect.facebook.net drfdisvc.walmart.com googleads.g.doubleclick.net i5.walmartimages.com www.recaptcha.net 'nonce-5mb7SHe9tLev-GtT''. Either the 'unsafe-inline' keyword, a hash ('sha256-FfcicddyNp2nG/fhRGPUbM1AVyA9UBO+UzxpsRlS0gc='), or a nonce ('nonce-...') is required to enable inline execution. The action has been blocked. @ https://super.lider.cl/account/signin/otponly?vid=oaoh&tid=0&returnUrl=%2Ftu-cuenta%2Fdetalles-de-actualizacion%3Fret%3D%2Fsearch%3Fq%3Dpollo%2Bmarinado%2Btrutro:1
[  237232ms] [ERROR] Loading the script 'https://super.lider.cl/akam/13/1e010ae8' violates the following Content Security Policy directive: "script-src 'self' 'strict-dynamic' 'unsafe-eval' *.creativecdn.com *.criteo.com *.developer.walmart.com *.digital-cloud-west.medallia.com *.digital-cloud.medallia.com *.doubleclick.net *.google-analytics.com *.google.com.mx *.googleadservices.com *.googletagmanager.com *.kampyle.co *.kampyle.com *.lider.cl *.px-cdn.net *.px-cloud.net *.quantummetric.com *.wal.co *.walmartimages.cl beacon.gm.lider.cl beacon.gr.lider.cl beacon.super.lider.cl beacon.www.lider.cl connect.facebook.net drfdisvc.walmart.com googleads.g.doubleclick.net i5.walmartimages.com www.recaptcha.net 'nonce-5mb7SHe9tLev-GtT'". Note that 'strict-dynamic' is present, so host-based allowlisting is disabled. Note that 'script-src-elem' was not explicitly set, so 'script-src' is used as a fallback. The action has been blocked. @ https://super.lider.cl/account/signin/otponly?vid=oaoh&tid=0&returnUrl=%2Ftu-cuenta%2Fdetalles-de-actualizacion%3Fret%3D%2Fsearch%3Fq%3Dpollo%2Bmarinado%2Btrutro:0
[  237865ms] [ERROR] Loading the image 'https://sync.teads.tv/um?eid=167&uid=nLlrLWhNOFj04v2onv1U1-tpDEDE4IvitA2EGTr6sAM' violates the following Content Security Policy directive: "img-src 'self' *.azureedge.net *.bazaarvoice.com *.criteo.com *.digital-cloud-west.medallia.com *.digital-cloud.medallia.com *.doubleclick.net *.doubleverify.com *.google-analytics.com *.google.com.mx *.googleadservices.com *.googlesyndication.com *.googletagmanager.com *.imrworldwide.com *.instaleap.io *.kampyle.co *.kampyle.com *.lider.cl *.online-metrix.net *.px-cdn.net *.px-cloud.net *.sams.com.mx *.stylitics.com *.wal.co *.walmart.com.mx *.walmartimages.cl *.walmartimages.com *.youtube.com 1d81e75c4337a6e2e3c2-4a69748413de5fcbd7a7a944817c2356.ssl.cf1.rackcdn.com ad.doubleclick.net ads01.groovinads.com advertising.walmart.com analytics.google.com azmatch.adsrvr.org beacon-internal.walmart.com beacon-wmt.walmart.com beacon.affil.walmart.com beacon.beta-game.walmart.com beacon.beta.walmart.com beacon.bodegaea.com.mx beacon.classrooms.walmart.com beacon.despensa.bodegaaurrera.com.mx beacon.gm.lider.cl beacon.gr.lider.cl beacon.ondemand.bodegaaurrera.walmart.com beacon.photos.walmart.com beacon.savingscatcher.walmart.com beacon.stage.walmart.com beacon.super.lider.cl beacon.walmart.com beacon.walmart.com.mx beacon.www.bodegaaurrera.com.mx beacon.www.lider.cl beacon.www.sams.com.mx beacon.www.walmart.com.mx blob: c.bing.com cdn.doubleverify.com crs.midas.stg.prod.us.walmart.net crtormassetmguseprod.blob.core.windows.net cyborg-wm-auth-service-v2.jet.com data: drfdisvc.walmart.com dw.wmt.co fcc.flixcart.com googleads.g.doubleclick.net gum.criteo.com i.liadm.com i6.liadm.com ib.adnxs.com idsync.rlcdn.com in2.data.cloud.flipkart.net in3.data.cloud.flipkart.net ir.surveywall-api.survata.com maps.googleapis.com maps.gstatic.com monetisation-dsp.stage.walmart.com pixel.adsafeprotected.com receipts-query-wm-stg0.edge.walmart.com receipts-query.edge.walmart.com res.cloudinary.com s0.2mdn.net secure.adnxs.com securepubads.g.doubleclick.net static.adsafeprotected.com sync.mathtag.com t.myvisualiq.net tap.walmart.com tpc.googlesyndication.com us.creativecdn.com wrd.walmart.com www.facebook.com www.gstatic.com". The action has been blocked. @ https://super.lider.cl/account/signin/otponly?vid=oaoh&tid=0&returnUrl=%2Ftu-cuenta%2Fdetalles-de-actualizacion%3Fret%3D%2Fsearch%3Fq%3Dpollo%2Bmarinado%2Btrutro:0
[  262714ms] [WARNING] MODAL_DIALOGS will be deprecated! Please, use in future KAMPYLE_ONSITE_SDK instead! @ https://resources.digital-cloud-west.medallia.com/wdcwest/133415/onsite/generic1777794527301.js:0
[  272371ms] Uncaught Error: Minified React error #425; visit https://reactjs.org/docs/error-decoder.html?invariant=425 for the full message or use the non-minified dev environment for full errors and additional helpful warnings.
    at rm (https://i5.walmartimages.cl/dfw/63fd9f59-f3dd/cd15b695-8477-4972-b98b-3d198c6e1e5b/v2/es-CL/_next/static/chunks/framework-4ee3d8ce59863f3e.js:0:109103)
    at <anonymous> (https://i5.walmartimages.cl/dfw/63fd9f59-f3dd/cd15b695-8477-4972-b98b-3d198c6e1e5b/v2/es-CL/_next/static/chunks/framework-4ee3d8ce59863f3e.js:0:172375)
    at uO (https://i5.walmartimages.cl/dfw/63fd9f59-f3dd/cd15b695-8477-4972-b98b-3d198c6e1e5b/v2/es-CL/_next/static/chunks/framework-4ee3d8ce59863f3e.js:0:175125)
    at uD (https://i5.walmartimages.cl/dfw/63fd9f59-f3dd/cd15b695-8477-4972-b98b-3d198c6e1e5b/v2/es-CL/_next/static/chunks/framework-4ee3d8ce59863f3e.js:0:168073)
    at <anonymous> (https://i5.walmartimages.cl/dfw/63fd9f59-f3dd/cd15b695-8477-4972-b98b-3d198c6e1e5b/v2/es-CL/_next/static/chunks/framework-4ee3d8ce59863f3e.js:0:167880)
    at uI (https://i5.walmartimages.cl/dfw/63fd9f59-f3dd/cd15b695-8477-4972-b98b-3d198c6e1e5b/v2/es-CL/_next/static/chunks/framework-4ee3d8ce59863f3e.js:0:167887)
    at ux (https://i5.walmartimages.cl/dfw/63fd9f59-f3dd/cd15b695-8477-4972-b98b-3d198c6e1e5b/v2/es-CL/_next/static/chunks/framework-4ee3d8ce59863f3e.js:0:162926)
    at x (https://i5.walmartimages.cl/dfw/63fd9f59-f3dd/cd15b695-8477-4972-b98b-3d198c6e1e5b/v2/es-CL/_next/static/chunks/framework-4ee3d8ce59863f3e.js:0:206724)
    at R (https://i5.walmartimages.cl/dfw/63fd9f59-f3dd/cd15b695-8477-4972-b98b-3d198c6e1e5b/v2/es-CL/_next/static/chunks/framework-4ee3d8ce59863f3e.js:0:207254)
[  272374ms] Uncaught Error: Minified React error #418; visit https://reactjs.org/docs/error-decoder.html?invariant=418 for the full message or use the non-minified dev environment for full errors and additional helpful warnings.
    at ag (https://i5.walmartimages.cl/dfw/63fd9f59-f3dd/cd15b695-8477-4972-b98b-3d198c6e1e5b/v2/es-CL/_next/static/chunks/framework-4ee3d8ce59863f3e.js:0:115399)
    at i (https://i5.walmartimages.cl/dfw/63fd9f59-f3dd/cd15b695-8477-4972-b98b-3d198c6e1e5b/v2/es-CL/_next/static/chunks/framework-4ee3d8ce59863f3e.js:0:190223)
    at uD (https://i5.walmartimages.cl/dfw/63fd9f59-f3dd/cd15b695-8477-4972-b98b-3d198c6e1e5b/v2/es-CL/_next/static/chunks/framework-4ee3d8ce59863f3e.js:0:168013)
    at <anonymous> (https://i5.walmartimages.cl/dfw/63fd9f59-f3dd/cd15b695-8477-4972-b98b-3d198c6e1e5b/v2/es-CL/_next/static/chunks/framework-4ee3d8ce59863f3e.js:0:167880)
    at uI (https://i5.walmartimages.cl/dfw/63fd9f59-f3dd/cd15b695-8477-4972-b98b-3d198c6e1e5b/v2/es-CL/_next/static/chunks/framework-4ee3d8ce59863f3e.js:0:167887)
    at ux (https://i5.walmartimages.cl/dfw/63fd9f59-f3dd/cd15b695-8477-4972-b98b-3d198c6e1e5b/v2/es-CL/_next/static/chunks/framework-4ee3d8ce59863f3e.js:0:162926)
    at x (https://i5.walmartimages.cl/dfw/63fd9f59-f3dd/cd15b695-8477-4972-b98b-3d198c6e1e5b/v2/es-CL/_next/static/chunks/framework-4ee3d8ce59863f3e.js:0:206724)
    at R (https://i5.walmartimages.cl/dfw/63fd9f59-f3dd/cd15b695-8477-4972-b98b-3d198c6e1e5b/v2/es-CL/_next/static/chunks/framework-4ee3d8ce59863f3e.js:0:207254)
[  272374ms] Uncaught Error: Minified React error #418; visit https://reactjs.org/docs/error-decoder.html?invariant=418 for the full message or use the non-minified dev environment for full errors and additional helpful warnings.
    at ag (https://i5.walmartimages.cl/dfw/63fd9f59-f3dd/cd15b695-8477-4972-b98b-3d198c6e1e5b/v2/es-CL/_next/static/chunks/framework-4ee3d8ce59863f3e.js:0:115399)
    at i (https://i5.walmartimages.cl/dfw/63fd9f59-f3dd/cd15b695-8477-4972-b98b-3d198c6e1e5b/v2/es-CL/_next/static/chunks/framework-4ee3d8ce59863f3e.js:0:190046)
    at uD (https://i5.walmartimages.cl/dfw/63fd9f59-f3dd/cd15b695-8477-4972-b98b-3d198c6e1e5b/v2/es-CL/_next/static/chunks/framework-4ee3d8ce59863f3e.js:0:168013)
    at <anonymous> (https://i5.walmartimages.cl/dfw/63fd9f59-f3dd/cd15b695-8477-4972-b98b-3d198c6e1e5b/v2/es-CL/_next/static/chunks/framework-4ee3d8ce59863f3e.js:0:167880)
    at uI (https://i5.walmartimages.cl/dfw/63fd9f59-f3dd/cd15b695-8477-4972-b98b-3d198c6e1e5b/v2/es-CL/_next/static/chunks/framework-4ee3d8ce59863f3e.js:0:167887)
    at ux (https://i5.walmartimages.cl/dfw/63fd9f59-f3dd/cd15b695-8477-4972-b98b-3d198c6e1e5b/v2/es-CL/_next/static/chunks/framework-4ee3d8ce59863f3e.js:0:162926)
    at x (https://i5.walmartimages.cl/dfw/63fd9f59-f3dd/cd15b695-8477-4972-b98b-3d198c6e1e5b/v2/es-CL/_next/static/chunks/framework-4ee3d8ce59863f3e.js:0:206724)
    at R (https://i5.walmartimages.cl/dfw/63fd9f59-f3dd/cd15b695-8477-4972-b98b-3d198c6e1e5b/v2/es-CL/_next/static/chunks/framework-4ee3d8ce59863f3e.js:0:207254)
[  272375ms] Uncaught Error: Minified React error #418; visit https://reactjs.org/docs/error-decoder.html?invariant=418 for the full message or use the non-minified dev environment for full errors and additional helpful warnings.
    at ag (https://i5.walmartimages.cl/dfw/63fd9f59-f3dd/cd15b695-8477-4972-b98b-3d198c6e1e5b/v2/es-CL/_next/static/chunks/framework-4ee3d8ce59863f3e.js:0:115399)
    at i (https://i5.walmartimages.cl/dfw/63fd9f59-f3dd/cd15b695-8477-4972-b98b-3d198c6e1e5b/v2/es-CL/_next/static/chunks/framework-4ee3d8ce59863f3e.js:0:190046)
    at uD (https://i5.walmartimages.cl/dfw/63fd9f59-f3dd/cd15b695-8477-4972-b98b-3d198c6e1e5b/v2/es-CL/_next/static/chunks/framework-4ee3d8ce59863f3e.js:0:168013)
    at <anonymous> (https://i5.walmartimages.cl/dfw/63fd9f59-f3dd/cd15b695-8477-4972-b98b-3d198c6e1e5b/v2/es-CL/_next/static/chunks/framework-4ee3d8ce59863f3e.js:0:167880)
    at uI (https://i5.walmartimages.cl/dfw/63fd9f59-f3dd/cd15b695-8477-4972-b98b-3d198c6e1e5b/v2/es-CL/_next/static/chunks/framework-4ee3d8ce59863f3e.js:0:167887)
    at ux (https://i5.walmartimages.cl/dfw/63fd9f59-f3dd/cd15b695-8477-4972-b98b-3d198c6e1e5b/v2/es-CL/_next/static/chunks/framework-4ee3d8ce59863f3e.js:0:162926)
    at x (https://i5.walmartimages.cl/dfw/63fd9f59-f3dd/cd15b695-8477-4972-b98b-3d198c6e1e5b/v2/es-CL/_next/static/chunks/framework-4ee3d8ce59863f3e.js:0:206724)
    at R (https://i5.walmartimages.cl/dfw/63fd9f59-f3dd/cd15b695-8477-4972-b98b-3d198c6e1e5b/v2/es-CL/_next/static/chunks/framework-4ee3d8ce59863f3e.js:0:207254)
[  272377ms] Uncaught Error: Minified React error #418; visit https://reactjs.org/docs/error-decoder.html?invariant=418 for the full message or use the non-minified dev environment for full errors and additional helpful warnings.
    at ag (https://i5.walmartimages.cl/dfw/63fd9f59-f3dd/cd15b695-8477-4972-b98b-3d198c6e1e5b/v2/es-CL/_next/static/chunks/framework-4ee3d8ce59863f3e.js:0:115399)
    at i (https://i5.walmartimages.cl/dfw/63fd9f59-f3dd/cd15b695-8477-4972-b98b-3d198c6e1e5b/v2/es-CL/_next/static/chunks/framework-4ee3d8ce59863f3e.js:0:190046)
    at uD (https://i5.walmartimages.cl/dfw/63fd9f59-f3dd/cd15b695-8477-4972-b98b-3d198c6e1e5b/v2/es-CL/_next/static/chunks/framework-4ee3d8ce59863f3e.js:0:168013)
    at <anonymous> (https://i5.walmartimages.cl/dfw/63fd9f59-f3dd/cd15b695-8477-4972-b98b-3d198c6e1e5b/v2/es-CL/_next/static/chunks/framework-4ee3d8ce59863f3e.js:0:167880)
    at uI (https://i5.walmartimages.cl/dfw/63fd9f59-f3dd/cd15b695-8477-4972-b98b-3d198c6e1e5b/v2/es-CL/_next/static/chunks/framework-4ee3d8ce59863f3e.js:0:167887)
    at ux (https://i5.walmartimages.cl/dfw/63fd9f59-f3dd/cd15b695-8477-4972-b98b-3d198c6e1e5b/v2/es-CL/_next/static/chunks/framework-4ee3d8ce59863f3e.js:0:162926)
    at x (https://i5.walmartimages.cl/dfw/63fd9f59-f3dd/cd15b695-8477-4972-b98b-3d198c6e1e5b/v2/es-CL/_next/static/chunks/framework-4ee3d8ce59863f3e.js:0:206724)
    at R (https://i5.walmartimages.cl/dfw/63fd9f59-f3dd/cd15b695-8477-4972-b98b-3d198c6e1e5b/v2/es-CL/_next/static/chunks/framework-4ee3d8ce59863f3e.js:0:207254)
[  272377ms] Uncaught Error: Minified React error #418; visit https://reactjs.org/docs/error-decoder.html?invariant=418 for the full message or use the non-minified dev environment for full errors and additional helpful warnings.
    at ag (https://i5.walmartimages.cl/dfw/63fd9f59-f3dd/cd15b695-8477-4972-b98b-3d198c6e1e5b/v2/es-CL/_next/static/chunks/framework-4ee3d8ce59863f3e.js:0:115399)
    at i (https://i5.walmartimages.cl/dfw/63fd9f59-f3dd/cd15b695-8477-4972-b98b-3d198c6e1e5b/v2/es-CL/_next/static/chunks/framework-4ee3d8ce59863f3e.js:0:190223)
    at uD (https://i5.walmartimages.cl/dfw/63fd9f59-f3dd/cd15b695-8477-4972-b98b-3d198c6e1e5b/v2/es-CL/_next/static/chunks/framework-4ee3d8ce59863f3e.js:0:168013)
    at <anonymous> (https://i5.walmartimages.cl/dfw/63fd9f59-f3dd/cd15b695-8477-4972-b98b-3d198c6e1e5b/v2/es-CL/_next/static/chunks/framework-4ee3d8ce59863f3e.js:0:167880)
    at uI (https://i5.walmartimages.cl/dfw/63fd9f59-f3dd/cd15b695-8477-4972-b98b-3d198c6e1e5b/v2/es-CL/_next/static/chunks/framework-4ee3d8ce59863f3e.js:0:167887)
    at ux (https://i5.walmartimages.cl/dfw/63fd9f59-f3dd/cd15b695-8477-4972-b98b-3d198c6e1e5b/v2/es-CL/_next/static/chunks/framework-4ee3d8ce59863f3e.js:0:162926)
    at x (https://i5.walmartimages.cl/dfw/63fd9f59-f3dd/cd15b695-8477-4972-b98b-3d198c6e1e5b/v2/es-CL/_next/static/chunks/framework-4ee3d8ce59863f3e.js:0:206724)
    at R (https://i5.walmartimages.cl/dfw/63fd9f59-f3dd/cd15b695-8477-4972-b98b-3d198c6e1e5b/v2/es-CL/_next/static/chunks/framework-4ee3d8ce59863f3e.js:0:207254)
[  272383ms] Uncaught Error: Minified React error #418; visit https://reactjs.org/docs/error-decoder.html?invariant=418 for the full message or use the non-minified dev environment for full errors and additional helpful warnings.
    at ag (https://i5.walmartimages.cl/dfw/63fd9f59-f3dd/cd15b695-8477-4972-b98b-3d198c6e1e5b/v2/es-CL/_next/static/chunks/framework-4ee3d8ce59863f3e.js:0:115399)
    at i (https://i5.walmartimages.cl/dfw/63fd9f59-f3dd/cd15b695-8477-4972-b98b-3d198c6e1e5b/v2/es-CL/_next/static/chunks/framework-4ee3d8ce59863f3e.js:0:190046)
    at uD (https://i5.walmartimages.cl/dfw/63fd9f59-f3dd/cd15b695-8477-4972-b98b-3d198c6e1e5b/v2/es-CL/_next/static/chunks/framework-4ee3d8ce59863f3e.js:0:168013)
    at <anonymous> (https://i5.walmartimages.cl/dfw/63fd9f59-f3dd/cd15b695-8477-4972-b98b-3d198c6e1e5b/v2/es-CL/_next/static/chunks/framework-4ee3d8ce59863f3e.js:0:167880)
    at uI (https://i5.walmartimages.cl/dfw/63fd9f59-f3dd/cd15b695-8477-4972-b98b-3d198c6e1e5b/v2/es-CL/_next/static/chunks/framework-4ee3d8ce59863f3e.js:0:167887)
    at ux (https://i5.walmartimages.cl/dfw/63fd9f59-f3dd/cd15b695-8477-4972-b98b-3d198c6e1e5b/v2/es-CL/_next/static/chunks/framework-4ee3d8ce59863f3e.js:0:162926)
    at x (https://i5.walmartimages.cl/dfw/63fd9f59-f3dd/cd15b695-8477-4972-b98b-3d198c6e1e5b/v2/es-CL/_next/static/chunks/framework-4ee3d8ce59863f3e.js:0:206724)
    at R (https://i5.walmartimages.cl/dfw/63fd9f59-f3dd/cd15b695-8477-4972-b98b-3d198c6e1e5b/v2/es-CL/_next/static/chunks/framework-4ee3d8ce59863f3e.js:0:207254)
[  272383ms] Uncaught Error: Minified React error #418; visit https://reactjs.org/docs/error-decoder.html?invariant=418 for the full message or use the non-minified dev environment for full errors and additional helpful warnings.
    at ag (https://i5.walmartimages.cl/dfw/63fd9f59-f3dd/cd15b695-8477-4972-b98b-3d198c6e1e5b/v2/es-CL/_next/static/chunks/framework-4ee3d8ce59863f3e.js:0:115399)
    at i (https://i5.walmartimages.cl/dfw/63fd9f59-f3dd/cd15b695-8477-4972-b98b-3d198c6e1e5b/v2/es-CL/_next/static/chunks/framework-4ee3d8ce59863f3e.js:0:190046)
    at uD (https://i5.walmartimages.cl/dfw/63fd9f59-f3dd/cd15b695-8477-4972-b98b-3d198c6e1e5b/v2/es-CL/_next/static/chunks/framework-4ee3d8ce59863f3e.js:0:168013)
    at <anonymous> (https://i5.walmartimages.cl/dfw/63fd9f59-f3dd/cd15b695-8477-4972-b98b-3d198c6e1e5b/v2/es-CL/_next/static/chunks/framework-4ee3d8ce59863f3e.js:0:167880)
    at uI (https://i5.walmartimages.cl/dfw/63fd9f59-f3dd/cd15b695-8477-4972-b98b-3d198c6e1e5b/v2/es-CL/_next/static/chunks/framework-4ee3d8ce59863f3e.js:0:167887)
    at ux (https://i5.walmartimages.cl/dfw/63fd9f59-f3dd/cd15b695-8477-4972-b98b-3d198c6e1e5b/v2/es-CL/_next/static/chunks/framework-4ee3d8ce59863f3e.js:0:162926)
    at x (https://i5.walmartimages.cl/dfw/63fd9f59-f3dd/cd15b695-8477-4972-b98b-3d198c6e1e5b/v2/es-CL/_next/static/chunks/framework-4ee3d8ce59863f3e.js:0:206724)
    at R (https://i5.walmartimages.cl/dfw/63fd9f59-f3dd/cd15b695-8477-4972-b98b-3d198c6e1e5b/v2/es-CL/_next/static/chunks/framework-4ee3d8ce59863f3e.js:0:207254)
[  272384ms] Uncaught Error: Minified React error #418; visit https://reactjs.org/docs/error-decoder.html?invariant=418 for the full message or use the non-minified dev environment for full errors and additional helpful warnings.
    at ag (https://i5.walmartimages.cl/dfw/63fd9f59-f3dd/cd15b695-8477-4972-b98b-3d198c6e1e5b/v2/es-CL/_next/static/chunks/framework-4ee3d8ce59863f3e.js:0:115399)
    at i (https://i5.walmartimages.cl/dfw/63fd9f59-f3dd/cd15b695-8477-4972-b98b-3d198c6e1e5b/v2/es-CL/_next/static/chunks/framework-4ee3d8ce59863f3e.js:0:190046)
    at uD (https://i5.walmartimages.cl/dfw/63fd9f59-f3dd/cd15b695-8477-4972-b98b-3d198c6e1e5b/v2/es-CL/_next/static/chunks/framework-4ee3d8ce59863f3e.js:0:168013)
    at <anonymous> (https://i5.walmartimages.cl/dfw/63fd9f59-f3dd/cd15b695-8477-4972-b98b-3d198c6e1e5b/v2/es-CL/_next/static/chunks/framework-4ee3d8ce59863f3e.js:0:167880)
    at uI (https://i5.walmartimages.cl/dfw/63fd9f59-f3dd/cd15b695-8477-4972-b98b-3d198c6e1e5b/v2/es-CL/_next/static/chunks/framework-4ee3d8ce59863f3e.js:0:167887)
    at ux (https://i5.walmartimages.cl/dfw/63fd9f59-f3dd/cd15b695-8477-4972-b98b-3d198c6e1e5b/v2/es-CL/_next/static/chunks/framework-4ee3d8ce59863f3e.js:0:162926)
    at x (https://i5.walmartimages.cl/dfw/63fd9f59-f3dd/cd15b695-8477-4972-b98b-3d198c6e1e5b/v2/es-CL/_next/static/chunks/framework-4ee3d8ce59863f3e.js:0:206724)
    at R (https://i5.walmartimages.cl/dfw/63fd9f59-f3dd/cd15b695-8477-4972-b98b-3d198c6e1e5b/v2/es-CL/_next/static/chunks/framework-4ee3d8ce59863f3e.js:0:207254)
[  272384ms] Uncaught Error: Minified React error #418; visit https://reactjs.org/docs/error-decoder.html?invariant=418 for the full message or use the non-minified dev environment for full errors and additional helpful warnings.
    at ag (https://i5.walmartimages.cl/dfw/63fd9f59-f3dd/cd15b695-8477-4972-b98b-3d198c6e1e5b/v2/es-CL/_next/static/chunks/framework-4ee3d8ce59863f3e.js:0:115399)
    at i (https://i5.walmartimages.cl/dfw/63fd9f59-f3dd/cd15b695-8477-4972-b98b-3d198c6e1e5b/v2/es-CL/_next/static/chunks/framework-4ee3d8ce59863f3e.js:0:190046)
    at uD (https://i5.walmartimages.cl/dfw/63fd9f59-f3dd/cd15b695-8477-4972-b98b-3d198c6e1e5b/v2/es-CL/_next/static/chunks/framework-4ee3d8ce59863f3e.js:0:168013)
    at <anonymous> (https://i5.walmartimages.cl/dfw/63fd9f59-f3dd/cd15b695-8477-4972-b98b-3d198c6e1e5b/v2/es-CL/_next/static/chunks/framework-4ee3d8ce59863f3e.js:0:167880)
    at uI (https://i5.walmartimages.cl/dfw/63fd9f59-f3dd/cd15b695-8477-4972-b98b-3d198c6e1e5b/v2/es-CL/_next/static/chunks/framework-4ee3d8ce59863f3e.js:0:167887)
    at ux (https://i5.walmartimages.cl/dfw/63fd9f59-f3dd/cd15b695-8477-4972-b98b-3d198c6e1e5b/v2/es-CL/_next/static/chunks/framework-4ee3d8ce59863f3e.js:0:162926)
    at x (https://i5.walmartimages.cl/dfw/63fd9f59-f3dd/cd15b695-8477-4972-b98b-3d198c6e1e5b/v2/es-CL/_next/static/chunks/framework-4ee3d8ce59863f3e.js:0:206724)
    at R (https://i5.walmartimages.cl/dfw/63fd9f59-f3dd/cd15b695-8477-4972-b98b-3d198c6e1e5b/v2/es-CL/_next/static/chunks/framework-4ee3d8ce59863f3e.js:0:207254)
[  272385ms] Uncaught Error: Minified React error #418; visit https://reactjs.org/docs/error-decoder.html?invariant=418 for the full message or use the non-minified dev environment for full errors and additional helpful warnings.
    at ag (https://i5.walmartimages.cl/dfw/63fd9f59-f3dd/cd15b695-8477-4972-b98b-3d198c6e1e5b/v2/es-CL/_next/static/chunks/framework-4ee3d8ce59863f3e.js:0:115399)
    at i (https://i5.walmartimages.cl/dfw/63fd9f59-f3dd/cd15b695-8477-4972-b98b-3d198c6e1e5b/v2/es-CL/_next/static/chunks/framework-4ee3d8ce59863f3e.js:0:190046)
    at uD (https://i5.walmartimages.cl/dfw/63fd9f59-f3dd/cd15b695-8477-4972-b98b-3d198c6e1e5b/v2/es-CL/_next/static/chunks/framework-4ee3d8ce59863f3e.js:0:168013)
    at <anonymous> (https://i5.walmartimages.cl/dfw/63fd9f59-f3dd/cd15b695-8477-4972-b98b-3d198c6e1e5b/v2/es-CL/_next/static/chunks/framework-4ee3d8ce59863f3e.js:0:167880)
    at uI (https://i5.walmartimages.cl/dfw/63fd9f59-f3dd/cd15b695-8477-4972-b98b-3d198c6e1e5b/v2/es-CL/_next/static/chunks/framework-4ee3d8ce59863f3e.js:0:167887)
    at ux (https://i5.walmartimages.cl/dfw/63fd9f59-f3dd/cd15b695-8477-4972-b98b-3d198c6e1e5b/v2/es-CL/_next/static/chunks/framework-4ee3d8ce59863f3e.js:0:162926)
    at x (https://i5.walmartimages.cl/dfw/63fd9f59-f3dd/cd15b695-8477-4972-b98b-3d198c6e1e5b/v2/es-CL/_next/static/chunks/framework-4ee3d8ce59863f3e.js:0:206724)
    at R (https://i5.walmartimages.cl/dfw/63fd9f59-f3dd/cd15b695-8477-4972-b98b-3d198c6e1e5b/v2/es-CL/_next/static/chunks/framework-4ee3d8ce59863f3e.js:0:207254)
[  272385ms] Uncaught Error: Minified React error #418; visit https://reactjs.org/docs/error-decoder.html?invariant=418 for the full message or use the non-minified dev environment for full errors and additional helpful warnings.
    at ag (https://i5.walmartimages.cl/dfw/63fd9f59-f3dd/cd15b695-8477-4972-b98b-3d198c6e1e5b/v2/es-CL/_next/static/chunks/framework-4ee3d8ce59863f3e.js:0:115399)
    at i (https://i5.walmartimages.cl/dfw/63fd9f59-f3dd/cd15b695-8477-4972-b98b-3d198c6e1e5b/v2/es-CL/_next/static/chunks/framework-4ee3d8ce59863f3e.js:0:190046)
    at uD (https://i5.walmartimages.cl/dfw/63fd9f59-f3dd/cd15b695-8477-4972-b98b-3d198c6e1e5b/v2/es-CL/_next/static/chunks/framework-4ee3d8ce59863f3e.js:0:168013)
    at <anonymous> (https://i5.walmartimages.cl/dfw/63fd9f59-f3dd/cd15b695-8477-4972-b98b-3d198c6e1e5b/v2/es-CL/_next/static/chunks/framework-4ee3d8ce59863f3e.js:0:167880)
    at uI (https://i5.walmartimages.cl/dfw/63fd9f59-f3dd/cd15b695-8477-4972-b98b-3d198c6e1e5b/v2/es-CL/_next/static/chunks/framework-4ee3d8ce59863f3e.js:0:167887)
    at ux (https://i5.walmartimages.cl/dfw/63fd9f59-f3dd/cd15b695-8477-4972-b98b-3d198c6e1e5b/v2/es-CL/_next/static/chunks/framework-4ee3d8ce59863f3e.js:0:162926)
    at x (https://i5.walmartimages.cl/dfw/63fd9f59-f3dd/cd15b695-8477-4972-b98b-3d198c6e1e5b/v2/es-CL/_next/static/chunks/framework-4ee3d8ce59863f3e.js:0:206724)
    at R (https://i5.walmartimages.cl/dfw/63fd9f59-f3dd/cd15b695-8477-4972-b98b-3d198c6e1e5b/v2/es-CL/_next/static/chunks/framework-4ee3d8ce59863f3e.js:0:207254)
[  272385ms] Uncaught Error: Minified React error #423; visit https://reactjs.org/docs/error-decoder.html?invariant=423 for the full message or use the non-minified dev environment for full errors and additional helpful warnings.
    at i (https://i5.walmartimages.cl/dfw/63fd9f59-f3dd/cd15b695-8477-4972-b98b-3d198c6e1e5b/v2/es-CL/_next/static/chunks/framework-4ee3d8ce59863f3e.js:0:189715)
    at uD (https://i5.walmartimages.cl/dfw/63fd9f59-f3dd/cd15b695-8477-4972-b98b-3d198c6e1e5b/v2/es-CL/_next/static/chunks/framework-4ee3d8ce59863f3e.js:0:168013)
    at <anonymous> (https://i5.walmartimages.cl/dfw/63fd9f59-f3dd/cd15b695-8477-4972-b98b-3d198c6e1e5b/v2/es-CL/_next/static/chunks/framework-4ee3d8ce59863f3e.js:0:167880)
    at uI (https://i5.walmartimages.cl/dfw/63fd9f59-f3dd/cd15b695-8477-4972-b98b-3d198c6e1e5b/v2/es-CL/_next/static/chunks/framework-4ee3d8ce59863f3e.js:0:167887)
    at uE (https://i5.walmartimages.cl/dfw/63fd9f59-f3dd/cd15b695-8477-4972-b98b-3d198c6e1e5b/v2/es-CL/_next/static/chunks/framework-4ee3d8ce59863f3e.js:0:164639)
    at ux (https://i5.walmartimages.cl/dfw/63fd9f59-f3dd/cd15b695-8477-4972-b98b-3d198c6e1e5b/v2/es-CL/_next/static/chunks/framework-4ee3d8ce59863f3e.js:0:163194)
    at x (https://i5.walmartimages.cl/dfw/63fd9f59-f3dd/cd15b695-8477-4972-b98b-3d198c6e1e5b/v2/es-CL/_next/static/chunks/framework-4ee3d8ce59863f3e.js:0:206724)
    at R (https://i5.walmartimages.cl/dfw/63fd9f59-f3dd/cd15b695-8477-4972-b98b-3d198c6e1e5b/v2/es-CL/_next/static/chunks/framework-4ee3d8ce59863f3e.js:0:207254)
[  272831ms] [ERROR] Loading the image 'https://cm-exchange.toast.com/pixel?cm_pid=1570163526&cm_puid=nLlrLWhNOFj04v2onv1U1-tpDEDE4IvitA2EGTr6sAM&toast_push' violates the following Content Security Policy directive: "img-src 'self' *.azureedge.net *.bazaarvoice.com *.criteo.com *.digital-cloud-west.medallia.com *.digital-cloud.medallia.com *.doubleclick.net *.doubleverify.com *.google-analytics.com *.google.com.mx *.googleadservices.com *.googlesyndication.com *.googletagmanager.com *.imrworldwide.com *.instaleap.io *.kampyle.co *.kampyle.com *.lider.cl *.online-metrix.net *.px-cdn.net *.px-cloud.net *.sams.com.mx *.stylitics.com *.wal.co *.walmart.com.mx *.walmartimages.cl *.walmartimages.com *.youtube.com 1d81e75c4337a6e2e3c2-4a69748413de5fcbd7a7a944817c2356.ssl.cf1.rackcdn.com ad.doubleclick.net ads01.groovinads.com advertising.walmart.com analytics.google.com azmatch.adsrvr.org beacon-internal.walmart.com beacon-wmt.walmart.com beacon.affil.walmart.com beacon.beta-game.walmart.com beacon.beta.walmart.com beacon.bodegaea.com.mx beacon.classrooms.walmart.com beacon.despensa.bodegaaurrera.com.mx beacon.gm.lider.cl beacon.gr.lider.cl beacon.ondemand.bodegaaurrera.walmart.com beacon.photos.walmart.com beacon.savingscatcher.walmart.com beacon.stage.walmart.com beacon.super.lider.cl beacon.walmart.com beacon.walmart.com.mx beacon.www.bodegaaurrera.com.mx beacon.www.lider.cl beacon.www.sams.com.mx beacon.www.walmart.com.mx blob: c.bing.com cdn.doubleverify.com crs.midas.stg.prod.us.walmart.net crtormassetmguseprod.blob.core.windows.net cyborg-wm-auth-service-v2.jet.com data: drfdisvc.walmart.com dw.wmt.co fcc.flixcart.com googleads.g.doubleclick.net gum.criteo.com i.liadm.com i6.liadm.com ib.adnxs.com idsync.rlcdn.com in2.data.cloud.flipkart.net in3.data.cloud.flipkart.net ir.surveywall-api.survata.com maps.googleapis.com maps.gstatic.com monetisation-dsp.stage.walmart.com pixel.adsafeprotected.com receipts-query-wm-stg0.edge.walmart.com receipts-query.edge.walmart.com res.cloudinary.com s0.2mdn.net secure.adnxs.com securepubads.g.doubleclick.net static.adsafeprotected.com sync.mathtag.com t.myvisualiq.net tap.walmart.com tpc.googlesyndication.com us.creativecdn.com wrd.walmart.com www.facebook.com www.gstatic.com". The action has been blocked. @ https://super.lider.cl/search?action=SignIn&rm=true&q=pollo+marinado+trutro:0
[  274566ms] [ERROR] Loading the image 'https://cs.gssprt.jp/yie/ld/cs?dspid=rtbhouse&uid=nLlrLWhNOFj04v2onv1U1-tpDEDE4IvitA2EGTr6sAM' violates the following Content Security Policy directive: "img-src 'self' *.azureedge.net *.bazaarvoice.com *.criteo.com *.digital-cloud-west.medallia.com *.digital-cloud.medallia.com *.doubleclick.net *.doubleverify.com *.google-analytics.com *.google.com.mx *.googleadservices.com *.googlesyndication.com *.googletagmanager.com *.imrworldwide.com *.instaleap.io *.kampyle.co *.kampyle.com *.lider.cl *.online-metrix.net *.px-cdn.net *.px-cloud.net *.sams.com.mx *.stylitics.com *.wal.co *.walmart.com.mx *.walmartimages.cl *.walmartimages.com *.youtube.com 1d81e75c4337a6e2e3c2-4a69748413de5fcbd7a7a944817c2356.ssl.cf1.rackcdn.com ad.doubleclick.net ads01.groovinads.com advertising.walmart.com analytics.google.com azmatch.adsrvr.org beacon-internal.walmart.com beacon-wmt.walmart.com beacon.affil.walmart.com beacon.beta-game.walmart.com beacon.beta.walmart.com beacon.bodegaea.com.mx beacon.classrooms.walmart.com beacon.despensa.bodegaaurrera.com.mx beacon.gm.lider.cl beacon.gr.lider.cl beacon.ondemand.bodegaaurrera.walmart.com beacon.photos.walmart.com beacon.savingscatcher.walmart.com beacon.stage.walmart.com beacon.super.lider.cl beacon.walmart.com beacon.walmart.com.mx beacon.www.bodegaaurrera.com.mx beacon.www.lider.cl beacon.www.sams.com.mx beacon.www.walmart.com.mx blob: c.bing.com cdn.doubleverify.com crs.midas.stg.prod.us.walmart.net crtormassetmguseprod.blob.core.windows.net cyborg-wm-auth-service-v2.jet.com data: drfdisvc.walmart.com dw.wmt.co fcc.flixcart.com googleads.g.doubleclick.net gum.criteo.com i.liadm.com i6.liadm.com ib.adnxs.com idsync.rlcdn.com in2.data.cloud.flipkart.net in3.data.cloud.flipkart.net ir.surveywall-api.survata.com maps.googleapis.com maps.gstatic.com monetisation-dsp.stage.walmart.com pixel.adsafeprotected.com receipts-query-wm-stg0.edge.walmart.com receipts-query.edge.walmart.com res.cloudinary.com s0.2mdn.net secure.adnxs.com securepubads.g.doubleclick.net static.adsafeprotected.com sync.mathtag.com t.myvisualiq.net tap.walmart.com tpc.googlesyndication.com us.creativecdn.com wrd.walmart.com www.facebook.com www.gstatic.com". The action has been blocked. @ https://super.lider.cl/search?action=SignIn&rm=true&q=pollo+marinado+trutro&facet=fulfillment_method%3ADelivery:0
