INFO peer.autoresearch.multirun: [multirun] running recipe N=5
INFO peer.eval.cross_run: [cross_run] run 1/5
[eval] 1/7 https://github.com/django/django/pull/16603
[eval] 2/7 https://github.com/django/django/pull/17147
[eval] 3/7 https://github.com/pydantic/pydantic/pull/8059
[eval] 4/7 https://github.com/pydantic/pydantic/pull/7900
[eval] 5/7 https://github.com/django/django/pull/17256
INFO peer.agent: Gathered PR context for https://github.com/pydantic/pydantic/pull/7900: 3 hunks, ~3046 tokens
INFO peer.agent: Gathered PR context for https://github.com/django/django/pull/17256: 6 hunks, ~3687 tokens
INFO peer.agent: Gathered PR context for https://github.com/pydantic/pydantic/pull/8059: 5 hunks, ~4741 tokens
INFO peer.agent: Gathered codebase context: 0 symbols, 0 call sites, 1 tests, 0 untested, 0 linter findings, ~1812 tokens
INFO peer.agent: Gathered PR context for https://github.com/django/django/pull/17147: 10 hunks, ~10572 tokens
INFO peer.agent: Gathered PR context for https://github.com/django/django/pull/16603: 11 hunks, ~9192 tokens
INFO peer.agent: Gathered codebase context: 3 symbols, 10 call sites, 1 tests, 0 untested, 0 linter findings, ~2761 tokens
INFO peer.agent: Gathered codebase context: 13 symbols, 7 call sites, 2 tests, 0 untested, 0 linter findings, ~3381 tokens
INFO peer.agent: Gathered codebase context: 20 symbols, 11 call sites, 2 tests, 7 untested, 0 linter findings, ~3402 tokens
INFO peer.agent: Gathered codebase context: 19 symbols, 6 call sites, 2 tests, 7 untested, 0 linter findings, ~2874 tokens
[eval] 6/7 https://github.com/django/django/pull/16746
INFO peer.agent: Gathered PR context for https://github.com/django/django/pull/16746: 6 hunks, ~4698 tokens
INFO peer.agent: Gathered codebase context: 9 symbols, 10 call sites, 3 tests, 1 untested, 0 linter findings, ~5213 tokens
[eval] 7/7 https://github.com/pydantic/pydantic/pull/7677
INFO peer.agent: Gathered PR context for https://github.com/pydantic/pydantic/pull/7677: 12 hunks, ~7226 tokens
INFO peer.agent: Gathered codebase context: 16 symbols, 7 call sites, 0 tests, 11 untested, 0 linter findings, ~1467 tokens
